Archive member included because of file (symbol)

c:/freescale/kds_3.0.0/toolchain/bin/../lib/gcc/arm-none-eabi/4.8.4/../../../../arm-none-eabi/lib/armv7e-m/fpu\libstdc++_s.a(class_type_info.o)
                              ./Sources/Arduino/Print.o (vtable for __cxxabiv1::__class_type_info)
c:/freescale/kds_3.0.0/toolchain/bin/../lib/gcc/arm-none-eabi/4.8.4/../../../../arm-none-eabi/lib/armv7e-m/fpu\libstdc++_s.a(si_class_type_info.o)
                              ./Sources/SD/utility/SdFile.o (vtable for __cxxabiv1::__si_class_type_info)
c:/freescale/kds_3.0.0/toolchain/bin/../lib/gcc/arm-none-eabi/4.8.4/../../../../arm-none-eabi/lib/armv7e-m/fpu\libstdc++_s.a(pure.o)
                              ./Sources/SD/File.o (__cxa_pure_virtual)
c:/freescale/kds_3.0.0/toolchain/bin/../lib/gcc/arm-none-eabi/4.8.4/../../../../arm-none-eabi/lib/armv7e-m/fpu\libstdc++_s.a(eh_terminate.o)
                              c:/freescale/kds_3.0.0/toolchain/bin/../lib/gcc/arm-none-eabi/4.8.4/../../../../arm-none-eabi/lib/armv7e-m/fpu\libstdc++_s.a(pure.o) (std::terminate())
c:/freescale/kds_3.0.0/toolchain/bin/../lib/gcc/arm-none-eabi/4.8.4/../../../../arm-none-eabi/lib/armv7e-m/fpu\libstdc++_s.a(tinfo.o)
                              c:/freescale/kds_3.0.0/toolchain/bin/../lib/gcc/arm-none-eabi/4.8.4/../../../../arm-none-eabi/lib/armv7e-m/fpu\libstdc++_s.a(class_type_info.o) (std::type_info::~type_info())
c:/freescale/kds_3.0.0/toolchain/bin/../lib/gcc/arm-none-eabi/4.8.4/../../../../arm-none-eabi/lib/armv7e-m/fpu\libstdc++_s.a(eh_unex_handler.o)
                              c:/freescale/kds_3.0.0/toolchain/bin/../lib/gcc/arm-none-eabi/4.8.4/../../../../arm-none-eabi/lib/armv7e-m/fpu\libstdc++_s.a(eh_terminate.o) (__cxxabiv1::__unexpected_handler)
c:/freescale/kds_3.0.0/toolchain/bin/../lib/gcc/arm-none-eabi/4.8.4/../../../../arm-none-eabi/lib/armv7e-m/fpu\libstdc++_s.a(eh_term_handler.o)
                              c:/freescale/kds_3.0.0/toolchain/bin/../lib/gcc/arm-none-eabi/4.8.4/../../../../arm-none-eabi/lib/armv7e-m/fpu\libstdc++_s.a(eh_terminate.o) (__cxxabiv1::__terminate_handler)
c:/freescale/kds_3.0.0/toolchain/bin/../lib/gcc/arm-none-eabi/4.8.4/../../../../arm-none-eabi/lib/armv7e-m/fpu\libstdc++_s.a(vterminate.o)
                              c:/freescale/kds_3.0.0/toolchain/bin/../lib/gcc/arm-none-eabi/4.8.4/../../../../arm-none-eabi/lib/armv7e-m/fpu\libstdc++_s.a(eh_term_handler.o) (__gnu_cxx::__verbose_terminate_handler())
c:/freescale/kds_3.0.0/toolchain/bin/../lib/gcc/arm-none-eabi/4.8.4/../../../../arm-none-eabi/lib/armv7e-m/fpu\libstdc++_s.a(eh_type.o)
                              c:/freescale/kds_3.0.0/toolchain/bin/../lib/gcc/arm-none-eabi/4.8.4/../../../../arm-none-eabi/lib/armv7e-m/fpu\libstdc++_s.a(vterminate.o) (__cxa_current_exception_type)
c:/freescale/kds_3.0.0/toolchain/bin/../lib/gcc/arm-none-eabi/4.8.4/../../../../arm-none-eabi/lib/armv7e-m/fpu\libstdc++_s.a(cp-demangle.o)
                              c:/freescale/kds_3.0.0/toolchain/bin/../lib/gcc/arm-none-eabi/4.8.4/../../../../arm-none-eabi/lib/armv7e-m/fpu\libstdc++_s.a(vterminate.o) (__cxa_demangle)
c:/freescale/kds_3.0.0/toolchain/bin/../lib/gcc/arm-none-eabi/4.8.4/../../../../arm-none-eabi/lib/armv7e-m/fpu\libstdc++_s.a(eh_globals.o)
                              c:/freescale/kds_3.0.0/toolchain/bin/../lib/gcc/arm-none-eabi/4.8.4/../../../../arm-none-eabi/lib/armv7e-m/fpu\libstdc++_s.a(eh_type.o) (__cxa_get_globals)
c:/freescale/kds_3.0.0/toolchain/bin/../lib/gcc/arm-none-eabi/4.8.4/../../../../arm-none-eabi/lib/armv7e-m/fpu\libm.a(lib_a-s_fpclassify.o)
                              ./Sources/Arduino/Print.o (__fpclassifyd)
c:/freescale/kds_3.0.0/toolchain/bin/../lib/gcc/arm-none-eabi/4.8.4/armv7e-m/fpu\libgcc.a(_arm_addsubdf3.o)
                              ./Sources/Arduino/Print.o (__aeabi_dsub)
c:/freescale/kds_3.0.0/toolchain/bin/../lib/gcc/arm-none-eabi/4.8.4/armv7e-m/fpu\libgcc.a(_arm_muldivdf3.o)
                              ./Sources/Arduino/Print.o (__aeabi_dmul)
c:/freescale/kds_3.0.0/toolchain/bin/../lib/gcc/arm-none-eabi/4.8.4/armv7e-m/fpu\libgcc.a(_arm_cmpdf2.o)
                              ./Sources/Arduino/Print.o (__aeabi_dcmplt)
c:/freescale/kds_3.0.0/toolchain/bin/../lib/gcc/arm-none-eabi/4.8.4/armv7e-m/fpu\libgcc.a(_arm_fixdfsi.o)
                              ./Sources/Arduino/Print.o (__aeabi_d2iz)
c:/freescale/kds_3.0.0/toolchain/bin/../lib/gcc/arm-none-eabi/4.8.4/armv7e-m/fpu\libgcc.a(_arm_fixunsdfsi.o)
                              ./Sources/Arduino/Print.o (__aeabi_d2uiz)
c:/freescale/kds_3.0.0/toolchain/bin/../lib/gcc/arm-none-eabi/4.8.4/armv7e-m/fpu\libgcc.a(_arm_truncdfsf2.o)
                              ./Sources/Arduino/Stream.o (__aeabi_d2f)
c:/freescale/kds_3.0.0/toolchain/bin/../lib/gcc/arm-none-eabi/4.8.4/armv7e-m/fpu\libgcc.a(unwind-arm.o)
                              ./Sources/SD/utility/Sd2Card.o (__aeabi_unwind_cpp_pr0)
[...]
Memory Configuration

Name             Origin             Length             Attributes
m_interrupts     0x00000000         0x00000198         xr
m_text           0x00000410         0x0001fbf0         xr
m_data_1FFFE000  0x1fffe000         0x00002000         rw
m_data           0x20000000         0x00004000         rw
m_cfmprotrom     0x00000400         0x00000010         xr
*default*        0x00000000         0xffffffff

Linker script and memory map

LOAD c:/freescale/kds_3.0.0/toolchain/bin/../lib/gcc/arm-none-eabi/4.8.4/armv7e-m/fpu/crti.o
LOAD c:/freescale/kds_3.0.0/toolchain/bin/../lib/gcc/arm-none-eabi/4.8.4/armv7e-m/fpu/crtbegin.o
LOAD c:/freescale/kds_3.0.0/toolchain/bin/../lib/gcc/arm-none-eabi/4.8.4/../../../../arm-none-eabi/lib/armv7e-m/fpu/crt0.o
LOAD ./Static_Code/System/CPU_Init.o
LOAD ./Static_Code/System/Peripherals_Init.o
LOAD ./Static_Code/System/Vectors.o
LOAD ./Sources/SPI/SPI.o
LOAD ./Sources/SD/utility/Sd2Card.o
LOAD ./Sources/SD/utility/SdFile.o
LOAD ./Sources/SD/utility/SdVolume.o
LOAD ./Sources/SD/File.o
LOAD ./Sources/SD/SD.o
LOAD ./Sources/HAL/HAL_Delay.o
LOAD ./Sources/HAL/HAL_Flash.o
LOAD ./Sources/HAL/HAL_GPIO.o
LOAD ./Sources/HAL/HAL_SD.o
LOAD ./Sources/HAL/HAL_Timer_Millis.o
LOAD ./Sources/HAL/HAL_UART.o
LOAD ./Sources/Console/Command_Parser.o
LOAD ./Sources/Console/Console.o
LOAD ./Sources/Arduino/Print.o
LOAD ./Sources/Arduino/Stream.o
LOAD ./Sources/Arduino/WMath.o
LOAD ./Sources/Arduino/new.o
LOAD ./Sources/Events.o
LOAD ./Sources/bootloader.o
LOAD ./Sources/main.o
LOAD ./Project_Settings/Startup_Code/startup.o
LOAD ./Generated_Code/ASerialLdd1.o
LOAD ./Generated_Code/BL_SW.o
LOAD ./Generated_Code/BitIoLdd1.o
LOAD ./Generated_Code/Cpu.o
LOAD ./Generated_Code/FLASH.o
LOAD ./Generated_Code/LEDGreen.o
LOAD ./Generated_Code/LEDRed.o
LOAD ./Generated_Code/PE_LDD.o
LOAD ./Generated_Code/SDCS.o
LOAD ./Generated_Code/SPI_SD.o
LOAD ./Generated_Code/TU1.o
LOAD ./Generated_Code/TimerMillis.o
LOAD ./Generated_Code/UART.o
LOAD ./Generated_Code/WAIT1.o
LOAD ./Generated_Code/pin_mux.o
LOAD c:/freescale/kds_3.0.0/toolchain/bin/../lib/gcc/arm-none-eabi/4.8.4/../../../../arm-none-eabi/lib/armv7e-m/fpu\libstdc++_s.a
LOAD c:/freescale/kds_3.0.0/toolchain/bin/../lib/gcc/arm-none-eabi/4.8.4/../../../../arm-none-eabi/lib/armv7e-m/fpu\libm.a
START GROUP
LOAD c:/freescale/kds_3.0.0/toolchain/bin/../lib/gcc/arm-none-eabi/4.8.4/armv7e-m/fpu\libgcc.a
LOAD c:/freescale/kds_3.0.0/toolchain/bin/../lib/gcc/arm-none-eabi/4.8.4/../../../../arm-none-eabi/lib/armv7e-m/fpu\libg_s.a
LOAD c:/freescale/kds_3.0.0/toolchain/bin/../lib/gcc/arm-none-eabi/4.8.4/../../../../arm-none-eabi/lib/armv7e-m/fpu\libc_s.a
END GROUP
START GROUP
LOAD c:/freescale/kds_3.0.0/toolchain/bin/../lib/gcc/arm-none-eabi/4.8.4/armv7e-m/fpu\libgcc.a
LOAD c:/freescale/kds_3.0.0/toolchain/bin/../lib/gcc/arm-none-eabi/4.8.4/../../../../arm-none-eabi/lib/armv7e-m/fpu\libc_s.a
LOAD c:/freescale/kds_3.0.0/toolchain/bin/../lib/gcc/arm-none-eabi/4.8.4/../../../../arm-none-eabi/lib/armv7e-m/fpu\libnosys.a
END GROUP
START GROUP
LOAD c:/freescale/kds_3.0.0/toolchain/bin/../lib/gcc/arm-none-eabi/4.8.4/armv7e-m/fpu\libgcc.a
LOAD c:/freescale/kds_3.0.0/toolchain/bin/../lib/gcc/arm-none-eabi/4.8.4/../../../../arm-none-eabi/lib/armv7e-m/fpu\libc_s.a
LOAD c:/freescale/kds_3.0.0/toolchain/bin/../lib/gcc/arm-none-eabi/4.8.4/../../../../arm-none-eabi/lib/armv7e-m/fpu\libnosys.a
END GROUP
LOAD c:/freescale/kds_3.0.0/toolchain/bin/../lib/gcc/arm-none-eabi/4.8.4/armv7e-m/fpu/crtend.o
LOAD c:/freescale/kds_3.0.0/toolchain/bin/../lib/gcc/arm-none-eabi/4.8.4/armv7e-m/fpu/crtn.o
                0x20004000                _estack = 0x20004000
                0x20004000                __SP_INIT = _estack
                0x20004000                __stack = _estack
                0x00000000                __heap_size = 0x0
                0x00000400                __stack_size = 0x400

.interrupts     0x00000000      0x198
                0x00000000                __vector_table = .
                0x00000000                . = ALIGN (0x4)
 *(.vectortable)
 .vectortable   0x00000000      0x198 ./Static_Code/System/Vectors.o
                0x00000000                __vect_table
                0x00000198                . = ALIGN (0x4)

.cfmprotect     0x00000400       0x10
                0x00000400                . = ALIGN (0x4)
 *(.cfmconfig)
 .cfmconfig     0x00000400       0x10 ./Static_Code/System/CPU_Init.o
                0x00000400                _cfm
                0x00000410                . = ALIGN (0x4)

.text           0x00000410     0x55e4
                0x00000410                . = ALIGN (0x4)
 *(.text)
 .text          0x00000410       0x54 c:/freescale/kds_3.0.0/toolchain/bin/../lib/gcc/arm-none-eabi/4.8.4/armv7e-m/fpu/crtbegin.o
 .text          0x00000464       0x74 c:/freescale/kds_3.0.0/toolchain/bin/../lib/gcc/arm-none-eabi/4.8.4/../../../../arm-none-eabi/lib/armv7e-m/fpu/crt0.o
                0x00000464                _start
                0x00000464                _mainCRTStartup
 .text          0x000004d8      0xa1c c:/freescale/kds_3.0.0/toolchain/bin/../lib/gcc/arm-none-eabi/4.8.4/armv7e-m/fpu\libgcc.a(unwind-arm.o)
                0x000007bc                _Unwind_GetCFA
                0x000007c0                __gnu_Unwind_RaiseException
                0x00000820                __gnu_Unwind_ForcedUnwind
                0x00000834                __gnu_Unwind_Resume
                0x00000878                __gnu_Unwind_Resume_or_Rethrow
                0x00000888                _Unwind_Complete
                0x0000088c                _Unwind_DeleteException
                0x0000089c                _Unwind_VRS_Get
                0x000008ec                _Unwind_VRS_Set
                0x0000093c                __gnu_Unwind_Backtrace
                0x00000c90                __aeabi_unwind_cpp_pr0
                0x00000c98                __aeabi_unwind_cpp_pr1
                0x00000ca0                __aeabi_unwind_cpp_pr2
                0x00000ca8                _Unwind_VRS_Pop
 .text          0x00000ef4      0x1ac c:/freescale/kds_3.0.0/toolchain/bin/../lib/gcc/arm-none-eabi/4.8.4/armv7e-m/fpu\libgcc.a(libunwind.o)
                0x00000ef4                __restore_core_regs
                0x00000ef4                restore_core_regs
                0x00000f0c                __gnu_Unwind_Restore_VFP
                0x00000f14                __gnu_Unwind_Save_VFP
                0x00000f1c                __gnu_Unwind_Restore_VFP_D
                0x00000f24                __gnu_Unwind_Save_VFP_D
                0x00000f2c                __gnu_Unwind_Restore_VFP_D_16_to_31
                0x00000f34                __gnu_Unwind_Save_VFP_D_16_to_31
                0x00000f3c                __gnu_Unwind_Restore_WMMXD
                0x00000f80                __gnu_Unwind_Save_WMMXD
                0x00000fc4                __gnu_Unwind_Restore_WMMXC
                0x00000fd8                __gnu_Unwind_Save_WMMXC
                0x00000fec                ___Unwind_RaiseException
                0x00000fec                _Unwind_RaiseException
                0x00001010                _Unwind_Resume
                0x00001010                ___Unwind_Resume
                0x00001034                _Unwind_Resume_or_Rethrow
                0x00001034                ___Unwind_Resume_or_Rethrow
                0x00001058                _Unwind_ForcedUnwind
                0x00001058                ___Unwind_ForcedUnwind
                0x0000107c                ___Unwind_Backtrace
                0x0000107c                _Unwind_Backtrace
 .text          0x000010a0      0x33c c:/freescale/kds_3.0.0/toolchain/bin/../lib/gcc/arm-none-eabi/4.8.4/armv7e-m/fpu\libgcc.a(pr-support.o)
                0x000010f4                __gnu_unwind_execute
                0x00001380                __gnu_unwind_frame
                0x000013ac                _Unwind_GetRegionStart
                0x000013b8                _Unwind_GetLanguageSpecificData
                0x000013cc                _Unwind_GetDataRelBase
                0x000013d4                _Unwind_GetTextRelBase
 .text          0x000013dc       0x14 c:/freescale/kds_3.0.0/toolchain/bin/../lib/gcc/arm-none-eabi/4.8.4/../../../../arm-none-eabi/lib/armv7e-m/fpu\libg_s.a(lib_a-strcmp.o)
                0x000013dc                strcmp
 *(.text*)
 .text.PE_low_level_init
                0x000013f0       0x38 ./Static_Code/System/CPU_Init.o
                0x000013f0                PE_low_level_init
 .text.CPU_GetClockGenMode
                0x00001428       0x44 ./Static_Code/System/CPU_Init.o
                0x00001428                CPU_GetClockGenMode
 .text.CPU_SetClockConfigGenMode
                0x0000146c      0x264 ./Static_Code/System/CPU_Init.o
                0x0000146c                CPU_SetClockConfigGenMode
 .text.__init_hardware
                0x000016d0       0x64 ./Static_Code/System/CPU_Init.o
                0x000016d0                __init_hardware
 .text.CPU_SystemReset
                0x00001734       0x18 ./Static_Code/System/CPU_Init.o
                0x00001734                CPU_SystemReset
 .text.UnhandledInterrupt
                0x0000174c       0x14 ./Static_Code/System/Vectors.o
                0x0000174c                UnhandledInterrupt
 .text._ZN8SPIClass5beginEv
                0x00001760        0x4 ./Sources/SPI/SPI.o
                0x00001760                SPIClass::begin()
 .text._ZN8SPIClass8transferEh
                0x00001764        0xc ./Sources/SPI/SPI.o
                0x00001764                SPIClass::transfer(unsigned char)
 .text._ZL6spiRecv
                0x00001770        0x6 ./Sources/SD/utility/Sd2Card.o
 .text._ZN7Sd2Card7readEndEv
                0x00001776       0x28 ./Sources/SD/utility/Sd2Card.o
                0x00001776                Sd2Card::readEnd()
 .text._ZN7Sd2Card11waitNotBusyEt
                0x0000179e       0x24 ./Sources/SD/utility/Sd2Card.o
                0x0000179e                Sd2Card::waitNotBusy(unsigned short)
 .text._ZN7Sd2Card11cardCommandEhm
                0x000017c2       0x5e ./Sources/SD/utility/Sd2Card.o
                0x000017c2                Sd2Card::cardCommand(unsigned char, unsigned long)
 .text._ZN7Sd2Card4initEv
                0x00001820       0xfa ./Sources/SD/utility/Sd2Card.o
                0x00001820                Sd2Card::init()
 .text._ZN7Sd2Card14waitStartBlockEv
                0x0000191a       0x3c ./Sources/SD/utility/Sd2Card.o
                0x0000191a                Sd2Card::waitStartBlock()
 .text._ZN7Sd2Card8readDataEmttPh
                0x00001956       0xa2 ./Sources/SD/utility/Sd2Card.o
                0x00001956                Sd2Card::readData(unsigned long, unsigned short, unsigned short, unsigned char*)
 .text._ZN7Sd2Card9readBlockEmPh
                0x000019f8       0x14 ./Sources/SD/utility/Sd2Card.o
                0x000019f8                Sd2Card::readBlock(unsigned long, unsigned char*)
 .text._ZN7Sd2Card9writeDataEhPKh
                0x00001a0c       0x46 ./Sources/SD/utility/Sd2Card.o
                0x00001a0c                Sd2Card::writeData(unsigned char, unsigned char const*)
 .text._ZN7Sd2Card10writeBlockEmPKh
                0x00001a52       0x68 ./Sources/SD/utility/Sd2Card.o
                0x00001a52                Sd2Card::writeBlock(unsigned long, unsigned char const*)
 .text._ZN6SdFile10addClusterEv
                0x00001aba       0x26 ./Sources/SD/utility/SdFile.o
                0x00001aba                SdFile::addCluster()
 .text._ZN6SdFile13addDirClusterEv
                0x00001ae0       0x46 ./Sources/SD/utility/SdFile.o
                0x00001ae0                SdFile::addDirCluster()
 *fill*         0x00001b26        0x2 
 .text._ZN6SdFile13cacheDirEntryEh
                0x00001b28       0x1c ./Sources/SD/utility/SdFile.o
                0x00001b28                SdFile::cacheDirEntry(unsigned char)
 .text._ZN6SdFile7dirNameERK14directoryEntryPc
                0x00001b44       0x2e ./Sources/SD/utility/SdFile.o
                0x00001b44                SdFile::dirName(directoryEntry const&, char*)
 *fill*         0x00001b72        0x2 
 .text._ZN6SdFile10make83NameEPKcPh
                0x00001b74       0x98 ./Sources/SD/utility/SdFile.o
                0x00001b74                SdFile::make83Name(char const*, unsigned char*)
 .text._ZN6SdFile8openRootEP8SdVolume
                0x00001c0c       0x50 ./Sources/SD/utility/SdFile.o
                0x00001c0c                SdFile::openRoot(SdVolume*)
 .text._ZN6SdFile4readEPvt
                0x00001c5c      0x104 ./Sources/SD/utility/SdFile.o
                0x00001c5c                SdFile::read(void*, unsigned short)
 .text._ZN6SdFile7readDirEP14directoryEntry
                0x00001d60       0x48 ./Sources/SD/utility/SdFile.o
                0x00001d60                SdFile::readDir(directoryEntry*)
 .text._ZN6SdFile12readDirCacheEv
                0x00001da8       0x44 ./Sources/SD/utility/SdFile.o
                0x00001da8                SdFile::readDirCache()
 .text._ZN6SdFile7seekSetEm
                0x00001dec       0x5e ./Sources/SD/utility/SdFile.o
                0x00001dec                SdFile::seekSet(unsigned long)
 *fill*         0x00001e4a        0x2 
 .text._ZN6SdFile4syncEv
                0x00001e4c       0x58 ./Sources/SD/utility/SdFile.o
                0x00001e4c                SdFile::sync()
 .text._ZN6SdFile5closeEv
                0x00001ea4       0x12 ./Sources/SD/utility/SdFile.o
                0x00001ea4                SdFile::close()
 *fill*         0x00001eb6        0x2 
 .text._ZN6SdFile8truncateEm
                0x00001eb8       0xb0 ./Sources/SD/utility/SdFile.o
                0x00001eb8                SdFile::truncate(unsigned long)
 .text._ZN6SdFile15openCachedEntryEhh
                0x00001f68       0x7c ./Sources/SD/utility/SdFile.o
                0x00001f68                SdFile::openCachedEntry(unsigned char, unsigned char)
 .text._ZN6SdFile4openEPS_PKch
                0x00001fe4      0x110 ./Sources/SD/utility/SdFile.o
                0x00001fe4                SdFile::open(SdFile*, char const*, unsigned char)
 .text._ZN6SdFile5writeEPKvt
                0x000020f4      0x194 ./Sources/SD/utility/SdFile.o
                0x000020f4                SdFile::write(void const*, unsigned short)
 .text._ZN6SdFile5writeEh
                0x00002288       0x16 ./Sources/SD/utility/SdFile.o
                0x00002288                SdFile::write(unsigned char)
 *fill*         0x0000229e        0x2 
 .text._ZN8SdVolume10cacheFlushEv
                0x000022a0       0x4c ./Sources/SD/utility/SdVolume.o
                0x000022a0                SdVolume::cacheFlush()
 .text._ZN8SdVolume13cacheRawBlockEmh
                0x000022ec       0x48 ./Sources/SD/utility/SdVolume.o
                0x000022ec                SdVolume::cacheRawBlock(unsigned long, unsigned char)
 .text._ZN8SdVolume14cacheZeroBlockEm
                0x00002334       0x38 ./Sources/SD/utility/SdVolume.o
                0x00002334                SdVolume::cacheZeroBlock(unsigned long)
 .text._ZNK8SdVolume6fatGetEmPm
                0x0000236c       0x64 ./Sources/SD/utility/SdVolume.o
                0x0000236c                SdVolume::fatGet(unsigned long, unsigned long*) const
 .text._ZNK8SdVolume9chainSizeEmPm
                0x000023d0       0x44 ./Sources/SD/utility/SdVolume.o
                0x000023d0                SdVolume::chainSize(unsigned long, unsigned long*) const
 .text._ZN8SdVolume6fatPutEmm
                0x00002414       0x84 ./Sources/SD/utility/SdVolume.o
                0x00002414                SdVolume::fatPut(unsigned long, unsigned long)
 .text._ZN8SdVolume15allocContiguousEmPm
                0x00002498       0xb4 ./Sources/SD/utility/SdVolume.o
                0x00002498                SdVolume::allocContiguous(unsigned long, unsigned long*)
 .text._ZN8SdVolume9freeChainEm
                0x0000254c       0x48 ./Sources/SD/utility/SdVolume.o
                0x0000254c                SdVolume::freeChain(unsigned long)
 .text._ZN8SdVolume4initEP7Sd2Cardh
                0x00002594       0xf0 ./Sources/SD/utility/SdVolume.o
                0x00002594                SdVolume::init(Sd2Card*, unsigned char)
 .text._ZN4File5writeEh
                0x00002684       0x16 ./Sources/SD/File.o
                0x00002684                File::write(unsigned char)
 .text._ZN4File5writeEPKhj
                0x0000269a       0x26 ./Sources/SD/File.o
                0x0000269a                File::write(unsigned char const*, unsigned int)
 .text._ZN4File5flushEv
                0x000026c0        0xa ./Sources/SD/File.o
                0x000026c0                File::flush()
 .text._ZN6SdFile4readEv
                0x000026ca       0x20 ./Sources/SD/File.o
                0x000026ca                SdFile::read()
 .text._ZN4File4readEv
                0x000026ea       0x12 ./Sources/SD/File.o
                0x000026ea                File::read()
 .text._ZN4File4peekEv
                0x000026fc       0x20 ./Sources/SD/File.o
                0x000026fc                File::peek()
 .text._ZN4FileC2E6SdFilePKc
                0x0000271c       0x50 ./Sources/SD/File.o
                0x0000271c                File::File(SdFile, char const*)
                0x0000271c                File::File(SdFile, char const*)
 .text._ZN4FileC2Ev
                0x0000276c       0x18 ./Sources/SD/File.o
                0x0000276c                File::File()
                0x0000276c                File::File()
 .text._ZN4File4nameEv
                0x00002784        0x4 ./Sources/SD/File.o
                0x00002784                File::name()
 .text._ZN4File11isDirectoryEv
                0x00002788       0x10 ./Sources/SD/File.o
                0x00002788                File::isDirectory()
 .text._ZN4File4readEPvt
                0x00002798        0xc ./Sources/SD/File.o
                0x00002798                File::read(void*, unsigned short)
 .text._ZN4File8positionEv
                0x000027a4        0xe ./Sources/SD/File.o
                0x000027a4                File::position()
 .text._ZN4File4sizeEv
                0x000027b2        0x8 ./Sources/SD/File.o
                0x000027b2                File::size()
 .text._ZN4File9availableEv
                0x000027ba       0x26 ./Sources/SD/File.o
                0x000027ba                File::available()
 .text._ZN4File5closeEv
                0x000027e0       0x18 ./Sources/SD/File.o
                0x000027e0                File::close()
 .text._ZN4FilecvbEv
                0x000027f8        0xe ./Sources/SD/File.o
                0x000027f8                File::operator bool()
 *fill*         0x00002806        0x2 
 .text._Z19callback_pathExistsR6SdFilePcbPv
                0x00002808       0x38 ./Sources/SD/SD.o
                0x00002808                callback_pathExists(SdFile&, char*, bool, void*)
 .text._Z20getNextPathComponentPcPjS_
                0x00002840       0x40 ./Sources/SD/SD.o
                0x00002840                getNextPathComponent(char*, unsigned int*, char*)
 .text._Z8walkPathPcR6SdFilePFbS1_S_bPvES2_
                0x00002880       0x9c ./Sources/SD/SD.o
                0x00002880                walkPath(char*, SdFile&, bool (*)(SdFile&, char*, bool, void*), void*)
 .text._ZN7SDClass5beginEv
                0x0000291c       0x4a ./Sources/SD/SD.o
                0x0000291c                SDClass::begin()
 *fill*         0x00002966        0x2 
 .text._ZN6SdFileC2ERKS_
                0x00002968       0x34 ./Sources/SD/SD.o
                0x00002968                SdFile::SdFile(SdFile const&)
                0x00002968                SdFile::SdFile(SdFile const&)
 .text._ZN7SDClass12getParentDirEPKcPi
                0x0000299c       0xb0 ./Sources/SD/SD.o
                0x0000299c                SDClass::getParentDir(char const*, int*)
 .text._ZN7SDClass4openEPKch
                0x00002a4c       0xa4 ./Sources/SD/SD.o
                0x00002a4c                SDClass::open(char const*, unsigned char)
 .text._ZN7SDClass6existsEPc
                0x00002af0       0x14 ./Sources/SD/SD.o
                0x00002af0                SDClass::exists(char*)
 .text._ZN4File12openNextFileEh
                0x00002b04       0x78 ./Sources/SD/SD.o
                0x00002b04                File::openNextFile(unsigned char)
 .text._ZN4File15rewindDirectoryEv
                0x00002b7c       0x14 ./Sources/SD/SD.o
                0x00002b7c                File::rewindDirectory()
 .text.startup._GLOBAL__sub_I__Z20getNextPathComponentPcPjS_
                0x00002b90       0x28 ./Sources/SD/SD.o
 .text._Z7DelayMst
                0x00002bb8       0x18 ./Sources/HAL/HAL_Delay.o
                0x00002bb8                DelayMs(unsigned short)
 .text._Z11Flash_Startv
                0x00002bd0       0x14 ./Sources/HAL/HAL_Flash.o
                0x00002bd0                Flash_Start()
 .text._Z11Flash_Erasemm
                0x00002be4       0x44 ./Sources/HAL/HAL_Flash.o
                0x00002be4                Flash_Erase(unsigned long, unsigned long)
 .text._Z11Flash_WritemPhm
                0x00002c28       0x34 ./Sources/HAL/HAL_Flash.o
                0x00002c28                Flash_Write(unsigned long, unsigned char*, unsigned long)
 .text._Z10GPIO_Startv
                0x00002c5c       0x18 ./Sources/HAL/HAL_GPIO.o
                0x00002c5c                GPIO_Start()
 .text._Z9SD_CS_Lowv
                0x00002c74        0xa ./Sources/HAL/HAL_GPIO.o
                0x00002c74                SD_CS_Low()
 .text._Z10SD_CS_Highv
                0x00002c7e        0xa ./Sources/HAL/HAL_GPIO.o
                0x00002c7e                SD_CS_High()
 .text._Z10LED_Red_Onv
                0x00002c88        0xa ./Sources/HAL/HAL_GPIO.o
                0x00002c88                LED_Red_On()
 .text._Z11LED_Red_Offv
                0x00002c92        0xa ./Sources/HAL/HAL_GPIO.o
                0x00002c92                LED_Red_Off()
 .text._Z12LED_Green_Onv
                0x00002c9c        0xa ./Sources/HAL/HAL_GPIO.o
                0x00002c9c                LED_Green_On()
 .text._Z13LED_Green_Offv
                0x00002ca6        0xa ./Sources/HAL/HAL_GPIO.o
                0x00002ca6                LED_Green_Off()
 .text._Z13LED_Red_Blinkm
                0x00002cb0       0x1e ./Sources/HAL/HAL_GPIO.o
                0x00002cb0                LED_Red_Blink(unsigned long)
 .text._Z15LED_Green_Blinkm
                0x00002cce       0x1e ./Sources/HAL/HAL_GPIO.o
                0x00002cce                LED_Green_Blink(unsigned long)
 .text._Z12SPI_SD_Startv
                0x00002cec       0x14 ./Sources/HAL/HAL_SD.o
                0x00002cec                SPI_SD_Start()
 .text._Z18SPI_SD_SetLowSpeedv
                0x00002d00       0x10 ./Sources/HAL/HAL_SD.o
                0x00002d00                SPI_SD_SetLowSpeed()
 .text._Z19SPI_SD_SetHighSpeedv
                0x00002d10       0x10 ./Sources/HAL/HAL_SD.o
                0x00002d10                SPI_SD_SetHighSpeed()
 .text._Z15SPI_SD_IsTxDonev
                0x00002d20       0x14 ./Sources/HAL/HAL_SD.o
                0x00002d20                SPI_SD_IsTxDone()
 .text._Z15SPI_SD_Transferc
                0x00002d34       0x38 ./Sources/HAL/HAL_SD.o
                0x00002d34                SPI_SD_Transfer(char)
 .text._Z10SD_Connectv
                0x00002d6c       0x24 ./Sources/HAL/HAL_SD.o
                0x00002d6c                SD_Connect()
 .text._Z14SD_IsCardReadyv
                0x00002d90        0xc ./Sources/HAL/HAL_SD.o
                0x00002d90                SD_IsCardReady()
 .text._Z18Timer_Millis_Startv
                0x00002d9c       0x14 ./Sources/HAL/HAL_Timer_Millis.o
                0x00002d9c                Timer_Millis_Start()
 .text._Z10UART_Startv
                0x00002db0        0x4 ./Sources/HAL/HAL_UART.o
                0x00002db0                UART_Start()
 .text._Z10UART_Printc
                0x00002db4       0x10 ./Sources/HAL/HAL_UART.o
                0x00002db4                UART_Print(char)
 .text._Z10UART_PrintPKc
                0x00002dc4       0x1a ./Sources/HAL/HAL_UART.o
                0x00002dc4                UART_Print(char const*)
 .text._Z10UART_PrintPc
                0x00002dde       0x1a ./Sources/HAL/HAL_UART.o
                0x00002dde                UART_Print(char*)
 .text._Z12UART_GetCharv
                0x00002df8       0x18 ./Sources/HAL/HAL_UART.o
                0x00002df8                UART_GetChar()
 .text._Z10UART_Flushv
                0x00002e10        0xc ./Sources/HAL/HAL_UART.o
                0x00002e10                UART_Flush()
 .text.UART_ISR
                0x00002e1c        0x4 ./Sources/HAL/HAL_UART.o
                0x00002e1c                UART_ISR
 .text._Z7toLowerc
                0x00002e20       0x14 ./Sources/Console/Command_Parser.o
                0x00002e20                toLower(char)
 .text._Z14Command_GetArghPch
                0x00002e34       0x3c ./Sources/Console/Command_Parser.o
                0x00002e34                Command_GetArg(unsigned char, char*, unsigned char)
 .text._Z7matchesPcPKch
                0x00002e70       0x20 ./Sources/Console/Command_Parser.o
                0x00002e70                matches(char*, char const*, unsigned char)
 .text._Z13Command_ParsePch
                0x00002e90      0x19c ./Sources/Console/Command_Parser.o
                0x00002e90                Command_Parse(char*, unsigned char)
 .text._Z18Console_Input_Charv
                0x0000302c       0x68 ./Sources/Console/Console.o
                0x0000302c                Console_Input_Char()
 .text._Z14Console_Promptv
                0x00003094       0x34 ./Sources/Console/Console.o
                0x00003094                Console_Prompt()
 .text._Z12Command_Helpv
                0x000030c8       0x58 ./Sources/Console/Console.o
                0x000030c8                Command_Help()
 .text._Z13Command_Resetv
                0x00003120       0x14 ./Sources/Console/Console.o
                0x00003120                Command_Reset()
 .text._Z16Command_InitCardv
                0x00003134       0x3c ./Sources/Console/Console.o
                0x00003134                Command_InitCard()
 .text._Z11Command_Dirv
                0x00003170       0x84 ./Sources/Console/Console.o
                0x00003170                Command_Dir()
 .text._Z10Command_Cdv
                0x000031f4      0x134 ./Sources/Console/Console.o
                0x000031f4                Command_Cd()
 .text._Z13Command_Flashv
                0x00003328       0xc4 ./Sources/Console/Console.o
                0x00003328                Command_Flash()
 .text._Z15Console_Processv
                0x000033ec       0x8c ./Sources/Console/Console.o
                0x000033ec                Console_Process()
 .text._ZN5Print5writeEPKhj
                0x00003478       0x22 ./Sources/Arduino/Print.o
                0x00003478                Print::write(unsigned char const*, unsigned int)
 *fill*         0x0000349a        0x2 
 .text.millis   0x0000349c        0xc ./Sources/Arduino/WMath.o
                0x0000349c                millis
 .text._ZdlPv   0x000034a8        0x4 ./Sources/Arduino/new.o
                0x000034a8                operator delete(void*)
 .text.Cpu_OnNMI
                0x000034ac        0x2 ./Sources/Events.o
                0x000034ac                Cpu_OnNMI
 .text.SPI_SD_OnBlockSent
                0x000034ae        0x2 ./Sources/Events.o
                0x000034ae                SPI_SD_OnBlockSent
 .text.SPI_SD_OnBlockReceived
                0x000034b0        0x2 ./Sources/Events.o
                0x000034b0                SPI_SD_OnBlockReceived
 *fill*         0x000034b2        0x2 
 .text.TimerMillis_OnInterrupt
                0x000034b4       0x10 ./Sources/Events.o
                0x000034b4                TimerMillis_OnInterrupt
 .text.UART_OnRxChar
                0x000034c4        0x4 ./Sources/Events.o
                0x000034c4                UART_OnRxChar
 .text.UART_OnError
                0x000034c8        0x2 ./Sources/Events.o
                0x000034c8                UART_OnError
 .text.UART_OnTxChar
                0x000034ca        0x2 ./Sources/Events.o
                0x000034ca                UART_OnTxChar
 .text.UART_OnFullRxBuf
                0x000034cc        0x2 ./Sources/Events.o
                0x000034cc                UART_OnFullRxBuf
 .text.UART_OnFreeTxBuf
                0x000034ce        0x2 ./Sources/Events.o
                0x000034ce                UART_OnFreeTxBuf
 .text.FLASH_OnOperationComplete
                0x000034d0        0x2 ./Sources/Events.o
                0x000034d0                FLASH_OnOperationComplete
 *fill*         0x000034d2        0x2 
 .text.BL_CheckForUserApp
                0x000034d4       0x38 ./Sources/bootloader.o
                0x000034d4                BL_CheckForUserApp
 .text._Z8BL_Erasev
                0x0000350c       0x3c ./Sources/bootloader.o
                0x0000350c                BL_Erase()
 .text._Z8BL_FlashPc
                0x00003548       0xf4 ./Sources/bootloader.o
                0x00003548                BL_Flash(char*)
 .text._Z5nmainv
                0x0000363c       0xc8 ./Sources/bootloader.o
                0x0000363c                nmain()
 .text.mainentry
                0x00003704        0x6 ./Sources/bootloader.o
                0x00003704                mainentry
 *fill*         0x0000370a        0x2 
 .text.startup._GLOBAL__sub_I_millis_
                0x0000370c        0xc ./Sources/bootloader.o
 .text.startup.main
                0x00003718        0xc ./Sources/main.o
                0x00003718                main
 .text.__copy_rom_section
                0x00003724       0x42 ./Project_Settings/Startup_Code/startup.o
                0x00003724                __copy_rom_section
 *fill*         0x00003766        0x2 
 .text.__copy_rom_sections_to_ram
                0x00003768       0x30 ./Project_Settings/Startup_Code/startup.o
                0x00003768                __copy_rom_sections_to_ram
 .text.__init_registers
                0x00003798       0x12 ./Project_Settings/Startup_Code/startup.o
                0x00003798                __init_registers
 .text.__init_user
                0x000037aa        0x2 ./Project_Settings/Startup_Code/startup.o
                0x000037aa                __init_user
 .text.__thumb_startup
                0x000037ac       0x34 ./Project_Settings/Startup_Code/startup.o
                0x000037ac                __thumb_startup
 .text.ASerialLdd1_Init
                0x000037e0      0x104 ./Generated_Code/ASerialLdd1.o
                0x000037e0                ASerialLdd1_Init
 .text.ASerialLdd1_ReceiveBlock
                0x000038e4       0x5c ./Generated_Code/ASerialLdd1.o
                0x000038e4                ASerialLdd1_ReceiveBlock
 .text.ASerialLdd1_SendBlock
                0x00003940       0x7c ./Generated_Code/ASerialLdd1.o
                0x00003940                ASerialLdd1_SendBlock
 .text.ASerialLdd1_Interrupt
                0x000039bc      0x104 ./Generated_Code/ASerialLdd1.o
                0x000039bc                ASerialLdd1_Interrupt
 .text.ASerialLdd1_GetError
                0x00003ac0       0x4c ./Generated_Code/ASerialLdd1.o
                0x00003ac0                ASerialLdd1_GetError
 .text.BitIoLdd1_Init
                0x00003b0c       0x4c ./Generated_Code/BitIoLdd1.o
                0x00003b0c                BitIoLdd1_Init
 .text.BitIoLdd1_GetVal
                0x00003b58       0x10 ./Generated_Code/BitIoLdd1.o
                0x00003b58                BitIoLdd1_GetVal
 .text.Common_Init
                0x00003b68       0x44 ./Generated_Code/Cpu.o
                0x00003b68                Common_Init
 .text.Components_Init
                0x00003bac       0x10 ./Generated_Code/Cpu.o
                0x00003bac                Components_Init
 .text.Cpu_INT_NMIInterrupt
                0x00003bbc       0x16 ./Generated_Code/Cpu.o
                0x00003bbc                Cpu_INT_NMIInterrupt
 *fill*         0x00003bd2        0x2 
 .text.FLASH_Init
                0x00003bd4       0x54 ./Generated_Code/FLASH.o
                0x00003bd4                FLASH_Init
 .text.FLASH_Write
                0x00003c28       0x3c ./Generated_Code/FLASH.o
                0x00003c28                FLASH_Write
 .text.FLASH_Erase
                0x00003c64       0x4a ./Generated_Code/FLASH.o
                0x00003c64                FLASH_Erase
 .text.FLASH_GetOperationStatus
                0x00003cae        0x4 ./Generated_Code/FLASH.o
                0x00003cae                FLASH_GetOperationStatus
 *fill*         0x00003cb2        0x2 
 .text.FLASH_Main
                0x00003cb4      0x1bc ./Generated_Code/FLASH.o
                0x00003cb4                FLASH_Main
 .text.LEDGreen_Init
                0x00003e70       0x54 ./Generated_Code/LEDGreen.o
                0x00003e70                LEDGreen_Init
 .text.LEDGreen_ClearFieldBits
                0x00003ec4       0x14 ./Generated_Code/LEDGreen.o
                0x00003ec4                LEDGreen_ClearFieldBits
 .text.LEDGreen_SetFieldBits
                0x00003ed8       0x14 ./Generated_Code/LEDGreen.o
                0x00003ed8                LEDGreen_SetFieldBits
 .text.LEDRed_Init
                0x00003eec       0x54 ./Generated_Code/LEDRed.o
                0x00003eec                LEDRed_Init
 .text.LEDRed_ClearFieldBits
                0x00003f40       0x14 ./Generated_Code/LEDRed.o
                0x00003f40                LEDRed_ClearFieldBits
 .text.LEDRed_SetFieldBits
                0x00003f54       0x14 ./Generated_Code/LEDRed.o
                0x00003f54                LEDRed_SetFieldBits
 .text.SDCS_Init
                0x00003f68       0x54 ./Generated_Code/SDCS.o
                0x00003f68                SDCS_Init
 .text.SDCS_ClearFieldBits
                0x00003fbc       0x14 ./Generated_Code/SDCS.o
                0x00003fbc                SDCS_ClearFieldBits
 .text.SDCS_SetFieldBits
                0x00003fd0       0x14 ./Generated_Code/SDCS.o
                0x00003fd0                SDCS_SetFieldBits
 .text.SPI_SD_Init
                0x00003fe4       0xcc ./Generated_Code/SPI_SD.o
                0x00003fe4                SPI_SD_Init
 .text.SPI_SD_ReceiveBlock
                0x000040b0       0x54 ./Generated_Code/SPI_SD.o
                0x000040b0                SPI_SD_ReceiveBlock
 .text.SPI_SD_SendBlock
                0x00004104       0x64 ./Generated_Code/SPI_SD.o
                0x00004104                SPI_SD_SendBlock
 .text.SPI_SD_SelectConfiguration
                0x00004168       0x54 ./Generated_Code/SPI_SD.o
                0x00004168                SPI_SD_SelectConfiguration
 .text.SPI_SD_Interrupt
                0x000041bc       0xa4 ./Generated_Code/SPI_SD.o
                0x000041bc                SPI_SD_Interrupt
 .text.TU1_Init
                0x00004260       0x88 ./Generated_Code/TU1.o
                0x00004260                TU1_Init
 .text.TU1_Interrupt
                0x000042e8       0x44 ./Generated_Code/TU1.o
                0x000042e8                TU1_Interrupt
 .text.TimerMillis_Init
                0x0000432c       0x28 ./Generated_Code/TimerMillis.o
                0x0000432c                TimerMillis_Init
 .text.TU1_OnCounterRestart
                0x00004354       0x10 ./Generated_Code/TimerMillis.o
                0x00004354                TU1_OnCounterRestart
 .text.UART_RecvChar
                0x00004364       0xa0 ./Generated_Code/UART.o
                0x00004364                UART_RecvChar
 .text.UART_SendChar
                0x00004404       0xa8 ./Generated_Code/UART.o
                0x00004404                UART_SendChar
 .text.UART_GetCharsInTxBuf
                0x000044ac        0xc ./Generated_Code/UART.o
                0x000044ac                UART_GetCharsInTxBuf
 .text.UART_Init
                0x000044b8       0x58 ./Generated_Code/UART.o
                0x000044b8                UART_Init
 .text.ASerialLdd1_OnBlockReceived
                0x00004510       0x84 ./Generated_Code/UART.o
                0x00004510                ASerialLdd1_OnBlockReceived
 .text.ASerialLdd1_OnBlockSent
                0x00004594       0x84 ./Generated_Code/UART.o
                0x00004594                ASerialLdd1_OnBlockSent
 .text.ASerialLdd1_OnError
                0x00004618       0x54 ./Generated_Code/UART.o
                0x00004618                ASerialLdd1_OnError
 .text.ASerialLdd1_OnBreak
                0x0000466c       0x10 ./Generated_Code/UART.o
                0x0000466c                ASerialLdd1_OnBreak
 .text._ZNK10__cxxabiv117__class_type_info11__do_upcastEPKS0_PPv
                0x0000467c       0x34 c:/freescale/kds_3.0.0/toolchain/bin/../lib/gcc/arm-none-eabi/4.8.4/../../../../arm-none-eabi/lib/armv7e-m/fpu\libstdc++_s.a(class_type_info.o)
                0x0000467c                __cxxabiv1::__class_type_info::__do_upcast(__cxxabiv1::__class_type_info const*, void**) const
 .text._ZNK10__cxxabiv117__class_type_info20__do_find_public_srcEiPKvPKS0_S2_
                0x000046b0        0xc c:/freescale/kds_3.0.0/toolchain/bin/../lib/gcc/arm-none-eabi/4.8.4/../../../../arm-none-eabi/lib/armv7e-m/fpu\libstdc++_s.a(class_type_info.o)
                0x000046b0                __cxxabiv1::__class_type_info::__do_find_public_src(int, void const*, __cxxabiv1::__class_type_info const*, void const*) const
 .text._ZN10__cxxabiv117__class_type_infoD2Ev
                0x000046bc       0x14 c:/freescale/kds_3.0.0/toolchain/bin/../lib/gcc/arm-none-eabi/4.8.4/../../../../arm-none-eabi/lib/armv7e-m/fpu\libstdc++_s.a(class_type_info.o)
                0x000046bc                __cxxabiv1::__class_type_info::~__class_type_info()
                0x000046bc                __cxxabiv1::__class_type_info::~__class_type_info()
 .text._ZN10__cxxabiv117__class_type_infoD0Ev
                0x000046d0       0x12 c:/freescale/kds_3.0.0/toolchain/bin/../lib/gcc/arm-none-eabi/4.8.4/../../../../arm-none-eabi/lib/armv7e-m/fpu\libstdc++_s.a(class_type_info.o)
                0x000046d0                __cxxabiv1::__class_type_info::~__class_type_info()
 .text._ZNK10__cxxabiv117__class_type_info11__do_upcastEPKS0_PKvRNS0_15__upcast_resultE
                0x000046e2       0x1a c:/freescale/kds_3.0.0/toolchain/bin/../lib/gcc/arm-none-eabi/4.8.4/../../../../arm-none-eabi/lib/armv7e-m/fpu\libstdc++_s.a(class_type_info.o)
                0x000046e2                __cxxabiv1::__class_type_info::__do_upcast(__cxxabiv1::__class_type_info const*, void const*, __cxxabiv1::__class_type_info::__upcast_result&) const
 .text._ZNK10__cxxabiv117__class_type_info10__do_catchEPKSt9type_infoPPvj
                0x000046fc       0x26 c:/freescale/kds_3.0.0/toolchain/bin/../lib/gcc/arm-none-eabi/4.8.4/../../../../arm-none-eabi/lib/armv7e-m/fpu\libstdc++_s.a(class_type_info.o)
                0x000046fc                __cxxabiv1::__class_type_info::__do_catch(std::type_info const*, void**, unsigned int) const
 .text._ZNK10__cxxabiv117__class_type_info12__do_dyncastEiNS0_10__sub_kindEPKS0_PKvS3_S5_RNS0_16__dyncast_resultE
                0x00004722       0x38 c:/freescale/kds_3.0.0/toolchain/bin/../lib/gcc/arm-none-eabi/4.8.4/../../../../arm-none-eabi/lib/armv7e-m/fpu\libstdc++_s.a(class_type_info.o)
                0x00004722                __cxxabiv1::__class_type_info::__do_dyncast(int, __cxxabiv1::__class_type_info::__sub_kind, __cxxabiv1::__class_type_info const*, void const*, __cxxabiv1::__class_type_info const*, void const*, __cxxabiv1::__class_type_info::__dyncast_result&) const
 *fill*         0x0000475a        0x2 
 .text._ZN10__cxxabiv120__si_class_type_infoD2Ev
                0x0000475c       0x14 c:/freescale/kds_3.0.0/toolchain/bin/../lib/gcc/arm-none-eabi/4.8.4/../../../../arm-none-eabi/lib/armv7e-m/fpu\libstdc++_s.a(si_class_type_info.o)
                0x0000475c                __cxxabiv1::__si_class_type_info::~__si_class_type_info()
                0x0000475c                __cxxabiv1::__si_class_type_info::~__si_class_type_info()
 .text._ZN10__cxxabiv120__si_class_type_infoD0Ev
                0x00004770       0x12 c:/freescale/kds_3.0.0/toolchain/bin/../lib/gcc/arm-none-eabi/4.8.4/../../../../arm-none-eabi/lib/armv7e-m/fpu\libstdc++_s.a(si_class_type_info.o)
                0x00004770                __cxxabiv1::__si_class_type_info::~__si_class_type_info()
 .text._ZNK10__cxxabiv120__si_class_type_info20__do_find_public_srcEiPKvPKNS_17__class_type_infoES2_
                0x00004782       0x34 c:/freescale/kds_3.0.0/toolchain/bin/../lib/gcc/arm-none-eabi/4.8.4/../../../../arm-none-eabi/lib/armv7e-m/fpu\libstdc++_s.a(si_class_type_info.o)
                0x00004782                __cxxabiv1::__si_class_type_info::__do_find_public_src(int, void const*, __cxxabiv1::__class_type_info const*, void const*) const
 .text._ZNK10__cxxabiv120__si_class_type_info12__do_dyncastEiNS_17__class_type_info10__sub_kindEPKS1_PKvS4_S6_RNS1_16__dyncast_resultE
                0x000047b6       0x7c c:/freescale/kds_3.0.0/toolchain/bin/../lib/gcc/arm-none-eabi/4.8.4/../../../../arm-none-eabi/lib/armv7e-m/fpu\libstdc++_s.a(si_class_type_info.o)
                0x000047b6                __cxxabiv1::__si_class_type_info::__do_dyncast(int, __cxxabiv1::__class_type_info::__sub_kind, __cxxabiv1::__class_type_info const*, void const*, __cxxabiv1::__class_type_info const*, void const*, __cxxabiv1::__class_type_info::__dyncast_result&) const
 .text._ZNK10__cxxabiv120__si_class_type_info11__do_upcastEPKNS_17__class_type_infoEPKvRNS1_15__upcast_resultE
                0x00004832       0x24 c:/freescale/kds_3.0.0/toolchain/bin/../lib/gcc/arm-none-eabi/4.8.4/../../../../arm-none-eabi/lib/armv7e-m/fpu\libstdc++_s.a(si_class_type_info.o)
                0x00004832                __cxxabiv1::__si_class_type_info::__do_upcast(__cxxabiv1::__class_type_info const*, void const*, __cxxabiv1::__class_type_info::__upcast_result&) const
 *fill*         0x00004856        0x2 
 .text._ZNSt9type_infoD2Ev
                0x00004858        0xc c:/freescale/kds_3.0.0/toolchain/bin/../lib/gcc/arm-none-eabi/4.8.4/../../../../arm-none-eabi/lib/armv7e-m/fpu\libstdc++_s.a(tinfo.o)
                0x00004858                std::type_info::~type_info()
                0x00004858                std::type_info::~type_info()
 .text._ZNKSt9type_info14__is_pointer_pEv
                0x00004864        0x4 c:/freescale/kds_3.0.0/toolchain/bin/../lib/gcc/arm-none-eabi/4.8.4/../../../../arm-none-eabi/lib/armv7e-m/fpu\libstdc++_s.a(tinfo.o)
                0x00004864                std::type_info::__is_pointer_p() const
 .text._ZNKSt9type_info15__is_function_pEv
                0x00004868        0x4 c:/freescale/kds_3.0.0/toolchain/bin/../lib/gcc/arm-none-eabi/4.8.4/../../../../arm-none-eabi/lib/armv7e-m/fpu\libstdc++_s.a(tinfo.o)
                0x00004868                std::type_info::__is_function_p() const
 .text._ZNKSt9type_info11__do_upcastEPKN10__cxxabiv117__class_type_infoEPPv
                0x0000486c        0x4 c:/freescale/kds_3.0.0/toolchain/bin/../lib/gcc/arm-none-eabi/4.8.4/../../../../arm-none-eabi/lib/armv7e-m/fpu\libstdc++_s.a(tinfo.o)
                0x0000486c                std::type_info::__do_upcast(__cxxabiv1::__class_type_info const*, void**) const
 .text._ZNSt9type_infoD0Ev
                0x00004870       0x14 c:/freescale/kds_3.0.0/toolchain/bin/../lib/gcc/arm-none-eabi/4.8.4/../../../../arm-none-eabi/lib/armv7e-m/fpu\libstdc++_s.a(tinfo.o)
                0x00004870                std::type_info::~type_info()
 .text._ZNKSt9type_infoeqERKS_
                0x00004884       0x2e c:/freescale/kds_3.0.0/toolchain/bin/../lib/gcc/arm-none-eabi/4.8.4/../../../../arm-none-eabi/lib/armv7e-m/fpu\libstdc++_s.a(tinfo.o)
                0x00004884                std::type_info::operator==(std::type_info const&) const
 .text._ZNKSt9type_info10__do_catchEPKS_PPvj
                0x000048b2        0x4 c:/freescale/kds_3.0.0/toolchain/bin/../lib/gcc/arm-none-eabi/4.8.4/../../../../arm-none-eabi/lib/armv7e-m/fpu\libstdc++_s.a(tinfo.o)
                0x000048b2                std::type_info::__do_catch(std::type_info const*, void**, unsigned int) const
 .text.abort    0x000048b6        0xe c:/freescale/kds_3.0.0/toolchain/bin/../lib/gcc/arm-none-eabi/4.8.4/../../../../arm-none-eabi/lib/armv7e-m/fpu\libg_s.a(lib_a-abort.o)
                0x000048b6                abort
 .text.exit     0x000048c4       0x28 c:/freescale/kds_3.0.0/toolchain/bin/../lib/gcc/arm-none-eabi/4.8.4/../../../../arm-none-eabi/lib/armv7e-m/fpu\libg_s.a(lib_a-exit.o)
                0x000048c4                exit
 .text.__libc_init_array
                0x000048ec       0x4c c:/freescale/kds_3.0.0/toolchain/bin/../lib/gcc/arm-none-eabi/4.8.4/../../../../arm-none-eabi/lib/armv7e-m/fpu\libg_s.a(lib_a-init.o)
                0x000048ec                __libc_init_array
 .text.malloc   0x00004938       0x10 c:/freescale/kds_3.0.0/toolchain/bin/../lib/gcc/arm-none-eabi/4.8.4/../../../../arm-none-eabi/lib/armv7e-m/fpu\libg_s.a(lib_a-malloc.o)
                0x00004938                malloc
 .text.free     0x00004948       0x10 c:/freescale/kds_3.0.0/toolchain/bin/../lib/gcc/arm-none-eabi/4.8.4/../../../../arm-none-eabi/lib/armv7e-m/fpu\libg_s.a(lib_a-malloc.o)
                0x00004948                free
 .text.memcmp   0x00004958       0x1e c:/freescale/kds_3.0.0/toolchain/bin/../lib/gcc/arm-none-eabi/4.8.4/../../../../arm-none-eabi/lib/armv7e-m/fpu\libg_s.a(lib_a-memcmp.o)
                0x00004958                memcmp
 .text.memcpy   0x00004976       0x12 c:/freescale/kds_3.0.0/toolchain/bin/../lib/gcc/arm-none-eabi/4.8.4/../../../../arm-none-eabi/lib/armv7e-m/fpu\libg_s.a(lib_a-memcpy-stub.o)
                0x00004976                memcpy
 .text.memset   0x00004988       0x10 c:/freescale/kds_3.0.0/toolchain/bin/../lib/gcc/arm-none-eabi/4.8.4/../../../../arm-none-eabi/lib/armv7e-m/fpu\libg_s.a(lib_a-memset.o)
                0x00004988                memset
 .text._free_r  0x00004998       0x88 c:/freescale/kds_3.0.0/toolchain/bin/../lib/gcc/arm-none-eabi/4.8.4/../../../../arm-none-eabi/lib/armv7e-m/fpu\libg_s.a(lib_a-nano-freer.o)
                0x00004998                _free_r
 .text._malloc_r
                0x00004a20       0xa8 c:/freescale/kds_3.0.0/toolchain/bin/../lib/gcc/arm-none-eabi/4.8.4/../../../../arm-none-eabi/lib/armv7e-m/fpu\libg_s.a(lib_a-nano-mallocr.o)
                0x00004a20                _malloc_r
 .text._sbrk_r  0x00004ac8       0x20 c:/freescale/kds_3.0.0/toolchain/bin/../lib/gcc/arm-none-eabi/4.8.4/../../../../arm-none-eabi/lib/armv7e-m/fpu\libg_s.a(lib_a-sbrkr.o)
                0x00004ac8                _sbrk_r
 .text._raise_r
                0x00004ae8       0x50 c:/freescale/kds_3.0.0/toolchain/bin/../lib/gcc/arm-none-eabi/4.8.4/../../../../arm-none-eabi/lib/armv7e-m/fpu\libg_s.a(lib_a-signal.o)
                0x00004ae8                _raise_r
 .text.raise    0x00004b38       0x10 c:/freescale/kds_3.0.0/toolchain/bin/../lib/gcc/arm-none-eabi/4.8.4/../../../../arm-none-eabi/lib/armv7e-m/fpu\libg_s.a(lib_a-signal.o)
                0x00004b38                raise
 .text._kill_r  0x00004b48       0x24 c:/freescale/kds_3.0.0/toolchain/bin/../lib/gcc/arm-none-eabi/4.8.4/../../../../arm-none-eabi/lib/armv7e-m/fpu\libg_s.a(lib_a-signalr.o)
                0x00004b48                _kill_r
 .text._getpid_r
                0x00004b6c        0x4 c:/freescale/kds_3.0.0/toolchain/bin/../lib/gcc/arm-none-eabi/4.8.4/../../../../arm-none-eabi/lib/armv7e-m/fpu\libg_s.a(lib_a-signalr.o)
                0x00004b6c                _getpid_r
 .text.sprintf  0x00004b70       0x48 c:/freescale/kds_3.0.0/toolchain/bin/../lib/gcc/arm-none-eabi/4.8.4/../../../../arm-none-eabi/lib/armv7e-m/fpu\libg_s.a(lib_a-sprintf.o)
                0x00004b70                siprintf
                0x00004b70                sprintf
 .text.strchr   0x00004bb8       0x1a c:/freescale/kds_3.0.0/toolchain/bin/../lib/gcc/arm-none-eabi/4.8.4/../../../../arm-none-eabi/lib/armv7e-m/fpu\libg_s.a(lib_a-strchr.o)
                0x00004bb8                strchr
 .text.strlen   0x00004bd2       0x10 c:/freescale/kds_3.0.0/toolchain/bin/../lib/gcc/arm-none-eabi/4.8.4/../../../../arm-none-eabi/lib/armv7e-m/fpu\libg_s.a(lib_a-strlen.o)
                0x00004bd2                strlen
 .text.strncpy  0x00004be2       0x24 c:/freescale/kds_3.0.0/toolchain/bin/../lib/gcc/arm-none-eabi/4.8.4/../../../../arm-none-eabi/lib/armv7e-m/fpu\libg_s.a(lib_a-strncpy.o)
                0x00004be2                strncpy
 .text.__ssputs_r
                0x00004c06       0xb8 c:/freescale/kds_3.0.0/toolchain/bin/../lib/gcc/arm-none-eabi/4.8.4/../../../../arm-none-eabi/lib/armv7e-m/fpu\libg_s.a(lib_a-svfprintf.o)
                0x00004c06                __ssputs_r
 *fill*         0x00004cbe        0x2 
 .text._svfprintf_r
                0x00004cc0      0x1dc c:/freescale/kds_3.0.0/toolchain/bin/../lib/gcc/arm-none-eabi/4.8.4/../../../../arm-none-eabi/lib/armv7e-m/fpu\libg_s.a(lib_a-svfprintf.o)
                0x00004cc0                _svfiprintf_r
                0x00004cc0                _svfprintf_r
 .text._printf_common
                0x00004e9c       0xe4 c:/freescale/kds_3.0.0/toolchain/bin/../lib/gcc/arm-none-eabi/4.8.4/../../../../arm-none-eabi/lib/armv7e-m/fpu\libg_s.a(lib_a-vfprintf_i.o)
                0x00004e9c                _printf_common
 .text._printf_i
                0x00004f80      0x228 c:/freescale/kds_3.0.0/toolchain/bin/../lib/gcc/arm-none-eabi/4.8.4/../../../../arm-none-eabi/lib/armv7e-m/fpu\libg_s.a(lib_a-vfprintf_i.o)
                0x00004f80                _printf_i
 .text.memchr   0x000051a8       0x1e c:/freescale/kds_3.0.0/toolchain/bin/../lib/gcc/arm-none-eabi/4.8.4/../../../../arm-none-eabi/lib/armv7e-m/fpu\libg_s.a(lib_a-memchr-stub.o)
                0x000051a8                memchr
 .text.memmove  0x000051c6       0x36 c:/freescale/kds_3.0.0/toolchain/bin/../lib/gcc/arm-none-eabi/4.8.4/../../../../arm-none-eabi/lib/armv7e-m/fpu\libg_s.a(lib_a-memmove.o)
                0x000051c6                memmove
 .text._realloc_r
                0x000051fc       0x4c c:/freescale/kds_3.0.0/toolchain/bin/../lib/gcc/arm-none-eabi/4.8.4/../../../../arm-none-eabi/lib/armv7e-m/fpu\libg_s.a(lib_a-nano-reallocr.o)
                0x000051fc                _realloc_r
 .text._malloc_usable_size_r
                0x00005248       0x12 c:/freescale/kds_3.0.0/toolchain/bin/../lib/gcc/arm-none-eabi/4.8.4/../../../../arm-none-eabi/lib/armv7e-m/fpu\libg_s.a(lib_a-nano-msizer.o)
                0x00005248                _malloc_usable_size_r
 *fill*         0x0000525a        0x2 
 .text._getpid  0x0000525c       0x10 c:/freescale/kds_3.0.0/toolchain/bin/../lib/gcc/arm-none-eabi/4.8.4/../../../../arm-none-eabi/lib/armv7e-m/fpu\libnosys.a(getpid.o)
                0x0000525c                _getpid
 .text._kill    0x0000526c       0x10 c:/freescale/kds_3.0.0/toolchain/bin/../lib/gcc/arm-none-eabi/4.8.4/../../../../arm-none-eabi/lib/armv7e-m/fpu\libnosys.a(kill.o)
                0x0000526c                _kill
 .text._sbrk    0x0000527c       0x34 c:/freescale/kds_3.0.0/toolchain/bin/../lib/gcc/arm-none-eabi/4.8.4/../../../../arm-none-eabi/lib/armv7e-m/fpu\libnosys.a(sbrk.o)
                0x0000527c                _sbrk
 .text._exit    0x000052b0        0x4 c:/freescale/kds_3.0.0/toolchain/bin/../lib/gcc/arm-none-eabi/4.8.4/../../../../arm-none-eabi/lib/armv7e-m/fpu\libnosys.a(_exit.o)
                0x000052b0                _exit
 *(.rodata)
 *(.rodata*)
 .rodata.CPU_DefaultBLPI
                0x000052b4        0x7 ./Static_Code/System/CPU_Init.o
 .rodata.CPU_DefaultBLPE
                0x000052bb        0x7 ./Static_Code/System/CPU_Init.o
 .rodata.CPU_DefaultFEE
                0x000052c2        0x7 ./Static_Code/System/CPU_Init.o
 .rodata.CPU_DefaultFEI
                0x000052c9        0x7 ./Static_Code/System/CPU_Init.o
 .rodata.ClockGenModeMatrix
                0x000052d0       0x48 ./Static_Code/System/CPU_Init.o
 .rodata.CPU_ClockGenModeRegs
                0x00005318       0x18 ./Static_Code/System/CPU_Init.o
 .rodata.CPU_DefaultFBE
                0x00005330        0x7 ./Static_Code/System/CPU_Init.o
 .rodata.CPU_DefaultFBI
                0x00005337        0x7 ./Static_Code/System/CPU_Init.o
 *fill*         0x0000533e        0x2 
 .rodata.CPU_ClockConfigDescriptors
                0x00005340       0x1c ./Static_Code/System/CPU_Init.o
 .rodata._ZTI6SdFile
                0x0000535c        0xc ./Sources/SD/utility/SdFile.o
                0x0000535c                typeinfo for SdFile
 .rodata._ZTS6SdFile
                0x00005368        0x8 ./Sources/SD/utility/SdFile.o
                0x00005368                typeinfo name for SdFile
 .rodata.str1.1
                0x00005370       0x10 ./Sources/SD/utility/SdFile.o
 .rodata._ZTV6SdFile
                0x00005380       0x10 ./Sources/SD/utility/SdFile.o
                0x00005380                vtable for SdFile
 .rodata._ZTI6Stream
                0x00005390        0xc ./Sources/SD/File.o
                0x00005390                typeinfo for Stream
 .rodata._ZTS6Stream
                0x0000539c        0x8 ./Sources/SD/File.o
                0x0000539c                typeinfo name for Stream
 .rodata._ZTS4File
                0x000053a4        0x6 ./Sources/SD/File.o
                0x000053a4                typeinfo name for File
 *fill*         0x000053aa        0x6 
 .rodata._ZTV4File
                0x000053b0       0x20 ./Sources/SD/File.o
                0x000053b0                vtable for File
 .rodata._ZTI4File
                0x000053d0        0xc ./Sources/SD/File.o
                0x000053d0                typeinfo for File
 .rodata.str1.1
                0x000053dc        0x2 ./Sources/SD/SD.o
 .rodata._ZL6CMD_CD
                0x000053de        0x3 ./Sources/Console/Command_Parser.o
 .rodata._ZL9CMD_ERASE
                0x000053e1        0x6 ./Sources/Console/Command_Parser.o
 .rodata._ZL12CMD_INITCARD
                0x000053e7        0x9 ./Sources/Console/Command_Parser.o
 .rodata.str1.1
                0x000053f0       0x27 ./Sources/Console/Command_Parser.o
 .rodata._ZL7CMD_DIR
                0x00005417        0x4 ./Sources/Console/Command_Parser.o
 .rodata._ZL9CMD_RESET
                0x0000541b        0x6 ./Sources/Console/Command_Parser.o
 .rodata._ZL9CMD_FLASH
                0x00005421        0x6 ./Sources/Console/Command_Parser.o
 .rodata._ZL8CMD_HELP
                0x00005427        0x5 ./Sources/Console/Command_Parser.o
 .rodata.str1.1
                0x0000542c      0x237 ./Sources/Console/Console.o
                                0x23f (size before relaxing)
 *fill*         0x00005663        0x1 
 .rodata._ZTI5Print
                0x00005664        0x8 ./Sources/Arduino/Print.o
                0x00005664                typeinfo for Print
 .rodata._ZTS5Print
                0x0000566c        0x7 ./Sources/Arduino/Print.o
                0x0000566c                typeinfo name for Print
 .rodata.str1.1
                0x00005673      0x187 ./Sources/bootloader.o
                                0x18a (size before relaxing)
 .rodata.SafeRoutine
                0x000057fa       0x30 ./Generated_Code/FLASH.o
 *fill*         0x0000582a        0x2 
 .rodata.ConfigurationSet
                0x0000582c        0x8 ./Generated_Code/SPI_SD.o
 .rodata.TxCommandList
                0x00005834        0x8 ./Generated_Code/SPI_SD.o
 *fill*         0x0000583c        0x4 
 .rodata._ZTVN10__cxxabiv117__class_type_infoE
                0x00005840       0x30 c:/freescale/kds_3.0.0/toolchain/bin/../lib/gcc/arm-none-eabi/4.8.4/../../../../arm-none-eabi/lib/armv7e-m/fpu\libstdc++_s.a(class_type_info.o)
                0x00005840                vtable for __cxxabiv1::__class_type_info
 .rodata._ZTIN10__cxxabiv117__class_type_infoE
                0x00005870        0xc c:/freescale/kds_3.0.0/toolchain/bin/../lib/gcc/arm-none-eabi/4.8.4/../../../../arm-none-eabi/lib/armv7e-m/fpu\libstdc++_s.a(class_type_info.o)
                0x00005870                typeinfo for __cxxabiv1::__class_type_info
 .rodata._ZTSN10__cxxabiv117__class_type_infoE
                0x0000587c       0x22 c:/freescale/kds_3.0.0/toolchain/bin/../lib/gcc/arm-none-eabi/4.8.4/../../../../arm-none-eabi/lib/armv7e-m/fpu\libstdc++_s.a(class_type_info.o)
                0x0000587c                typeinfo name for __cxxabiv1::__class_type_info
 *fill*         0x0000589e        0x2 
 .rodata._ZTVN10__cxxabiv120__si_class_type_infoE
                0x000058a0       0x30 c:/freescale/kds_3.0.0/toolchain/bin/../lib/gcc/arm-none-eabi/4.8.4/../../../../arm-none-eabi/lib/armv7e-m/fpu\libstdc++_s.a(si_class_type_info.o)
                0x000058a0                vtable for __cxxabiv1::__si_class_type_info
 .rodata._ZTIN10__cxxabiv120__si_class_type_infoE
                0x000058d0        0xc c:/freescale/kds_3.0.0/toolchain/bin/../lib/gcc/arm-none-eabi/4.8.4/../../../../arm-none-eabi/lib/armv7e-m/fpu\libstdc++_s.a(si_class_type_info.o)
                0x000058d0                typeinfo for __cxxabiv1::__si_class_type_info
 .rodata._ZTSN10__cxxabiv120__si_class_type_infoE
                0x000058dc       0x25 c:/freescale/kds_3.0.0/toolchain/bin/../lib/gcc/arm-none-eabi/4.8.4/../../../../arm-none-eabi/lib/armv7e-m/fpu\libstdc++_s.a(si_class_type_info.o)
                0x000058dc                typeinfo name for __cxxabiv1::__si_class_type_info
 *fill*         0x00005901        0x3 
 .rodata._ZTISt9type_info
                0x00005904        0x8 c:/freescale/kds_3.0.0/toolchain/bin/../lib/gcc/arm-none-eabi/4.8.4/../../../../arm-none-eabi/lib/armv7e-m/fpu\libstdc++_s.a(tinfo.o)
                0x00005904                typeinfo for std::type_info
 .rodata._ZTSSt9type_info
                0x0000590c        0xd c:/freescale/kds_3.0.0/toolchain/bin/../lib/gcc/arm-none-eabi/4.8.4/../../../../arm-none-eabi/lib/armv7e-m/fpu\libstdc++_s.a(tinfo.o)
                0x0000590c                typeinfo name for std::type_info
 *fill*         0x00005919        0x7 
 .rodata._ZTVSt9type_info
                0x00005920       0x20 c:/freescale/kds_3.0.0/toolchain/bin/../lib/gcc/arm-none-eabi/4.8.4/../../../../arm-none-eabi/lib/armv7e-m/fpu\libstdc++_s.a(tinfo.o)
                0x00005920                vtable for std::type_info
 .rodata.str1.1
                0x00005940        0x2 c:/freescale/kds_3.0.0/toolchain/bin/../lib/gcc/arm-none-eabi/4.8.4/../../../../arm-none-eabi/lib/armv7e-m/fpu\libg_s.a(lib_a-impure.o)
 *fill*         0x00005942        0x2 
 .rodata._global_impure_ptr
                0x00005944        0x4 c:/freescale/kds_3.0.0/toolchain/bin/../lib/gcc/arm-none-eabi/4.8.4/../../../../arm-none-eabi/lib/armv7e-m/fpu\libg_s.a(lib_a-impure.o)
                0x00005944                _global_impure_ptr
 .rodata.str1.1
                0x00005948       0x11 c:/freescale/kds_3.0.0/toolchain/bin/../lib/gcc/arm-none-eabi/4.8.4/../../../../arm-none-eabi/lib/armv7e-m/fpu\libg_s.a(lib_a-svfprintf.o)
 .rodata.str1.1
                0x00005959       0x22 c:/freescale/kds_3.0.0/toolchain/bin/../lib/gcc/arm-none-eabi/4.8.4/../../../../arm-none-eabi/lib/armv7e-m/fpu\libg_s.a(lib_a-vfprintf_i.o)
 *fill*         0x0000597b        0x1 
 .rodata.__sf_fake_stdin
                0x0000597c       0x20 c:/freescale/kds_3.0.0/toolchain/bin/../lib/gcc/arm-none-eabi/4.8.4/../../../../arm-none-eabi/lib/armv7e-m/fpu\libg_s.a(lib_a-findfp.o)
                0x0000597c                __sf_fake_stdin
 .rodata.__sf_fake_stdout
                0x0000599c       0x20 c:/freescale/kds_3.0.0/toolchain/bin/../lib/gcc/arm-none-eabi/4.8.4/../../../../arm-none-eabi/lib/armv7e-m/fpu\libg_s.a(lib_a-findfp.o)
                0x0000599c                __sf_fake_stdout
 .rodata.__sf_fake_stderr
                0x000059bc       0x20 c:/freescale/kds_3.0.0/toolchain/bin/../lib/gcc/arm-none-eabi/4.8.4/../../../../arm-none-eabi/lib/armv7e-m/fpu\libg_s.a(lib_a-findfp.o)
                0x000059bc                __sf_fake_stderr
 *(.glue_7)
 .glue_7        0x00000000        0x0 linker stubs
 *(.glue_7t)
 .glue_7t       0x00000000        0x0 linker stubs
 *(.eh_frame)
 .eh_frame      0x000059dc        0x0 c:/freescale/kds_3.0.0/toolchain/bin/../lib/gcc/arm-none-eabi/4.8.4/armv7e-m/fpu/crtbegin.o
 *(.init)
 .init          0x000059dc        0x4 c:/freescale/kds_3.0.0/toolchain/bin/../lib/gcc/arm-none-eabi/4.8.4/armv7e-m/fpu/crti.o
                0x000059dc                _init
 .init          0x000059e0        0x8 c:/freescale/kds_3.0.0/toolchain/bin/../lib/gcc/arm-none-eabi/4.8.4/armv7e-m/fpu/crtn.o
 *(.fini)
 .fini          0x000059e8        0x4 c:/freescale/kds_3.0.0/toolchain/bin/../lib/gcc/arm-none-eabi/4.8.4/armv7e-m/fpu/crti.o
                0x000059e8                _fini
 .fini          0x000059ec        0x8 c:/freescale/kds_3.0.0/toolchain/bin/../lib/gcc/arm-none-eabi/4.8.4/armv7e-m/fpu/crtn.o
                0x000059f4                . = ALIGN (0x4)
                0x000059f4                _etext = .

.vfp11_veneer   0x000059f4        0x0
 .vfp11_veneer  0x00000000        0x0 linker stubs

.v4_bx          0x000059f4        0x0
 .v4_bx         0x00000000        0x0 linker stubs

.iplt           0x000059f4        0x0
 .iplt          0x00000000        0x0 c:/freescale/kds_3.0.0/toolchain/bin/../lib/gcc/arm-none-eabi/4.8.4/armv7e-m/fpu/crtbegin.o

.ARM.extab      0x000059f4      0x108
 *(.ARM.extab* .gnu.linkonce.armextab.*)
 .ARM.extab.text._ZN8SPIClass8transferEh
                0x000059f4        0xc ./Sources/SPI/SPI.o
 .ARM.extab.text._ZN7Sd2Card9readBlockEmPh
                0x00005a00        0xc ./Sources/SD/utility/Sd2Card.o
 .ARM.extab.text._ZN6SdFile5writeEh
                0x00005a0c        0xc ./Sources/SD/utility/SdFile.o
 .ARM.extab.text._ZN6SdFile4readEv
                0x00005a18        0xc ./Sources/SD/File.o
 .ARM.extab.text._ZN4File4readEv
                0x00005a24        0xc ./Sources/SD/File.o
 .ARM.extab.text._ZN4File4readEPvt
                0x00005a30        0xc ./Sources/SD/File.o
 .ARM.extab.text._ZN6SdFileC2ERKS_
                0x00005a3c        0x0 ./Sources/SD/SD.o
 .ARM.extab.text._Z11Flash_Startv
                0x00005a3c        0xc ./Sources/HAL/HAL_Flash.o
 .ARM.extab.text._Z10GPIO_Startv
                0x00005a48        0xc ./Sources/HAL/HAL_GPIO.o
 .ARM.extab.text._Z12SPI_SD_Startv
                0x00005a54        0xc ./Sources/HAL/HAL_SD.o
 .ARM.extab.text._Z18Timer_Millis_Startv
                0x00005a60        0xc ./Sources/HAL/HAL_Timer_Millis.o
 .ARM.extab.text._Z12UART_GetCharv
                0x00005a6c        0xc ./Sources/HAL/HAL_UART.o
 .ARM.extab.text._Z10UART_Flushv
                0x00005a78        0xc ./Sources/HAL/HAL_UART.o
 .ARM.extab.text._Z14Console_Promptv
                0x00005a84        0xc ./Sources/Console/Console.o
 .ARM.extab.text._Z12Command_Helpv
                0x00005a90        0xc ./Sources/Console/Console.o
 .ARM.extab.text._Z13Command_Resetv
                0x00005a9c        0xc ./Sources/Console/Console.o
 .ARM.extab.text._Z16Command_InitCardv
                0x00005aa8        0xc ./Sources/Console/Console.o
 .ARM.extab.text._Z15Console_Processv
                0x00005ab4        0xc ./Sources/Console/Console.o
 .ARM.extab.text._Z5nmainv
                0x00005ac0        0xc ./Sources/bootloader.o
 .ARM.extab.text.mainentry
                0x00005acc        0xc ./Sources/bootloader.o
 .ARM.extab     0x00005ad8        0xc c:/freescale/kds_3.0.0/toolchain/bin/../lib/gcc/arm-none-eabi/4.8.4/armv7e-m/fpu\libgcc.a(unwind-arm.o)
 .ARM.extab     0x00005ae4       0x18 c:/freescale/kds_3.0.0/toolchain/bin/../lib/gcc/arm-none-eabi/4.8.4/armv7e-m/fpu\libgcc.a(pr-support.o)

.ARM            0x00005afc      0x3a0
                0x00005afc                __exidx_start = .
 *(.ARM.exidx*)
 .ARM.exidx     0x00005afc        0x8 c:/freescale/kds_3.0.0/toolchain/bin/../lib/gcc/arm-none-eabi/4.8.4/../../../../arm-none-eabi/lib/armv7e-m/fpu/crt0.o
 .ARM.exidx.text._ZN8SPIClass5beginEv
                0x00005bc4        0x0 ./Sources/SPI/SPI.o
                                  0x8 (size before relaxing)
 .ARM.exidx.text._ZN8SPIClass8transferEh
                0x00005bc4        0x8 ./Sources/SPI/SPI.o
 .ARM.exidx.text._ZL6spiRecv
                0x00005bcc        0x8 ./Sources/SD/utility/Sd2Card.o
 .ARM.exidx.text._ZN7Sd2Card7readEndEv
                0x00005bd4        0x8 ./Sources/SD/utility/Sd2Card.o
 .ARM.exidx.text._ZN7Sd2Card11waitNotBusyEt
                0x00005bdc        0x8 ./Sources/SD/utility/Sd2Card.o
 .ARM.exidx.text._ZN7Sd2Card11cardCommandEhm
                0x00005be4        0x8 ./Sources/SD/utility/Sd2Card.o
 .ARM.exidx.text._ZN7Sd2Card4initEv
                0x00005bec        0x0 ./Sources/SD/utility/Sd2Card.o
                                  0x8 (size before relaxing)
 .ARM.exidx.text._ZN7Sd2Card14waitStartBlockEv
                0x00005bec        0x8 ./Sources/SD/utility/Sd2Card.o
 .ARM.exidx.text._ZN7Sd2Card8readDataEmttPh
                0x00005bf4        0x8 ./Sources/SD/utility/Sd2Card.o
 .ARM.exidx.text._ZN7Sd2Card9readBlockEmPh
                0x00005bfc        0x8 ./Sources/SD/utility/Sd2Card.o
 .ARM.exidx.text._ZN7Sd2Card9writeDataEhPKh
                0x00005c04        0x8 ./Sources/SD/utility/Sd2Card.o
 .ARM.exidx.text._ZN7Sd2Card10writeBlockEmPKh
                0x00005c0c        0x0 ./Sources/SD/utility/Sd2Card.o
                                  0x8 (size before relaxing)
 .ARM.exidx.text._ZN6SdFile10addClusterEv
                0x00005c0c        0x8 ./Sources/SD/utility/SdFile.o
 .ARM.exidx.text._ZN6SdFile13addDirClusterEv
                0x00005c14        0x8 ./Sources/SD/utility/SdFile.o
 .ARM.exidx.text._ZN6SdFile13cacheDirEntryEh
                0x00005c1c        0x8 ./Sources/SD/utility/SdFile.o
 .ARM.exidx.text._ZN6SdFile7dirNameERK14directoryEntryPc
                0x00005c24        0x8 ./Sources/SD/utility/SdFile.o
 .ARM.exidx.text._ZN6SdFile10make83NameEPKcPh
                0x00005c2c        0x0 ./Sources/SD/utility/SdFile.o
                                  0x8 (size before relaxing)
 .ARM.exidx.text._ZN6SdFile8openRootEP8SdVolume
                0x00005c2c        0x8 ./Sources/SD/utility/SdFile.o
 .ARM.exidx.text._ZN6SdFile4readEPvt
                0x00005c34        0x8 ./Sources/SD/utility/SdFile.o
 .ARM.exidx.text._ZN6SdFile7readDirEP14directoryEntry
                0x00005c3c        0x8 ./Sources/SD/utility/SdFile.o
 .ARM.exidx.text._ZN6SdFile12readDirCacheEv
                0x00005c44        0x8 ./Sources/SD/utility/SdFile.o
 .ARM.exidx.text._ZN6SdFile7seekSetEm
                0x00005c4c        0x8 ./Sources/SD/utility/SdFile.o
 .ARM.exidx.text._ZN6SdFile4syncEv
                0x00005c54        0x8 ./Sources/SD/utility/SdFile.o
 .ARM.exidx.text._ZN6SdFile5closeEv
                0x00005c5c        0x8 ./Sources/SD/utility/SdFile.o
 .ARM.exidx.text._ZN6SdFile8truncateEm
                0x00005c64        0x8 ./Sources/SD/utility/SdFile.o
 .ARM.exidx.text._ZN6SdFile15openCachedEntryEhh
                0x00005c6c        0x8 ./Sources/SD/utility/SdFile.o
 .ARM.exidx.text._ZN6SdFile4openEPS_PKch
                0x00005c74        0x8 ./Sources/SD/utility/SdFile.o
 .ARM.exidx.text._ZN6SdFile5writeEPKvt
                0x00005c7c        0x8 ./Sources/SD/utility/SdFile.o
 .ARM.exidx.text._ZN6SdFile5writeEh
                0x00005c84        0x8 ./Sources/SD/utility/SdFile.o
 .ARM.exidx.text._ZN8SdVolume10cacheFlushEv
                0x00005c8c        0x8 ./Sources/SD/utility/SdVolume.o
 .ARM.exidx.text._ZN8SdVolume13cacheRawBlockEmh
                0x00005c94        0x0 ./Sources/SD/utility/SdVolume.o
                                  0x8 (size before relaxing)
 .ARM.exidx.text._ZN8SdVolume14cacheZeroBlockEm
                0x00005c94        0x8 ./Sources/SD/utility/SdVolume.o
 .ARM.exidx.text._ZNK8SdVolume6fatGetEmPm
                0x00005c9c        0x8 ./Sources/SD/utility/SdVolume.o
 .ARM.exidx.text._ZNK8SdVolume9chainSizeEmPm
                0x00005ca4        0x8 ./Sources/SD/utility/SdVolume.o
 .ARM.exidx.text._ZN8SdVolume6fatPutEmm
                0x00005cac        0x8 ./Sources/SD/utility/SdVolume.o
 .ARM.exidx.text._ZN8SdVolume15allocContiguousEmPm
                0x00005cb4        0x8 ./Sources/SD/utility/SdVolume.o
 .ARM.exidx.text._ZN8SdVolume9freeChainEm
                0x00005cbc        0x8 ./Sources/SD/utility/SdVolume.o
 .ARM.exidx.text._ZN8SdVolume4initEP7Sd2Cardh
                0x00005cc4        0x8 ./Sources/SD/utility/SdVolume.o
 .ARM.exidx.text._ZN4File5writeEh
                0x00005ccc        0x8 ./Sources/SD/File.o
 .ARM.exidx.text._ZN4File5writeEPKhj
                0x00005cd4        0x8 ./Sources/SD/File.o
 .ARM.exidx.text._ZN4File5flushEv
                0x00005cdc        0x8 ./Sources/SD/File.o
 .ARM.exidx.text._ZN6SdFile4readEv
                0x00005ce4        0x8 ./Sources/SD/File.o
 .ARM.exidx.text._ZN4File4readEv
                0x00005cec        0x8 ./Sources/SD/File.o
 .ARM.exidx.text._ZN4File4peekEv
                0x00005cf4        0x8 ./Sources/SD/File.o
 .ARM.exidx.text._ZN4FileC2E6SdFilePKc
                0x00005cfc        0x8 ./Sources/SD/File.o
 .ARM.exidx.text._ZN4FileC2Ev
                0x00005d04        0x0 ./Sources/SD/File.o
                                  0x8 (size before relaxing)
 .ARM.exidx.text._ZN4File4nameEv
                0x00005d04        0x0 ./Sources/SD/File.o
                                  0x8 (size before relaxing)
 .ARM.exidx.text._ZN4File11isDirectoryEv
                0x00005d04        0x0 ./Sources/SD/File.o
                                  0x8 (size before relaxing)
 .ARM.exidx.text._ZN4File4readEPvt
                0x00005d04        0x8 ./Sources/SD/File.o
 .ARM.exidx.text._ZN4File8positionEv
                0x00005d0c        0x8 ./Sources/SD/File.o
 .ARM.exidx.text._ZN4File4sizeEv
                0x00005d14        0x0 ./Sources/SD/File.o
                                  0x8 (size before relaxing)
 .ARM.exidx.text._ZN4File9availableEv
                0x00005d14        0x0 ./Sources/SD/File.o
                                  0x8 (size before relaxing)
 .ARM.exidx.text._ZN4File5closeEv
                0x00005d14        0x8 ./Sources/SD/File.o
 .ARM.exidx.text._ZN4FilecvbEv
                0x00005d1c        0x8 ./Sources/SD/File.o
 .ARM.exidx.text._Z19callback_pathExistsR6SdFilePcbPv
                0x00005d24        0x8 ./Sources/SD/SD.o
 .ARM.exidx.text._Z20getNextPathComponentPcPjS_
                0x00005d2c        0x8 ./Sources/SD/SD.o
 .ARM.exidx.text._Z8walkPathPcR6SdFilePFbS1_S_bPvES2_
                0x00005d34        0x8 ./Sources/SD/SD.o
 .ARM.exidx.text._ZN7SDClass5beginEv
                0x00005d3c        0x8 ./Sources/SD/SD.o
 .ARM.exidx.text._ZN6SdFileC2ERKS_
                0x00005d44        0x8 ./Sources/SD/SD.o
 .ARM.exidx.text._ZN7SDClass12getParentDirEPKcPi
                0x00005d4c        0x8 ./Sources/SD/SD.o
 .ARM.exidx.text._ZN7SDClass4openEPKch
                0x00005d54        0x8 ./Sources/SD/SD.o
 .ARM.exidx.text._ZN7SDClass6existsEPc
                0x00005d5c        0x8 ./Sources/SD/SD.o
 .ARM.exidx.text._ZN4File12openNextFileEh
                0x00005d64        0x8 ./Sources/SD/SD.o
 .ARM.exidx.text._ZN4File15rewindDirectoryEv
                0x00005d6c        0x8 ./Sources/SD/SD.o
 .ARM.exidx.text.startup._GLOBAL__sub_I__Z20getNextPathComponentPcPjS_
                0x00005d74        0x8 ./Sources/SD/SD.o
 .ARM.exidx.text._Z7DelayMst
                0x00005d7c        0x8 ./Sources/HAL/HAL_Delay.o
 .ARM.exidx.text._Z11Flash_Startv
                0x00005d84        0x8 ./Sources/HAL/HAL_Flash.o
 .ARM.exidx.text._Z11Flash_Erasemm
                0x00005d8c        0x8 ./Sources/HAL/HAL_Flash.o
 .ARM.exidx.text._Z11Flash_WritemPhm
                0x00005d94        0x8 ./Sources/HAL/HAL_Flash.o
 .ARM.exidx.text._Z10GPIO_Startv
                0x00005d9c        0x8 ./Sources/HAL/HAL_GPIO.o
 .ARM.exidx.text._Z9SD_CS_Lowv
                0x00005da4        0x8 ./Sources/HAL/HAL_GPIO.o
 .ARM.exidx.text._Z10SD_CS_Highv
                0x00005dac        0x0 ./Sources/HAL/HAL_GPIO.o
                                  0x8 (size before relaxing)
 .ARM.exidx.text._Z10LED_Red_Onv
                0x00005dac        0x0 ./Sources/HAL/HAL_GPIO.o
                                  0x8 (size before relaxing)
 .ARM.exidx.text._Z11LED_Red_Offv
                0x00005dac        0x0 ./Sources/HAL/HAL_GPIO.o
                                  0x8 (size before relaxing)
 .ARM.exidx.text._Z12LED_Green_Onv
                0x00005dac        0x0 ./Sources/HAL/HAL_GPIO.o
                                  0x8 (size before relaxing)
 .ARM.exidx.text._Z13LED_Green_Offv
                0x00005dac        0x0 ./Sources/HAL/HAL_GPIO.o
                                  0x8 (size before relaxing)
 .ARM.exidx.text._Z13LED_Red_Blinkm
                0x00005dac        0x8 ./Sources/HAL/HAL_GPIO.o
 .ARM.exidx.text._Z15LED_Green_Blinkm
                0x00005db4        0x0 ./Sources/HAL/HAL_GPIO.o
                                  0x8 (size before relaxing)
 .ARM.exidx.text._Z12SPI_SD_Startv
                0x00005db4        0x8 ./Sources/HAL/HAL_SD.o
 .ARM.exidx.text._Z18SPI_SD_SetLowSpeedv
                0x00005dbc        0x8 ./Sources/HAL/HAL_SD.o
 .ARM.exidx.text._Z19SPI_SD_SetHighSpeedv
                0x00005dc4        0x0 ./Sources/HAL/HAL_SD.o
                                  0x8 (size before relaxing)
 .ARM.exidx.text._Z15SPI_SD_IsTxDonev
                0x00005dc4        0x0 ./Sources/HAL/HAL_SD.o
                                  0x8 (size before relaxing)
 .ARM.exidx.text._Z15SPI_SD_Transferc
                0x00005dc4        0x8 ./Sources/HAL/HAL_SD.o
 .ARM.exidx.text._Z10SD_Connectv
                0x00005dcc        0x8 ./Sources/HAL/HAL_SD.o
 .ARM.exidx.text._Z14SD_IsCardReadyv
                0x00005dd4        0x8 ./Sources/HAL/HAL_SD.o
 .ARM.exidx.text._Z18Timer_Millis_Startv
                0x00005ddc        0x8 ./Sources/HAL/HAL_Timer_Millis.o
 .ARM.exidx.text._Z10UART_Startv
                0x00005de4        0x8 ./Sources/HAL/HAL_UART.o
 .ARM.exidx.text._Z10UART_Printc
                0x00005dec        0x8 ./Sources/HAL/HAL_UART.o
 .ARM.exidx.text._Z10UART_PrintPKc
                0x00005df4        0x0 ./Sources/HAL/HAL_UART.o
                                  0x8 (size before relaxing)
 .ARM.exidx.text._Z10UART_PrintPc
                0x00005df4        0x0 ./Sources/HAL/HAL_UART.o
                                  0x8 (size before relaxing)
 .ARM.exidx.text._Z12UART_GetCharv
                0x00005df4        0x8 ./Sources/HAL/HAL_UART.o
 .ARM.exidx.text._Z10UART_Flushv
                0x00005dfc        0x8 ./Sources/HAL/HAL_UART.o
 .ARM.exidx.text.UART_ISR
                0x00005e04        0x8 ./Sources/HAL/HAL_UART.o
 .ARM.exidx.text._Z7toLowerc
                0x00005e0c        0x0 ./Sources/Console/Command_Parser.o
                                  0x8 (size before relaxing)
 .ARM.exidx.text._Z14Command_GetArghPch
                0x00005e0c        0x0 ./Sources/Console/Command_Parser.o
                                  0x8 (size before relaxing)
 .ARM.exidx.text._Z7matchesPcPKch
                0x00005e0c        0x0 ./Sources/Console/Command_Parser.o
                                  0x8 (size before relaxing)
 .ARM.exidx.text._Z13Command_ParsePch
                0x00005e0c        0x8 ./Sources/Console/Command_Parser.o
 .ARM.exidx.text._Z18Console_Input_Charv
                0x00005e14        0x8 ./Sources/Console/Console.o
 .ARM.exidx.text._Z14Console_Promptv
                0x00005e1c        0x8 ./Sources/Console/Console.o
 .ARM.exidx.text._Z12Command_Helpv
                0x00005e24        0x8 ./Sources/Console/Console.o
 .ARM.exidx.text._Z13Command_Resetv
                0x00005e2c        0x8 ./Sources/Console/Console.o
 .ARM.exidx.text._Z16Command_InitCardv
                0x00005e34        0x8 ./Sources/Console/Console.o
 .ARM.exidx.text._Z11Command_Dirv
                0x00005e3c        0x8 ./Sources/Console/Console.o
 .ARM.exidx.text._Z10Command_Cdv
                0x00005e44        0x8 ./Sources/Console/Console.o
 .ARM.exidx.text._Z13Command_Flashv
                0x00005e4c        0x8 ./Sources/Console/Console.o
 .ARM.exidx.text._Z15Console_Processv
                0x00005e54        0x8 ./Sources/Console/Console.o
 .ARM.exidx.text._ZN5Print5writeEPKhj
                0x00005e5c        0x8 ./Sources/Arduino/Print.o
 .ARM.exidx.text.millis
                0x00005e64        0x8 ./Sources/Arduino/WMath.o
 .ARM.exidx.text._ZdlPv
                0x00005e6c        0x0 ./Sources/Arduino/new.o
                                  0x8 (size before relaxing)
 .ARM.exidx.text.BL_CheckForUserApp
                0x00005e6c        0x8 ./Sources/bootloader.o
 .ARM.exidx.text._Z8BL_Erasev
                0x00005e74        0x8 ./Sources/bootloader.o
 .ARM.exidx.text._Z8BL_FlashPc
                0x00005e7c        0x8 ./Sources/bootloader.o
 .ARM.exidx.text._Z5nmainv
                0x00005e84        0x8 ./Sources/bootloader.o
 .ARM.exidx.text.mainentry
                0x00005e8c        0x8 ./Sources/bootloader.o
 .ARM.exidx.text.startup._GLOBAL__sub_I_millis_
                0x00005e94        0x8 ./Sources/bootloader.o
 .ARM.exidx     0x00005b04       0x88 c:/freescale/kds_3.0.0/toolchain/bin/../lib/gcc/arm-none-eabi/4.8.4/armv7e-m/fpu\libgcc.a(unwind-arm.o)
                                 0xd8 (size before relaxing)
 .ARM.exidx     0x00005b8c       0x38 c:/freescale/kds_3.0.0/toolchain/bin/../lib/gcc/arm-none-eabi/4.8.4/armv7e-m/fpu\libgcc.a(pr-support.o)
                                 0x48 (size before relaxing)
                0x00005e9c                __exidx_end = .

.rel.dyn        0x00005e9c        0x0
 .rel.iplt      0x00000000        0x0 c:/freescale/kds_3.0.0/toolchain/bin/../lib/gcc/arm-none-eabi/4.8.4/armv7e-m/fpu/crtbegin.o

.ctors          0x00005e9c        0x0
                0x00005e9c                __CTOR_LIST__ = .
 *crtbegin.o(.ctors)
 *(EXCLUDE_FILE(*crtend.o) .ctors)
 *(SORT(.ctors.*))
 *(.ctors)
                0x00005e9c                __CTOR_END__ = .

.dtors          0x00005e9c        0x0
                0x00005e9c                __DTOR_LIST__ = .
 *crtbegin.o(.dtors)
 *(EXCLUDE_FILE(*crtend.o) .dtors)
 *(SORT(.dtors.*))
 *(.dtors)
                0x00005e9c                __DTOR_END__ = .

.preinit_array  0x00005e9c        0x0
                0x00005e9c                PROVIDE (__preinit_array_start, .)
 *(.preinit_array*)
                0x00005e9c                PROVIDE (__preinit_array_end, .)

.init_array     0x00005e9c        0xc
                0x00005e9c                PROVIDE (__init_array_start, .)
 *(SORT(.init_array.*))
 *(.init_array*)
 .init_array    0x00005e9c        0x4 c:/freescale/kds_3.0.0/toolchain/bin/../lib/gcc/arm-none-eabi/4.8.4/armv7e-m/fpu/crtbegin.o
 .init_array    0x00005ea0        0x4 ./Sources/SD/SD.o
 .init_array    0x00005ea4        0x4 ./Sources/bootloader.o
                0x00005ea8                PROVIDE (__init_array_end, .)

.fini_array     0x00005ea8        0x4
                0x00005ea8                PROVIDE (__fini_array_start, .)
 *(SORT(.fini_array.*))
 *(.fini_array*)
 .fini_array    0x00005ea8        0x4 c:/freescale/kds_3.0.0/toolchain/bin/../lib/gcc/arm-none-eabi/4.8.4/armv7e-m/fpu/crtbegin.o
                0x00005eac                PROVIDE (__fini_array_end, .)
                0x00005eac                ___ROM_AT = .

.data           0x20000000       0xac load address 0x00005eac
                0x20000000                . = ALIGN (0x4)
                0x20000000                _sdata = .
 *(.data)
 *(.data*)
 .data._ZN8SdVolume17cacheBlockNumber_E
                0x20000000        0x4 ./Sources/SD/utility/SdVolume.o
                0x20000000                SdVolume::cacheBlockNumber_
 .data.cwdlen   0x20000004        0x1 ./Sources/Console/Console.o
                0x20000004                cwdlen
 .data.cwd      0x20000005       0x40 ./Sources/Console/Console.o
                0x20000005                cwd
 *fill*         0x20000045        0x3 
 .data.impure_data
                0x20000048       0x60 c:/freescale/kds_3.0.0/toolchain/bin/../lib/gcc/arm-none-eabi/4.8.4/../../../../arm-none-eabi/lib/armv7e-m/fpu\libg_s.a(lib_a-impure.o)
 .data._impure_ptr
                0x200000a8        0x4 c:/freescale/kds_3.0.0/toolchain/bin/../lib/gcc/arm-none-eabi/4.8.4/../../../../arm-none-eabi/lib/armv7e-m/fpu\libg_s.a(lib_a-impure.o)
                0x200000a8                _impure_ptr
                0x200000ac                . = ALIGN (0x4)
                0x200000ac                _edata = .
                0x000000ac                ___data_size = (_edata - _sdata)
                0x00005f58                ___m_data_1FFFE000_ROMStart = (___ROM_AT + SIZEOF (.data))

.jcr            0x200000ac        0x0 load address 0x00005f58
 .jcr           0x200000ac        0x0 c:/freescale/kds_3.0.0/toolchain/bin/../lib/gcc/arm-none-eabi/4.8.4/armv7e-m/fpu/crtbegin.o

.igot.plt       0x200000ac        0x0 load address 0x00005f58
 .igot.plt      0x00000000        0x0 c:/freescale/kds_3.0.0/toolchain/bin/../lib/gcc/arm-none-eabi/4.8.4/armv7e-m/fpu/crtbegin.o

.m_data_1FFFE000
                0x1fffe000        0x0 load address 0x00005f58
                0x1fffe000                . = ALIGN (0x4)
                0x1fffe000                ___m_data_1FFFE000_RAMStart = .
 *(.m_data_1FFFE000)
                0x1fffe000                ___m_data_1FFFE000_RAMEnd = .
                0x1fffe000                . = ALIGN (0x4)
                0x00000000                ___m_data_1FFFE000_ROMSize = (___m_data_1FFFE000_RAMEnd - ___m_data_1FFFE000_RAMStart)
                0x1fffe000                . = ALIGN (0x4)

.bss            0x200000ac      0x6fc load address 0x00005f58
                0x200000ac                __START_BSS = .
                0x200000ac                PROVIDE (__bss_start__, __START_BSS)
 *(.bss)
 .bss           0x200000ac       0x1c c:/freescale/kds_3.0.0/toolchain/bin/../lib/gcc/arm-none-eabi/4.8.4/armv7e-m/fpu/crtbegin.o
 *(.bss*)
 .bss.SR_lock   0x200000c8        0x1 ./Static_Code/System/CPU_Init.o
                0x200000c8                SR_lock
 *fill*         0x200000c9        0x3 
 .bss._ZN6SdFile9dateTime_E
                0x200000cc        0x4 ./Sources/SD/utility/SdFile.o
                0x200000cc                SdFile::dateTime_
 .bss._ZN8SdVolume17cacheMirrorBlock_E
                0x200000d0        0x4 ./Sources/SD/utility/SdVolume.o
                0x200000d0                SdVolume::cacheMirrorBlock_
 .bss._ZN8SdVolume7sdCard_E
                0x200000d4        0x4 ./Sources/SD/utility/SdVolume.o
                0x200000d4                SdVolume::sdCard_
 .bss._ZN8SdVolume12cacheBuffer_E
                0x200000d8      0x200 ./Sources/SD/utility/SdVolume.o
                0x200000d8                SdVolume::cacheBuffer_
 .bss._ZN8SdVolume11cacheDirty_E
                0x200002d8        0x1 ./Sources/SD/utility/SdVolume.o
                0x200002d8                SdVolume::cacheDirty_
 *fill*         0x200002d9        0x3 
 .bss.SD        0x200002dc       0x60 ./Sources/SD/SD.o
                0x200002dc                SD
 .bss.FLASH     0x2000033c        0x4 ./Sources/HAL/HAL_Flash.o
                0x2000033c                FLASH
 .bss.cardReady_
                0x20000340        0x1 ./Sources/HAL/HAL_SD.o
                0x20000340                cardReady_
 .bss.c         0x20000341        0x1 ./Sources/HAL/HAL_SD.o
                0x20000341                c
 .bss._ZL3buf   0x20000342        0x2 ./Sources/HAL/HAL_SD.o
 .bss.SPI_SD    0x20000344        0x4 ./Sources/HAL/HAL_SD.o
                0x20000344                SPI_SD
 .bss.TIMER_MILLIS
                0x20000348        0x4 ./Sources/HAL/HAL_Timer_Millis.o
                0x20000348                TIMER_MILLIS
 .bss.STATE     0x2000034c        0x1 ./Sources/Console/Command_Parser.o
 .bss.cmd       0x2000034d       0x10 ./Sources/Console/Command_Parser.o
                0x2000034d                cmd
 .bss.cmdlen    0x2000035d        0x1 ./Sources/Console/Command_Parser.o
                0x2000035d                cmdlen
 .bss.args      0x2000035e       0x40 ./Sources/Console/Command_Parser.o
                0x2000035e                args
 .bss.arglen    0x2000039e        0x1 ./Sources/Console/Command_Parser.o
                0x2000039e                arglen
 .bss.linebuffer
                0x2000039f       0x40 ./Sources/Console/Console.o
                0x2000039f                linebuffer
 .bss.COMMAND_ERASE
                0x200003df        0x1 ./Sources/Console/Console.o
                0x200003df                COMMAND_ERASE
 .bss.COMMAND_FLASH
                0x200003e0        0x1 ./Sources/Console/Console.o
                0x200003e0                COMMAND_FLASH
 .bss.lbufsize  0x200003e1        0x1 ./Sources/Console/Console.o
                0x200003e1                lbufsize
 .bss.COMMAND_RESET
                0x200003e2        0x1 ./Sources/Console/Console.o
                0x200003e2                COMMAND_RESET
 .bss.COMMAND_INITCARD
                0x200003e3        0x1 ./Sources/Console/Console.o
                0x200003e3                COMMAND_INITCARD
 .bss.COMMAND_HELP
                0x200003e4        0x1 ./Sources/Console/Console.o
                0x200003e4                COMMAND_HELP
 .bss.COMMAND_DIR
                0x200003e5        0x1 ./Sources/Console/Console.o
                0x200003e5                COMMAND_DIR
 .bss.COMMAND_CD
                0x200003e6        0x1 ./Sources/Console/Console.o
                0x200003e6                COMMAND_CD
 *fill*         0x200003e7        0x1 
 .bss.millis_   0x200003e8        0x4 ./Sources/bootloader.o
                0x200003e8                millis_
 .bss.fwfile    0x200003ec       0x24 ./Sources/bootloader.o
                0x200003ec                fwfile
 .bss._ZZ8BL_FlashPcE3buf
                0x20000410      0x200 ./Sources/bootloader.o
 .bss.INT_UART1_ERR__DEFAULT_RTOS_ISRPARAM
                0x20000610        0x4 ./Generated_Code/ASerialLdd1.o
 .bss.INT_UART1_RX_TX__DEFAULT_RTOS_ISRPARAM
                0x20000614        0x4 ./Generated_Code/ASerialLdd1.o
 .bss.DeviceDataPrv__DEFAULT_RTOS_ALLOC
                0x20000618       0x20 ./Generated_Code/ASerialLdd1.o
 .bss.DeviceDataPrv__DEFAULT_RTOS_ALLOC
                0x20000638        0x4 ./Generated_Code/BitIoLdd1.o
 .bss.DeviceDataPrv__DEFAULT_RTOS_ALLOC
                0x2000063c       0x50 ./Generated_Code/FLASH.o
 .bss.DeviceDataPrv__DEFAULT_RTOS_ALLOC
                0x2000068c        0x4 ./Generated_Code/LEDGreen.o
 .bss.DeviceDataPrv__DEFAULT_RTOS_ALLOC
                0x20000690        0x4 ./Generated_Code/LEDRed.o
 .bss.PE_LDD_DeviceDataList
                0x20000694       0x24 ./Generated_Code/PE_LDD.o
                0x20000694                PE_LDD_DeviceDataList
 .bss.DeviceDataPrv__DEFAULT_RTOS_ALLOC
                0x200006b8        0x4 ./Generated_Code/SDCS.o
 .bss.INT_SPI1__DEFAULT_RTOS_ISRPARAM
                0x200006bc        0x4 ./Generated_Code/SPI_SD.o
 .bss.DeviceDataPrv__DEFAULT_RTOS_ALLOC
                0x200006c0       0x20 ./Generated_Code/SPI_SD.o
 .bss.INT_FTM0__DEFAULT_RTOS_ISRPARAM
                0x200006e0        0x4 ./Generated_Code/TU1.o
 .bss.DeviceDataPrv__DEFAULT_RTOS_ALLOC
                0x200006e4        0xc ./Generated_Code/TU1.o
 .bss.DeviceDataPrv__DEFAULT_RTOS_ALLOC
                0x200006f0        0xc ./Generated_Code/TimerMillis.o
 .bss.SerFlag   0x200006fc        0x2 ./Generated_Code/UART.o
 .bss.UART_InpLen
                0x200006fe        0x2 ./Generated_Code/UART.o
 .bss.InpIndexR
                0x20000700        0x2 ./Generated_Code/UART.o
 .bss.BufferRead
                0x20000702        0x1 ./Generated_Code/UART.o
 .bss.OutBuffer
                0x20000703       0x40 ./Generated_Code/UART.o
 *fill*         0x20000743        0x1 
 .bss.InpIndexW
                0x20000744        0x2 ./Generated_Code/UART.o
 .bss.OnFreeTxBufSemaphore
                0x20000746        0x1 ./Generated_Code/UART.o
 *fill*         0x20000747        0x1 
 .bss.OutIndexR
                0x20000748        0x2 ./Generated_Code/UART.o
 .bss.InpBuffer
                0x2000074a       0x40 ./Generated_Code/UART.o
 .bss.OutIndexW
                0x2000078a        0x2 ./Generated_Code/UART.o
 .bss.UART_OutLen
                0x2000078c        0x2 ./Generated_Code/UART.o
 *fill*         0x2000078e        0x2 
 .bss.__malloc_sbrk_start
                0x20000790        0x4 c:/freescale/kds_3.0.0/toolchain/bin/../lib/gcc/arm-none-eabi/4.8.4/../../../../arm-none-eabi/lib/armv7e-m/fpu\libg_s.a(lib_a-nano-mallocr.o)
                0x20000790                __malloc_sbrk_start
 .bss.__malloc_free_list
                0x20000794        0x4 c:/freescale/kds_3.0.0/toolchain/bin/../lib/gcc/arm-none-eabi/4.8.4/../../../../arm-none-eabi/lib/armv7e-m/fpu\libg_s.a(lib_a-nano-mallocr.o)
                0x20000794                __malloc_free_list
 .bss.heap_end.4246
                0x20000798        0x4 c:/freescale/kds_3.0.0/toolchain/bin/../lib/gcc/arm-none-eabi/4.8.4/../../../../arm-none-eabi/lib/armv7e-m/fpu\libnosys.a(sbrk.o)
 *(COMMON)
 COMMON         0x2000079c        0x1 ./Static_Code/System/CPU_Init.o
                0x2000079c                SR_reg
 *fill*         0x2000079d        0x3 
 COMMON         0x200007a0        0x4 ./Generated_Code/UART.o
                0x200007a0                ASerialLdd1_DeviceDataPtr
 COMMON         0x200007a4        0x4 c:/freescale/kds_3.0.0/toolchain/bin/../lib/gcc/arm-none-eabi/4.8.4/../../../../arm-none-eabi/lib/armv7e-m/fpu\libg_s.a(lib_a-reent.o)
                0x200007a4                errno
                0x200007a8                . = ALIGN (0x4)
                0x200007a8                __END_BSS = .
                0x200007a8                PROVIDE (__bss_end__, __END_BSS)
                0x00005f58                _romp_at = ((___ROM_AT + SIZEOF (.data)) + SIZEOF (.m_data_1FFFE000))

.romp           0x200007a8       0x24 load address 0x00005f58
                0x00005f58                __S_romp = _romp_at
                0x200007a8        0x4 LONG 0x5eac ___ROM_AT
                0x200007ac        0x4 LONG 0x20000000 _sdata
                0x200007b0        0x4 LONG 0xac ___data_size
                0x200007b4        0x4 LONG 0x5f58 ___m_data_1FFFE000_ROMStart
                0x200007b8        0x4 LONG 0x1fffe000 ___m_data_1FFFE000_RAMStart
                0x200007bc        0x4 LONG 0x0 ___m_data_1FFFE000_ROMSize
                0x200007c0        0x4 LONG 0x0
                0x200007c4        0x4 LONG 0x0
                0x200007c8        0x4 LONG 0x0

._user_heap_stack
                0x200007cc      0x400 load address 0x00005f7c
                0x200007cc                . = ALIGN (0x4)
                0x200007cc                PROVIDE (end, .)
                0x200007cc                PROVIDE (_end, .)
                0x200007cc                __heap_addr = .
                0x200007cc                __HeapBase = .
                0x200007cc                . = (. + __heap_size)
                0x200007cc                __HeapLimit = .
                0x20000bcc                . = (. + __stack_size)
 *fill*         0x200007cc      0x400 
                0x20000bcc                . = ALIGN (0x4)

.ARM.attributes
                0x00000000       0x30
 *(.ARM.attributes)
 .ARM.attributes
                0x00000000       0x22 c:/freescale/kds_3.0.0/toolchain/bin/../lib/gcc/arm-none-eabi/4.8.4/armv7e-m/fpu/crti.o
 .ARM.attributes
                0x00000022       0x34 c:/freescale/kds_3.0.0/toolchain/bin/../lib/gcc/arm-none-eabi/4.8.4/armv7e-m/fpu/crtbegin.o
 .ARM.attributes
                0x00000056       0x20 c:/freescale/kds_3.0.0/toolchain/bin/../lib/gcc/arm-none-eabi/4.8.4/../../../../arm-none-eabi/lib/armv7e-m/fpu/crt0.o
 .ARM.attributes
                0x00000076       0x39 ./Static_Code/System/CPU_Init.o
 .ARM.attributes
                0x000000af       0x39 ./Static_Code/System/Vectors.o
 .ARM.attributes
                0x000000e8       0x39 ./Sources/SPI/SPI.o
 .ARM.attributes
                0x00000121       0x39 ./Sources/SD/utility/Sd2Card.o
 .ARM.attributes
                0x0000015a       0x39 ./Sources/SD/utility/SdFile.o
 .ARM.attributes
                0x00000193       0x39 ./Sources/SD/utility/SdVolume.o
 .ARM.attributes
                0x000001cc       0x39 ./Sources/SD/File.o
 .ARM.attributes
                0x00000205       0x39 ./Sources/SD/SD.o
 .ARM.attributes
                0x0000023e       0x39 ./Sources/HAL/HAL_Delay.o
 .ARM.attributes
                0x00000277       0x39 ./Sources/HAL/HAL_Flash.o
 .ARM.attributes
                0x000002b0       0x39 ./Sources/HAL/HAL_GPIO.o
 .ARM.attributes
                0x000002e9       0x39 ./Sources/HAL/HAL_SD.o
 .ARM.attributes
                0x00000322       0x39 ./Sources/HAL/HAL_Timer_Millis.o
 .ARM.attributes
                0x0000035b       0x39 ./Sources/HAL/HAL_UART.o
 .ARM.attributes
                0x00000394       0x39 ./Sources/Console/Command_Parser.o
 .ARM.attributes
                0x000003cd       0x39 ./Sources/Console/Console.o
 .ARM.attributes
                0x00000406       0x39 ./Sources/Arduino/Print.o
 .ARM.attributes
                0x0000043f       0x39 ./Sources/Arduino/WMath.o
 .ARM.attributes
                0x00000478       0x39 ./Sources/Arduino/new.o
 .ARM.attributes
                0x000004b1       0x39 ./Sources/Events.o
 .ARM.attributes
                0x000004ea       0x39 ./Sources/bootloader.o
 .ARM.attributes
                0x00000523       0x39 ./Sources/main.o
 .ARM.attributes
                0x0000055c       0x39 ./Project_Settings/Startup_Code/startup.o
 .ARM.attributes
                0x00000595       0x39 ./Generated_Code/ASerialLdd1.o
 .ARM.attributes
                0x000005ce       0x39 ./Generated_Code/BitIoLdd1.o
 .ARM.attributes
                0x00000607       0x39 ./Generated_Code/Cpu.o
 .ARM.attributes
                0x00000640       0x39 ./Generated_Code/FLASH.o
 .ARM.attributes
                0x00000679       0x39 ./Generated_Code/LEDGreen.o
 .ARM.attributes
                0x000006b2       0x39 ./Generated_Code/LEDRed.o
 .ARM.attributes
                0x000006eb       0x39 ./Generated_Code/PE_LDD.o
 .ARM.attributes
                0x00000724       0x39 ./Generated_Code/SDCS.o
 .ARM.attributes