Archive member included because of file (symbol)

c:/freescale/kds_3.0.0/toolchain/bin/../lib/gcc/arm-none-eabi/4.8.4/../../../../arm-none-eabi/lib/armv7e-m/fpu\libstdc++_s.a(class_type_info.o)
                              ./Sources/Arduino/Print.o (vtable for __cxxabiv1::__class_type_info)
c:/freescale/kds_3.0.0/toolchain/bin/../lib/gcc/arm-none-eabi/4.8.4/../../../../arm-none-eabi/lib/armv7e-m/fpu\libstdc++_s.a(si_class_type_info.o)
                              ./Sources/SD/utility/SdFile.o (vtable for __cxxabiv1::__si_class_type_info)
c:/freescale/kds_3.0.0/toolchain/bin/../lib/gcc/arm-none-eabi/4.8.4/../../../../arm-none-eabi/lib/armv7e-m/fpu\libstdc++_s.a(pure.o)
                              ./Sources/SD/File.o (__cxa_pure_virtual)
c:/freescale/kds_3.0.0/toolchain/bin/../lib/gcc/arm-none-eabi/4.8.4/../../../../arm-none-eabi/lib/armv7e-m/fpu\libstdc++_s.a(eh_terminate.o)
                              c:/freescale/kds_3.0.0/toolchain/bin/../lib/gcc/arm-none-eabi/4.8.4/../../../../arm-none-eabi/lib/armv7e-m/fpu\libstdc++_s.a(pure.o) (std::terminate())
c:/freescale/kds_3.0.0/toolchain/bin/../lib/gcc/arm-none-eabi/4.8.4/../../../../arm-none-eabi/lib/armv7e-m/fpu\libstdc++_s.a(tinfo.o)
                              c:/freescale/kds_3.0.0/toolchain/bin/../lib/gcc/arm-none-eabi/4.8.4/../../../../arm-none-eabi/lib/armv7e-m/fpu\libstdc++_s.a(class_type_info.o) (std::type_info::~type_info())
c:/freescale/kds_3.0.0/toolchain/bin/../lib/gcc/arm-none-eabi/4.8.4/../../../../arm-none-eabi/lib/armv7e-m/fpu\libstdc++_s.a(eh_unex_handler.o)
                              c:/freescale/kds_3.0.0/toolchain/bin/../lib/gcc/arm-none-eabi/4.8.4/../../../../arm-none-eabi/lib/armv7e-m/fpu\libstdc++_s.a(eh_terminate.o) (__cxxabiv1::__unexpected_handler)
c:/freescale/kds_3.0.0/toolchain/bin/../lib/gcc/arm-none-eabi/4.8.4/../../../../arm-none-eabi/lib/armv7e-m/fpu\libstdc++_s.a(eh_term_handler.o)
                              c:/freescale/kds_3.0.0/toolchain/bin/../lib/gcc/arm-none-eabi/4.8.4/../../../../arm-none-eabi/lib/armv7e-m/fpu\libstdc++_s.a(eh_terminate.o) (__cxxabiv1::__terminate_handler)
c:/freescale/kds_3.0.0/toolchain/bin/../lib/gcc/arm-none-eabi/4.8.4/../../../../arm-none-eabi/lib/armv7e-m/fpu\libstdc++_s.a(vterminate.o)
                              c:/freescale/kds_3.0.0/toolchain/bin/../lib/gcc/arm-none-eabi/4.8.4/../../../../arm-none-eabi/lib/armv7e-m/fpu\libstdc++_s.a(eh_term_handler.o) (__gnu_cxx::__verbose_terminate_handler())
c:/freescale/kds_3.0.0/toolchain/bin/../lib/gcc/arm-none-eabi/4.8.4/../../../../arm-none-eabi/lib/armv7e-m/fpu\libstdc++_s.a(eh_type.o)
                              c:/freescale/kds_3.0.0/toolchain/bin/../lib/gcc/arm-none-eabi/4.8.4/../../../../arm-none-eabi/lib/armv7e-m/fpu\libstdc++_s.a(vterminate.o) (__cxa_current_exception_type)
c:/freescale/kds_3.0.0/toolchain/bin/../lib/gcc/arm-none-eabi/4.8.4/../../../../arm-none-eabi/lib/armv7e-m/fpu\libstdc++_s.a(cp-demangle.o)
                              c:/freescale/kds_3.0.0/toolchain/bin/../lib/gcc/arm-none-eabi/4.8.4/../../../../arm-none-eabi/lib/armv7e-m/fpu\libstdc++_s.a(vterminate.o) (__cxa_demangle)
c:/freescale/kds_3.0.0/toolchain/bin/../lib/gcc/arm-none-eabi/4.8.4/../../../../arm-none-eabi/lib/armv7e-m/fpu\libstdc++_s.a(eh_globals.o)
                              c:/freescale/kds_3.0.0/toolchain/bin/../lib/gcc/arm-none-eabi/4.8.4/../../../../arm-none-eabi/lib/armv7e-m/fpu\libstdc++_s.a(eh_type.o) (__cxa_get_globals)
c:/freescale/kds_3.0.0/toolchain/bin/../lib/gcc/arm-none-eabi/4.8.4/../../../../arm-none-eabi/lib/armv7e-m/fpu\libm.a(lib_a-s_fpclassify.o)
                              ./Sources/Arduino/Print.o (__fpclassifyd)
c:/freescale/kds_3.0.0/toolchain/bin/../lib/gcc/arm-none-eabi/4.8.4/armv7e-m/fpu\libgcc.a(_arm_addsubdf3.o)
                              ./Sources/Arduino/Print.o (__aeabi_dsub)
c:/freescale/kds_3.0.0/toolchain/bin/../lib/gcc/arm-none-eabi/4.8.4/armv7e-m/fpu\libgcc.a(_arm_muldivdf3.o)
                              ./Sources/Arduino/Print.o (__aeabi_dmul)
c:/freescale/kds_3.0.0/toolchain/bin/../lib/gcc/arm-none-eabi/4.8.4/armv7e-m/fpu\libgcc.a(_arm_cmpdf2.o)
                              ./Sources/Arduino/Print.o (__aeabi_dcmplt)
c:/freescale/kds_3.0.0/toolchain/bin/../lib/gcc/arm-none-eabi/4.8.4/armv7e-m/fpu\libgcc.a(_arm_fixdfsi.o)
                              ./Sources/Arduino/Print.o (__aeabi_d2iz)
c:/freescale/kds_3.0.0/toolchain/bin/../lib/gcc/arm-none-eabi/4.8.4/armv7e-m/fpu\libgcc.a(_arm_fixunsdfsi.o)
                              ./Sources/Arduino/Print.o (__aeabi_d2uiz)
c:/freescale/kds_3.0.0/toolchain/bin/../lib/gcc/arm-none-eabi/4.8.4/armv7e-m/fpu\libgcc.a(_arm_truncdfsf2.o)
                              ./Sources/Arduino/Stream.o (__aeabi_d2f)
c:/freescale/kds_3.0.0/toolchain/bin/../lib/gcc/arm-none-eabi/4.8.4/armv7e-m/fpu\libgcc.a(unwind-arm.o)
                              ./Sources/Settings/Settings_FileRead.o (__aeabi_unwind_cpp_pr0)
[...]
Memory Configuration

Name             Origin             Length             Attributes
m_interrupts     0x0000a000         0x00000198         xr
m_text           0x0000a410         0x000153f0         xr
m_data           0x1fffe000         0x00006000         rw
nvm_config       0x0001f800         0x00000800         xrw
m_cfmprotrom     0x0000a400         0x00000010         xr
*default*        0x00000000         0xffffffff

Linker script and memory map

LOAD c:/freescale/kds_3.0.0/toolchain/bin/../lib/gcc/arm-none-eabi/4.8.4/armv7e-m/fpu/crti.o
LOAD c:/freescale/kds_3.0.0/toolchain/bin/../lib/gcc/arm-none-eabi/4.8.4/armv7e-m/fpu/crtbegin.o
LOAD c:/freescale/kds_3.0.0/toolchain/bin/../lib/gcc/arm-none-eabi/4.8.4/../../../../arm-none-eabi/lib/armv7e-m/fpu/crt0.o
LOAD ./Static_Code/System/CPU_Init.o
LOAD ./Static_Code/System/Peripherals_Init.o
LOAD ./Static_Code/System/Vectors.o
LOAD ./Static_Code/Peripherals/USB0_Init.o
LOAD ./Sources/Settings/Settings_FileRead.o
LOAD ./Sources/Settings/Settings_Persist.o
LOAD ./Sources/SDCard/FileFormat_CSV.o
LOAD ./Sources/SDCard/FileFormat_Raw.o
LOAD ./Sources/SD/utility/Sd2Card.o
LOAD ./Sources/SD/utility/SdFile.o
LOAD ./Sources/SD/utility/SdVolume.o
LOAD ./Sources/SD/File.o
LOAD ./Sources/SD/SD.o
LOAD ./Sources/RTC/Scheduling.o
LOAD ./Sources/RTC/Time_Utils.o
LOAD ./Sources/ISRs/ISR_ADC.o
LOAD ./Sources/ISRs/ISR_Accel.o
LOAD ./Sources/ISRs/ISR_Button_StartStop.o
LOAD ./Sources/ISRs/ISR_SD_CD.o
LOAD ./Sources/ISRs/ISR_Timer_Millis.o
LOAD ./Sources/HAL/HAL_ADC.o
LOAD ./Sources/HAL/HAL_Accel.o
LOAD ./Sources/HAL/HAL_Delay.o
LOAD ./Sources/HAL/HAL_Flash.o
LOAD ./Sources/HAL/HAL_GPIO.o
LOAD ./Sources/HAL/HAL_RTC.o
LOAD ./Sources/HAL/HAL_SD.o
LOAD ./Sources/HAL/HAL_SPI_SD.o
LOAD ./Sources/HAL/HAL_Timer_Millis.o
LOAD ./Sources/HAL/HAL_UART.o
LOAD ./Sources/HAL/HAL_USB.o
LOAD ./Sources/Datalogging/DataLogging_Control.o
LOAD ./Sources/Datalogging/Sensor_Control.o
LOAD ./Sources/Datalogging/dbuffer.o
LOAD ./Sources/Command/Command.o
LOAD ./Sources/Command/UART_Command.o
LOAD ./Sources/Command/USB_Command.o
LOAD ./Sources/Arduino/Print.o
LOAD ./Sources/Arduino/Stream.o
LOAD ./Sources/Arduino/WMath.o
LOAD ./Sources/Arduino/new.o
LOAD ./Sources/Events.o
LOAD ./Sources/main.o
LOAD ./Project_Settings/Startup_Code/startup.o
LOAD ./Generated_Code/ADCCS.o
LOAD ./Generated_Code/ADC_Accel.o
LOAD ./Generated_Code/ADC_DR.o
LOAD ./Generated_Code/ASerialLdd1.o
LOAD ./Generated_Code/AdcLdd1.o
LOAD ./Generated_Code/ButtonStartStop.o
LOAD ./Generated_Code/CDC1.o
LOAD ./Generated_Code/CS1.o
LOAD ./Generated_Code/Cpu.o
LOAD ./Generated_Code/DMA1.o
LOAD ./Generated_Code/FLASH.o
LOAD ./Generated_Code/IntFlashLdd1.o
LOAD ./Generated_Code/LEDBlue.o
LOAD ./Generated_Code/LEDGreen.o
LOAD ./Generated_Code/LEDRed.o
LOAD ./Generated_Code/PE_LDD.o
LOAD ./Generated_Code/RTC.o
LOAD ./Generated_Code/Rx1.o
LOAD ./Generated_Code/SDCD.o
LOAD ./Generated_Code/SDCS.o
LOAD ./Generated_Code/SPI_ADC.o
LOAD ./Generated_Code/SPI_SD.o
LOAD ./Generated_Code/TU1.o
LOAD ./Generated_Code/TimerMillis.o
LOAD ./Generated_Code/Tx1.o
LOAD ./Generated_Code/UART.o
LOAD ./Generated_Code/USB1.o
LOAD ./Generated_Code/pin_mux.o
LOAD ./Generated_Code/usb_cdc.o
LOAD ./Generated_Code/usb_cdc_pstn.o
LOAD ./Generated_Code/usb_class.o
LOAD ./Generated_Code/usb_dci_kinetis.o
LOAD ./Generated_Code/usb_descriptor.o
LOAD ./Generated_Code/usb_driver.o
LOAD ./Generated_Code/usb_framework.o
LOAD ./Generated_Code/wdt_kinetis.o
LOAD c:/freescale/kds_3.0.0/toolchain/bin/../lib/gcc/arm-none-eabi/4.8.4/../../../../arm-none-eabi/lib/armv7e-m/fpu\libstdc++_s.a
LOAD c:/freescale/kds_3.0.0/toolchain/bin/../lib/gcc/arm-none-eabi/4.8.4/../../../../arm-none-eabi/lib/armv7e-m/fpu\libm.a
START GROUP
LOAD c:/freescale/kds_3.0.0/toolchain/bin/../lib/gcc/arm-none-eabi/4.8.4/armv7e-m/fpu\libgcc.a
LOAD c:/freescale/kds_3.0.0/toolchain/bin/../lib/gcc/arm-none-eabi/4.8.4/../../../../arm-none-eabi/lib/armv7e-m/fpu\libg_s.a
LOAD c:/freescale/kds_3.0.0/toolchain/bin/../lib/gcc/arm-none-eabi/4.8.4/../../../../arm-none-eabi/lib/armv7e-m/fpu\libc_s.a
END GROUP
START GROUP
LOAD c:/freescale/kds_3.0.0/toolchain/bin/../lib/gcc/arm-none-eabi/4.8.4/armv7e-m/fpu\libgcc.a
LOAD c:/freescale/kds_3.0.0/toolchain/bin/../lib/gcc/arm-none-eabi/4.8.4/../../../../arm-none-eabi/lib/armv7e-m/fpu\libc_s.a
LOAD c:/freescale/kds_3.0.0/toolchain/bin/../lib/gcc/arm-none-eabi/4.8.4/../../../../arm-none-eabi/lib/armv7e-m/fpu\libnosys.a
END GROUP
START GROUP
LOAD c:/freescale/kds_3.0.0/toolchain/bin/../lib/gcc/arm-none-eabi/4.8.4/armv7e-m/fpu\libgcc.a
LOAD c:/freescale/kds_3.0.0/toolchain/bin/../lib/gcc/arm-none-eabi/4.8.4/../../../../arm-none-eabi/lib/armv7e-m/fpu\libc_s.a
LOAD c:/freescale/kds_3.0.0/toolchain/bin/../lib/gcc/arm-none-eabi/4.8.4/../../../../arm-none-eabi/lib/armv7e-m/fpu\libnosys.a
END GROUP
LOAD c:/freescale/kds_3.0.0/toolchain/bin/../lib/gcc/arm-none-eabi/4.8.4/armv7e-m/fpu/crtend.o
LOAD c:/freescale/kds_3.0.0/toolchain/bin/../lib/gcc/arm-none-eabi/4.8.4/armv7e-m/fpu/crtn.o
                0x20004000                _estack = 0x20004000
                0x20004000                __SP_INIT = _estack
                0x20004000                __stack = _estack
                0x00000000                __heap_size = 0x0
                0x00000400                __stack_size = 0x400

.interrupts     0x0000a000      0x198
                0x0000a000                __vector_table = .
                0x0000a000                . = ALIGN (0x4)
 *(.vectortable)
 .vectortable   0x0000a000      0x198 ./Static_Code/System/Vectors.o
                0x0000a000                __vect_table
                0x0000a198                . = ALIGN (0x4)

.cfmprotect     0x0000a400       0x10
                0x0000a400                . = ALIGN (0x4)
 *(.cfmconfig)
 .cfmconfig     0x0000a400       0x10 ./Static_Code/System/CPU_Init.o
                0x0000a400                _cfm
                0x0000a410                . = ALIGN (0x4)

.text           0x0000a410     0xaa94
                0x0000a410                . = ALIGN (0x4)
 *(.text)
 .text          0x0000a410       0x54 c:/freescale/kds_3.0.0/toolchain/bin/../lib/gcc/arm-none-eabi/4.8.4/armv7e-m/fpu/crtbegin.o
 .text          0x0000a464       0x74 c:/freescale/kds_3.0.0/toolchain/bin/../lib/gcc/arm-none-eabi/4.8.4/../../../../arm-none-eabi/lib/armv7e-m/fpu/crt0.o
                0x0000a464                _start
                0x0000a464                _mainCRTStartup
 .text          0x0000a4d8      0xa1c c:/freescale/kds_3.0.0/toolchain/bin/../lib/gcc/arm-none-eabi/4.8.4/armv7e-m/fpu\libgcc.a(unwind-arm.o)
                0x0000a7bc                _Unwind_GetCFA
                0x0000a7c0                __gnu_Unwind_RaiseException
                0x0000a820                __gnu_Unwind_ForcedUnwind
                0x0000a834                __gnu_Unwind_Resume
                0x0000a878                __gnu_Unwind_Resume_or_Rethrow
                0x0000a888                _Unwind_Complete
                0x0000a88c                _Unwind_DeleteException
                0x0000a89c                _Unwind_VRS_Get
                0x0000a8ec                _Unwind_VRS_Set
                0x0000a93c                __gnu_Unwind_Backtrace
                0x0000ac90                __aeabi_unwind_cpp_pr0
                0x0000ac98                __aeabi_unwind_cpp_pr1
                0x0000aca0                __aeabi_unwind_cpp_pr2
                0x0000aca8                _Unwind_VRS_Pop
 .text          0x0000aef4      0x1ac c:/freescale/kds_3.0.0/toolchain/bin/../lib/gcc/arm-none-eabi/4.8.4/armv7e-m/fpu\libgcc.a(libunwind.o)
                0x0000aef4                __restore_core_regs
                0x0000aef4                restore_core_regs
                0x0000af0c                __gnu_Unwind_Restore_VFP
                0x0000af14                __gnu_Unwind_Save_VFP
                0x0000af1c                __gnu_Unwind_Restore_VFP_D
                0x0000af24                __gnu_Unwind_Save_VFP_D
                0x0000af2c                __gnu_Unwind_Restore_VFP_D_16_to_31
                0x0000af34                __gnu_Unwind_Save_VFP_D_16_to_31
                0x0000af3c                __gnu_Unwind_Restore_WMMXD
                0x0000af80                __gnu_Unwind_Save_WMMXD
                0x0000afc4                __gnu_Unwind_Restore_WMMXC
                0x0000afd8                __gnu_Unwind_Save_WMMXC
                0x0000afec                ___Unwind_RaiseException
                0x0000afec                _Unwind_RaiseException
                0x0000b010                _Unwind_Resume
                0x0000b010                ___Unwind_Resume
                0x0000b034                _Unwind_Resume_or_Rethrow
                0x0000b034                ___Unwind_Resume_or_Rethrow
                0x0000b058                _Unwind_ForcedUnwind
                0x0000b058                ___Unwind_ForcedUnwind
                0x0000b07c                ___Unwind_Backtrace
                0x0000b07c                _Unwind_Backtrace
 .text          0x0000b0a0      0x33c c:/freescale/kds_3.0.0/toolchain/bin/../lib/gcc/arm-none-eabi/4.8.4/armv7e-m/fpu\libgcc.a(pr-support.o)
                0x0000b0f4                __gnu_unwind_execute
                0x0000b380                __gnu_unwind_frame
                0x0000b3ac                _Unwind_GetRegionStart
                0x0000b3b8                _Unwind_GetLanguageSpecificData
                0x0000b3cc                _Unwind_GetDataRelBase
                0x0000b3d4                _Unwind_GetTextRelBase
 .text          0x0000b3dc       0x14 c:/freescale/kds_3.0.0/toolchain/bin/../lib/gcc/arm-none-eabi/4.8.4/../../../../arm-none-eabi/lib/armv7e-m/fpu\libg_s.a(lib_a-strcmp.o)
                0x0000b3dc                strcmp
 *(.text*)
 .text.PE_low_level_init
                0x0000b3f0       0x40 ./Static_Code/System/CPU_Init.o
                0x0000b3f0                PE_low_level_init
 .text.CPU_GetClockGenMode
                0x0000b430       0x44 ./Static_Code/System/CPU_Init.o
                0x0000b430                CPU_GetClockGenMode
 .text.CPU_SetClockConfigGenMode
                0x0000b474      0x294 ./Static_Code/System/CPU_Init.o
                0x0000b474                CPU_SetClockConfigGenMode
 .text.__init_hardware
                0x0000b708       0xac ./Static_Code/System/CPU_Init.o
                0x0000b708                __init_hardware
 .text.CPU_SetClockConfiguration
                0x0000b7b4      0x100 ./Static_Code/System/CPU_Init.o
                0x0000b7b4                CPU_SetClockConfiguration
 .text.CPU_GetClockConfiguration
                0x0000b8b4        0xc ./Static_Code/System/CPU_Init.o
                0x0000b8b4                CPU_GetClockConfiguration
 .text.CPU_SystemReset
                0x0000b8c0       0x18 ./Static_Code/System/CPU_Init.o
                0x0000b8c0                CPU_SystemReset
 .text.Peripherals_Init
                0x0000b8d8        0x4 ./Static_Code/System/Peripherals_Init.o
                0x0000b8d8                Peripherals_Init
 .text.UnhandledInterrupt
                0x0000b8dc       0x14 ./Static_Code/System/Vectors.o
                0x0000b8dc                UnhandledInterrupt
 .text.USB0_Init
                0x0000b8f0       0xd4 ./Static_Code/Peripherals/USB0_Init.o
                0x0000b8f0                USB0_Init
 .text._Z7matchesPcPKhh
                0x0000b9c4       0x44 ./Sources/Settings/Settings_FileRead.o
                0x0000b9c4                matches(char*, unsigned char const*, unsigned char)
 .text._Z20process_channel_gainh
                0x0000ba08       0x38 ./Sources/Settings/Settings_FileRead.o
                0x0000ba08                process_channel_gain(unsigned char)
 .text._Z20process_sample_delayv
                0x0000ba40       0x34 ./Sources/Settings/Settings_FileRead.o
                0x0000ba40                process_sample_delay()
 .text._Z19process_file_formatv
                0x0000ba74       0x4c ./Sources/Settings/Settings_FileRead.o
                0x0000ba74                process_file_format()
 .text._Z9read_timeP8tm_elems
                0x0000bac0      0x118 ./Sources/Settings/Settings_FileRead.o
                0x0000bac0                read_time(tm_elems*)
 .text._Z18process_start_timev
                0x0000bbd8       0x3c ./Sources/Settings/Settings_FileRead.o
                0x0000bbd8                process_start_time()
 .text._Z16process_end_timev
                0x0000bc14       0x3c ./Sources/Settings/Settings_FileRead.o
                0x0000bc14                process_end_time()
 .text._Z16process_keyvaluev
                0x0000bc50      0x1ac ./Sources/Settings/Settings_FileRead.o
                0x0000bc50                process_keyvalue()
 .text._Z12process_charh
                0x0000bdfc      0x1ac ./Sources/Settings/Settings_FileRead.o
                0x0000bdfc                process_char(unsigned char)
 .text._Z22Settings_ProcessBufferPhh
                0x0000bfa8       0x1c ./Sources/Settings/Settings_FileRead.o
                0x0000bfa8                Settings_ProcessBuffer(unsigned char*, unsigned char)
 .text._Z13Settings_Loadv
                0x0000bfc4       0xa8 ./Sources/Settings/Settings_Persist.o
                0x0000bfc4                Settings_Load()
 .text._Z13Settings_Savev
                0x0000c06c       0xac ./Sources/Settings/Settings_Persist.o
                0x0000c06c                Settings_Save()
 .text._Z21Settings_LoadFromCardv
                0x0000c118       0xac ./Sources/Settings/Settings_Persist.o
                0x0000c118                Settings_LoadFromCard()
 .text.startup._GLOBAL__sub_I_configFile
                0x0000c1c4        0xc ./Sources/Settings/Settings_Persist.o
 .text._Z18Datafile_Write_CSVPm
                0x0000c1d0       0x60 ./Sources/SDCard/FileFormat_CSV.o
                0x0000c1d0                Datafile_Write_CSV(unsigned long*)
 .text._Z17Datafile_Open_CSVv
                0x0000c230       0xb0 ./Sources/SDCard/FileFormat_CSV.o
                0x0000c230                Datafile_Open_CSV()
 .text._Z18Datafile_Write_RawPm
                0x0000c2e0       0x8c ./Sources/SDCard/FileFormat_Raw.o
                0x0000c2e0                Datafile_Write_Raw(unsigned long*)
 .text._Z17Datafile_Open_Rawv
                0x0000c36c       0x90 ./Sources/SDCard/FileFormat_Raw.o
                0x0000c36c                Datafile_Open_Raw()
 .text._ZN7Sd2Card7readEndEv.part.3
                0x0000c3fc       0x28 ./Sources/SD/utility/Sd2Card.o
 .text._ZN7Sd2Card11waitNotBusyEt
                0x0000c424       0x2c ./Sources/SD/utility/Sd2Card.o
                0x0000c424                Sd2Card::waitNotBusy(unsigned short)
 .text._ZN7Sd2Card11cardCommandEhm
                0x0000c450       0x74 ./Sources/SD/utility/Sd2Card.o
                0x0000c450                Sd2Card::cardCommand(unsigned char, unsigned long)
 .text._ZN7Sd2Card4initEv
                0x0000c4c4      0x114 ./Sources/SD/utility/Sd2Card.o
                0x0000c4c4                Sd2Card::init()
 .text._ZN7Sd2Card14waitStartBlockEv
                0x0000c5d8       0x4c ./Sources/SD/utility/Sd2Card.o
                0x0000c5d8                Sd2Card::waitStartBlock()
 .text._ZN7Sd2Card8readDataEmttPh
                0x0000c624       0xd8 ./Sources/SD/utility/Sd2Card.o
                0x0000c624                Sd2Card::readData(unsigned long, unsigned short, unsigned short, unsigned char*)
 .text._ZN7Sd2Card9readBlockEmPh
                0x0000c6fc       0x18 ./Sources/SD/utility/Sd2Card.o
                0x0000c6fc                Sd2Card::readBlock(unsigned long, unsigned char*)
 .text._ZN7Sd2Card9writeDataEhPKh
                0x0000c714       0x54 ./Sources/SD/utility/Sd2Card.o
                0x0000c714                Sd2Card::writeData(unsigned char, unsigned char const*)
 .text._ZN7Sd2Card10writeBlockEmPKh
                0x0000c768       0x7c ./Sources/SD/utility/Sd2Card.o
                0x0000c768                Sd2Card::writeBlock(unsigned long, unsigned char const*)
 .text._ZN6SdFile4syncEv.part.23
                0x0000c7e4       0x68 ./Sources/SD/utility/SdFile.o
 .text._ZN6SdFile10addClusterEv
                0x0000c84c       0x2c ./Sources/SD/utility/SdFile.o
                0x0000c84c                SdFile::addCluster()
 .text._ZN6SdFile13addDirClusterEv
                0x0000c878       0x4c ./Sources/SD/utility/SdFile.o
                0x0000c878                SdFile::addDirCluster()
 .text._ZN6SdFile5closeEv
                0x0000c8c4       0x1c ./Sources/SD/utility/SdFile.o
                0x0000c8c4                SdFile::close()
 .text._ZN6SdFile10make83NameEPKcPh
                0x0000c8e0       0x9c ./Sources/SD/utility/SdFile.o
                0x0000c8e0                SdFile::make83Name(char const*, unsigned char*)
 .text._ZN6SdFile8openRootEP8SdVolume
                0x0000c97c       0x50 ./Sources/SD/utility/SdFile.o
                0x0000c97c                SdFile::openRoot(SdVolume*)
 .text._ZN6SdFile4readEPvt
                0x0000c9cc      0x12c ./Sources/SD/utility/SdFile.o
                0x0000c9cc                SdFile::read(void*, unsigned short)
 .text._ZN6SdFile12readDirCacheEv
                0x0000caf8       0x38 ./Sources/SD/utility/SdFile.o
                0x0000caf8                SdFile::readDirCache()
 .text._ZN6SdFile7seekSetEm
                0x0000cb30       0x64 ./Sources/SD/utility/SdFile.o
                0x0000cb30                SdFile::seekSet(unsigned long)
 .text._ZN6SdFile4syncEv
                0x0000cb94        0xc ./Sources/SD/utility/SdFile.o
                0x0000cb94                SdFile::sync()
 .text._ZN6SdFile8truncateEm
                0x0000cba0       0xc0 ./Sources/SD/utility/SdFile.o
                0x0000cba0                SdFile::truncate(unsigned long)
 .text._ZN6SdFile15openCachedEntryEhh
                0x0000cc60       0x80 ./Sources/SD/utility/SdFile.o
                0x0000cc60                SdFile::openCachedEntry(unsigned char, unsigned char)
 .text._ZN6SdFile4openEPS_PKch.part.26
                0x0000cce0      0x144 ./Sources/SD/utility/SdFile.o
 .text._ZN6SdFile4openEPS_PKch
                0x0000ce24       0x18 ./Sources/SD/utility/SdFile.o
                0x0000ce24                SdFile::open(SdFile*, char const*, unsigned char)
 .text._ZN6SdFile5writeEPKvt
                0x0000ce3c      0x1cc ./Sources/SD/utility/SdFile.o
                0x0000ce3c                SdFile::write(void const*, unsigned short)
 .text._ZN6SdFile5writeEh
                0x0000d008       0x18 ./Sources/SD/utility/SdFile.o
                0x0000d008                SdFile::write(unsigned char)
 .text._ZN8SdVolume10cacheFlushEv
                0x0000d020       0x54 ./Sources/SD/utility/SdVolume.o
                0x0000d020                SdVolume::cacheFlush()
 .text._ZN8SdVolume13cacheRawBlockEmh
                0x0000d074       0x48 ./Sources/SD/utility/SdVolume.o
                0x0000d074                SdVolume::cacheRawBlock(unsigned long, unsigned char)
 .text._ZN8SdVolume14cacheZeroBlockEm
                0x0000d0bc       0x38 ./Sources/SD/utility/SdVolume.o
                0x0000d0bc                SdVolume::cacheZeroBlock(unsigned long)
 .text._ZNK8SdVolume6fatGetEmPm
                0x0000d0f4       0x68 ./Sources/SD/utility/SdVolume.o
                0x0000d0f4                SdVolume::fatGet(unsigned long, unsigned long*) const
 .text._ZNK8SdVolume9chainSizeEmPm
                0x0000d15c       0x60 ./Sources/SD/utility/SdVolume.o
                0x0000d15c                SdVolume::chainSize(unsigned long, unsigned long*) const
 .text._ZN8SdVolume6fatPutEmm
                0x0000d1bc       0x84 ./Sources/SD/utility/SdVolume.o
                0x0000d1bc                SdVolume::fatPut(unsigned long, unsigned long)
 .text._ZN8SdVolume15allocContiguousEmPm
                0x0000d240       0xd0 ./Sources/SD/utility/SdVolume.o
                0x0000d240                SdVolume::allocContiguous(unsigned long, unsigned long*)
 .text._ZN8SdVolume9freeChainEm
                0x0000d310       0x50 ./Sources/SD/utility/SdVolume.o
                0x0000d310                SdVolume::freeChain(unsigned long)
 .text._ZN8SdVolume4initEP7Sd2Cardh
                0x0000d360       0xfc ./Sources/SD/utility/SdVolume.o
                0x0000d360                SdVolume::init(Sd2Card*, unsigned char)
 .text._ZN4File5writeEh
                0x0000d45c       0x18 ./Sources/SD/File.o
                0x0000d45c                File::write(unsigned char)
 .text._ZN4File9availableEv
                0x0000d474       0x18 ./Sources/SD/File.o
                0x0000d474                File::available()
 .text._ZN4File5writeEPKhj
                0x0000d48c       0x28 ./Sources/SD/File.o
                0x0000d48c                File::write(unsigned char const*, unsigned int)
 .text._ZN4File4readEv
                0x0000d4b4       0x2c ./Sources/SD/File.o
                0x0000d4b4                File::read()
 .text._ZN4File4peekEv
                0x0000d4e0       0x34 ./Sources/SD/File.o
                0x0000d4e0                File::peek()
 .text._ZN4File5flushEv
                0x0000d514        0xc ./Sources/SD/File.o
                0x0000d514                File::flush()
 .text._ZN4FileC2E6SdFilePKc
                0x0000d520       0x5c ./Sources/SD/File.o
                0x0000d520                File::File(SdFile, char const*)
                0x0000d520                File::File(SdFile, char const*)
 .text._ZN4FileC2Ev
                0x0000d57c       0x18 ./Sources/SD/File.o
                0x0000d57c                File::File()
                0x0000d57c                File::File()
 .text._ZN4File4readEPvt
                0x0000d594        0xc ./Sources/SD/File.o
                0x0000d594                File::read(void*, unsigned short)
 .text._ZN4File5closeEv
                0x0000d5a0       0x18 ./Sources/SD/File.o
                0x0000d5a0                File::close()
 .text._ZN4FilecvbEv
                0x0000d5b8       0x10 ./Sources/SD/File.o
                0x0000d5b8                File::operator bool()
 .text._Z19callback_pathExistsR6SdFilePcbPv
                0x0000d5c8       0x34 ./Sources/SD/SD.o
                0x0000d5c8                callback_pathExists(SdFile&, char*, bool, void*)
 .text._Z20getNextPathComponentPcPjS_
                0x0000d5fc       0x64 ./Sources/SD/SD.o
                0x0000d5fc                getNextPathComponent(char*, unsigned int*, char*)
 .text._Z8walkPathPcR6SdFilePFbS1_S_bPvES2_
                0x0000d660       0xa8 ./Sources/SD/SD.o
                0x0000d660                walkPath(char*, SdFile&, bool (*)(SdFile&, char*, bool, void*), void*)
 .text._ZN7SDClass5beginEv
                0x0000d708       0x50 ./Sources/SD/SD.o
                0x0000d708                SDClass::begin()
 .text._ZN7SDClass12getParentDirEPKcPi
                0x0000d758      0x11c ./Sources/SD/SD.o
                0x0000d758                SDClass::getParentDir(char const*, int*)
 .text._ZN7SDClass4openEPKch
                0x0000d874      0x124 ./Sources/SD/SD.o
                0x0000d874                SDClass::open(char const*, unsigned char)
 .text._ZN7SDClass6existsEPc
                0x0000d998       0x1c ./Sources/SD/SD.o
                0x0000d998                SDClass::exists(char*)
 .text.startup._GLOBAL__sub_I__Z20getNextPathComponentPcPjS_
                0x0000d9b4       0x28 ./Sources/SD/SD.o
 .text._Z27Scheduling_SetStartTimeUnixm
                0x0000d9dc        0xc ./Sources/RTC/Scheduling.o
                0x0000d9dc                Scheduling_SetStartTimeUnix(unsigned long)
 .text._Z25Scheduling_SetEndTimeUnixm
                0x0000d9e8        0xc ./Sources/RTC/Scheduling.o
                0x0000d9e8                Scheduling_SetEndTimeUnix(unsigned long)
 .text._Z27Scheduling_GetStartTimeUnixv
                0x0000d9f4        0xc ./Sources/RTC/Scheduling.o
                0x0000d9f4                Scheduling_GetStartTimeUnix()
 .text._Z25Scheduling_GetEndTimeUnixv
                0x0000da00        0xc ./Sources/RTC/Scheduling.o
                0x0000da00                Scheduling_GetEndTimeUnix()
 .text._Z17Scheduling_Enablev
                0x0000da0c        0xc ./Sources/RTC/Scheduling.o
                0x0000da0c                Scheduling_Enable()
 .text._Z18Scheduling_Disablev
                0x0000da18        0xc ./Sources/RTC/Scheduling.o
                0x0000da18                Scheduling_Disable()
 .text._Z20Scheduling_IsEnabledv
                0x0000da24        0xc ./Sources/RTC/Scheduling.o
                0x0000da24                Scheduling_IsEnabled()
 .text._Z16Scheduling_Checkv
                0x0000da30       0x58 ./Sources/RTC/Scheduling.o
                0x0000da30                Scheduling_Check()
 .text._Z17Time_TimeFromUnixP8tm_elemsm
                0x0000da88      0x168 ./Sources/RTC/Time_Utils.o
                0x0000da88                Time_TimeFromUnix(tm_elems*, unsigned long)
 .text._Z17Time_UnixFromTimeP8tm_elems
                0x0000dbf0       0xc0 ./Sources/RTC/Time_Utils.o
                0x0000dbf0                Time_UnixFromTime(tm_elems*)
 .text._Z11Time_SdTimePtS_
                0x0000dcb0       0x60 ./Sources/RTC/Time_Utils.o
                0x0000dcb0                Time_SdTime(unsigned short*, unsigned short*)
 .text.ADC_ISR  0x0000dd10        0xc ./Sources/ISRs/ISR_ADC.o
                0x0000dd10                ADC_ISR
 .text.ACCEL_ISR
                0x0000dd1c        0xc ./Sources/ISRs/ISR_Accel.o
                0x0000dd1c                ACCEL_ISR
 .text._Z24BUTTON_STARTSTOP_CPP_ISRv
                0x0000dd28       0x48 ./Sources/ISRs/ISR_Button_StartStop.o
                0x0000dd28                BUTTON_STARTSTOP_CPP_ISR()
 .text.BUTTON_STARTSTOP_ISR
                0x0000dd70        0x4 ./Sources/ISRs/ISR_Button_StartStop.o
                0x0000dd70                BUTTON_STARTSTOP_ISR
 .text.SDCD_ISR
                0x0000dd74        0xc ./Sources/ISRs/ISR_SD_CD.o
                0x0000dd74                SDCD_ISR
 .text._Z20TIMER_MILLIS_CPP_ISRv
                0x0000dd80      0x14c ./Sources/ISRs/ISR_Timer_Millis.o
                0x0000dd80                TIMER_MILLIS_CPP_ISR()
 .text.TIMER_MILLIS_ISR
                0x0000decc        0x4 ./Sources/ISRs/ISR_Timer_Millis.o
                0x0000decc                TIMER_MILLIS_ISR
 .text._Z12ADC_ReadRegshPhh
                0x0000ded0       0x9c ./Sources/HAL/HAL_ADC.o
                0x0000ded0                ADC_ReadRegs(unsigned char, unsigned char*, unsigned char)
 .text._Z12ADC_WriteReghPh
                0x0000df6c       0x5c ./Sources/HAL/HAL_ADC.o
                0x0000df6c                ADC_WriteReg(unsigned char, unsigned char*)
 .text._Z9ADC_Startv
                0x0000dfc8       0xb8 ./Sources/HAL/HAL_ADC.o
                0x0000dfc8                ADC_Start()
 .text._Z14ADC_GetResultsPm
                0x0000e080       0x34 ./Sources/HAL/HAL_ADC.o
                0x0000e080                ADC_GetResults(unsigned long*)
 .text._Z19ADC_InterruptEnablev
                0x0000e0b4        0x8 ./Sources/HAL/HAL_ADC.o
                0x0000e0b4                ADC_InterruptEnable()
 .text._Z11ADC_SetGainhh
                0x0000e0bc       0x50 ./Sources/HAL/HAL_ADC.o
                0x0000e0bc                ADC_SetGain(unsigned char, unsigned char)
 .text._Z11ADC_GetGainh
                0x0000e10c       0x10 ./Sources/HAL/HAL_ADC.o
                0x0000e10c                ADC_GetGain(unsigned char)
 .text._Z11Accel_Startv
                0x0000e11c       0x14 ./Sources/HAL/HAL_Accel.o
                0x0000e11c                Accel_Start()
 .text._Z13Accel_Measurev
                0x0000e130       0x14 ./Sources/HAL/HAL_Accel.o
                0x0000e130                Accel_Measure()
 .text._Z16Accel_GetResultsPt
                0x0000e144        0x4 ./Sources/HAL/HAL_Accel.o
                0x0000e144                Accel_GetResults(unsigned short*)
 .text._Z7DelayMst
                0x0000e148       0x18 ./Sources/HAL/HAL_Delay.o
                0x0000e148                DelayMs(unsigned short)
 .text._Z11Flash_Startv
                0x0000e160        0x4 ./Sources/HAL/HAL_Flash.o
                0x0000e160                Flash_Start()
 .text._Z13Flash_PutBytehh
                0x0000e164        0xc ./Sources/HAL/HAL_Flash.o
                0x0000e164                Flash_PutByte(unsigned char, unsigned char)
 .text._Z13Flash_GetByteh
                0x0000e170        0xc ./Sources/HAL/HAL_Flash.o
                0x0000e170                Flash_GetByte(unsigned char)
 .text._Z13Flash_PutLonghm
                0x0000e17c       0x1c ./Sources/HAL/HAL_Flash.o
                0x0000e17c                Flash_PutLong(unsigned char, unsigned long)
 .text._Z13Flash_GetLongh
                0x0000e198       0x20 ./Sources/HAL/HAL_Flash.o
                0x0000e198                Flash_GetLong(unsigned char)
 .text._Z10Flash_Loadv
                0x0000e1b8       0x10 ./Sources/HAL/HAL_Flash.o
                0x0000e1b8                Flash_Load()
 .text._Z10Flash_Savev
                0x0000e1c8       0x40 ./Sources/HAL/HAL_Flash.o
                0x0000e1c8                Flash_Save()
 .text._Z10GPIO_Startv
                0x0000e208       0x30 ./Sources/HAL/HAL_GPIO.o
                0x0000e208                GPIO_Start()
 .text._Z9SD_CS_Lowv
                0x0000e238        0xc ./Sources/HAL/HAL_GPIO.o
                0x0000e238                SD_CS_Low()
 .text._Z10SD_CS_Highv
                0x0000e244        0xc ./Sources/HAL/HAL_GPIO.o
                0x0000e244                SD_CS_High()
 .text._Z10ADC_CS_Lowv
                0x0000e250        0xc ./Sources/HAL/HAL_GPIO.o
                0x0000e250                ADC_CS_Low()
 .text._Z11ADC_CS_Highv
                0x0000e25c        0xc ./Sources/HAL/HAL_GPIO.o
                0x0000e25c                ADC_CS_High()
 .text._Z10LED_Red_Onv
                0x0000e268        0xc ./Sources/HAL/HAL_GPIO.o
                0x0000e268                LED_Red_On()
 .text._Z11LED_Red_Offv
                0x0000e274        0xc ./Sources/HAL/HAL_GPIO.o
                0x0000e274                LED_Red_Off()
 .text._Z12LED_Green_Onv
                0x0000e280        0xc ./Sources/HAL/HAL_GPIO.o
                0x0000e280                LED_Green_On()
 .text._Z13LED_Green_Offv
                0x0000e28c        0xc ./Sources/HAL/HAL_GPIO.o
                0x0000e28c                LED_Green_Off()
 .text._Z16LED_Green_Togglev
                0x0000e298        0xc ./Sources/HAL/HAL_GPIO.o
                0x0000e298                LED_Green_Toggle()
 .text._Z11LED_Blue_Onv
                0x0000e2a4        0xc ./Sources/HAL/HAL_GPIO.o
                0x0000e2a4                LED_Blue_On()
 .text._Z12LED_Blue_Offv
                0x0000e2b0        0xc ./Sources/HAL/HAL_GPIO.o
                0x0000e2b0                LED_Blue_Off()
 .text._Z16LED_All_Sequencev
                0x0000e2bc       0x54 ./Sources/HAL/HAL_GPIO.o
                0x0000e2bc                LED_All_Sequence()
 .text._Z9RTC_Startv
                0x0000e310       0x50 ./Sources/HAL/HAL_RTC.o
                0x0000e310                RTC_Start()
 .text._Z7RTC_SetP8tm_elems
                0x0000e360       0x58 ./Sources/HAL/HAL_RTC.o
                0x0000e360                RTC_Set(tm_elems*)
 .text._Z7RTC_GetP8tm_elems
                0x0000e3b8       0x78 ./Sources/HAL/HAL_RTC.o
                0x0000e3b8                RTC_Get(tm_elems*)
 .text._Z10SD_Connectv
                0x0000e430       0x24 ./Sources/HAL/HAL_SD.o
                0x0000e430                SD_Connect()
 .text._Z14SD_IsCardReadyv
                0x0000e454        0xc ./Sources/HAL/HAL_SD.o
                0x0000e454                SD_IsCardReady()
 .text._Z12SPI_SD_Startv
                0x0000e460       0x28 ./Sources/HAL/HAL_SPI_SD.o
                0x0000e460                SPI_SD_Start()
 .text._Z18SPI_SD_SetLowSpeedv
                0x0000e488       0x10 ./Sources/HAL/HAL_SPI_SD.o
                0x0000e488                SPI_SD_SetLowSpeed()
 .text._Z19SPI_SD_SetHighSpeedv
                0x0000e498       0x10 ./Sources/HAL/HAL_SPI_SD.o
                0x0000e498                SPI_SD_SetHighSpeed()
 .text._Z15SPI_SD_Transferc
                0x0000e4a8       0x3c ./Sources/HAL/HAL_SPI_SD.o
                0x0000e4a8                SPI_SD_Transfer(char)
 .text._Z16SPI_SD_BlockSendPht
                0x0000e4e4       0x20 ./Sources/HAL/HAL_SPI_SD.o
                0x0000e4e4                SPI_SD_BlockSend(unsigned char*, unsigned short)
 .text._Z16SPI_SD_BlockReadPht
                0x0000e504       0x20 ./Sources/HAL/HAL_SPI_SD.o
                0x0000e504                SPI_SD_BlockRead(unsigned char*, unsigned short)
 .text._Z18Timer_Millis_Startv
                0x0000e524        0x8 ./Sources/HAL/HAL_Timer_Millis.o
                0x0000e524                Timer_Millis_Start()
 .text._Z10UART_Startv
                0x0000e52c        0x4 ./Sources/HAL/HAL_UART.o
                0x0000e52c                UART_Start()
 .text._Z10UART_Printc
                0x0000e530       0x10 ./Sources/HAL/HAL_UART.o
                0x0000e530                UART_Print(char)
 .text._Z10UART_PrintPKc
                0x0000e540       0x24 ./Sources/HAL/HAL_UART.o
                0x0000e540                UART_Print(char const*)
 .text._Z10UART_PrintPc
                0x0000e564       0x24 ./Sources/HAL/HAL_UART.o
                0x0000e564                UART_Print(char*)
 .text._Z12UART_GetCharv
                0x0000e588       0x1c ./Sources/HAL/HAL_UART.o
                0x0000e588                UART_GetChar()
 .text._Z18UART_ClearTxBufferv
                0x0000e5a4        0x4 ./Sources/HAL/HAL_UART.o
                0x0000e5a4                UART_ClearTxBuffer()
 .text._Z10UART_Flushv
                0x0000e5a8        0xc ./Sources/HAL/HAL_UART.o
                0x0000e5a8                UART_Flush()
 .text._Z9USB_Startv
                0x0000e5b4        0x4 ./Sources/HAL/HAL_USB.o
                0x0000e5b4                USB_Start()
 .text._Z8USB_Stopv
                0x0000e5b8        0x4 ./Sources/HAL/HAL_USB.o
                0x0000e5b8                USB_Stop()
 .text._Z10USB_Updatev
                0x0000e5bc        0xc ./Sources/HAL/HAL_USB.o
                0x0000e5bc                USB_Update()
 .text._Z16USB_GetRxBufSizev
                0x0000e5c8        0xc ./Sources/HAL/HAL_USB.o
                0x0000e5c8                USB_GetRxBufSize()
 .text._Z11USB_GetBytev
                0x0000e5d4       0x14 ./Sources/HAL/HAL_USB.o
                0x0000e5d4                USB_GetByte()
 .text._Z12USB_SendByteh
                0x0000e5e8        0x4 ./Sources/HAL/HAL_USB.o
                0x0000e5e8                USB_SendByte(unsigned char)
 .text._Z21DataLogging_SetFormath
                0x0000e5ec        0xc ./Sources/Datalogging/DataLogging_Control.o
                0x0000e5ec                DataLogging_SetFormat(unsigned char)
 .text._Z21DataLogging_GetFormatv
                0x0000e5f8        0xc ./Sources/Datalogging/DataLogging_Control.o
                0x0000e5f8                DataLogging_GetFormat()
 .text._Z26DataLogging_GetSampleDelayv
                0x0000e604        0xc ./Sources/Datalogging/DataLogging_Control.o
                0x0000e604                DataLogging_GetSampleDelay()
 .text._Z26DataLogging_SetSampleDelaym
                0x0000e610       0x10 ./Sources/Datalogging/DataLogging_Control.o
                0x0000e610                DataLogging_SetSampleDelay(unsigned long)
 .text._Z30DataLogging_SetSampleDelay_RawPhh
                0x0000e620       0x2c ./Sources/Datalogging/DataLogging_Control.o
                0x0000e620                DataLogging_SetSampleDelay_Raw(unsigned char*, unsigned char)
 .text._Z17DataLogging_Startv
                0x0000e64c       0x30 ./Sources/Datalogging/DataLogging_Control.o
                0x0000e64c                DataLogging_Start()
 .text._Z16DataLogging_Stopv
                0x0000e67c        0xc ./Sources/Datalogging/DataLogging_Control.o
                0x0000e67c                DataLogging_Stop()
 .text._Z17DataLogging_WritePm
                0x0000e688       0x1c ./Sources/Datalogging/DataLogging_Control.o
                0x0000e688                DataLogging_Write(unsigned long*)
 .text._Z26DataLogging_GetNewFileNamePcS_
                0x0000e6a4       0x3c ./Sources/Datalogging/DataLogging_Control.o
                0x0000e6a4                DataLogging_GetNewFileName(char*, char*)
 .text._Z14Sensor_SetNamehPch
                0x0000e6e0       0x30 ./Sources/Datalogging/Sensor_Control.o
                0x0000e6e0                Sensor_SetName(unsigned char, char*, unsigned char)
 .text._Z18Sensor_SetName_RawPhh
                0x0000e710       0x6c ./Sources/Datalogging/Sensor_Control.o
                0x0000e710                Sensor_SetName_Raw(unsigned char*, unsigned char)
 .text._Z13Sensor_Enableh
                0x0000e77c       0x18 ./Sources/Datalogging/Sensor_Control.o
                0x0000e77c                Sensor_Enable(unsigned char)
 .text._Z14Sensor_Disableh
                0x0000e794       0x1c ./Sources/Datalogging/Sensor_Control.o
                0x0000e794                Sensor_Disable(unsigned char)
 .text._Z16Sensor_IsEnabledh
                0x0000e7b0       0x14 ./Sources/Datalogging/Sensor_Control.o
                0x0000e7b0                Sensor_IsEnabled(unsigned char)
 .text._Z8dbufsizev
                0x0000e7c4       0x20 ./Sources/Datalogging/dbuffer.o
                0x0000e7c4                dbufsize()
 .text._Z8dbufreadv
                0x0000e7e4       0x38 ./Sources/Datalogging/dbuffer.o
                0x0000e7e4                dbufread()
 .text._Z9dbufwritem
                0x0000e81c       0x50 ./Sources/Datalogging/dbuffer.o
                0x0000e81c                dbufwrite(unsigned long)
 .text._Z20Command_Process_CharhPFvvEPFvhEPFvPhmE
                0x0000e86c      0x5d8 ./Sources/Command/Command.o
                0x0000e86c                Command_Process_Char(unsigned char, void (*)(), void (*)(unsigned char), void (*)(unsigned char*, unsigned long))
 .text._Z12uartPutArrayPhm
                0x0000ee44       0x20 ./Sources/Command/UART_Command.o
                0x0000ee44                uartPutArray(unsigned char*, unsigned long)
 .text._Z12uartPutuint8h
                0x0000ee64        0x8 ./Sources/Command/UART_Command.o
                0x0000ee64                uartPutuint8(unsigned char)
 .text._Z20UART_COMMAND_CPP_ISRv
                0x0000ee6c       0x24 ./Sources/Command/UART_Command.o
                0x0000ee6c                UART_COMMAND_CPP_ISR()
 .text.UART_COMMAND_ISR
                0x0000ee90        0x4 ./Sources/Command/UART_Command.o
                0x0000ee90                UART_COMMAND_ISR
 .text._Z10usbClearTxv
                0x0000ee94        0x4 ./Sources/Command/USB_Command.o
                0x0000ee94                usbClearTx()
 .text._Z11usbPutArrayPhm
                0x0000ee98       0x20 ./Sources/Command/USB_Command.o
                0x0000ee98                usbPutArray(unsigned char*, unsigned long)
 .text._Z11usbPutuint8h
                0x0000eeb8        0x4 ./Sources/Command/USB_Command.o
                0x0000eeb8                usbPutuint8(unsigned char)
 .text._Z19USB_COMMAND_CPP_ISRv
                0x0000eebc       0x3c ./Sources/Command/USB_Command.o
                0x0000eebc                USB_COMMAND_CPP_ISR()
 .text._ZN5Print5writeEPKhj
                0x0000eef8       0x28 ./Sources/Arduino/Print.o
                0x0000eef8                Print::write(unsigned char const*, unsigned int)
 .text._ZN5Print5printEPKc
                0x0000ef20       0x20 ./Sources/Arduino/Print.o
                0x0000ef20                Print::print(char const*)
 .text._ZN5Print7printlnEv
                0x0000ef40       0x14 ./Sources/Arduino/Print.o
                0x0000ef40                Print::println()
 .text.millis   0x0000ef54        0xc ./Sources/Arduino/WMath.o
                0x0000ef54                millis
 .text._ZdlPv   0x0000ef60        0x4 ./Sources/Arduino/new.o
                0x0000ef60                operator delete(void*)
 .text.Cpu_OnNMI
                0x0000ef64        0x4 ./Sources/Events.o
                0x0000ef64                Cpu_OnNMI
 .text.TimerMillis_OnInterrupt
                0x0000ef68        0x4 ./Sources/Events.o
                0x0000ef68                TimerMillis_OnInterrupt
 .text.ButtonStartStop_OnPortEvent
                0x0000ef6c        0x4 ./Sources/Events.o
                0x0000ef6c                ButtonStartStop_OnPortEvent
 .text.UART_OnError
                0x0000ef70        0x4 ./Sources/Events.o
                0x0000ef70                UART_OnError
 .text.UART_OnRxChar
                0x0000ef74        0x4 ./Sources/Events.o
                0x0000ef74                UART_OnRxChar
 .text.UART_OnTxChar
                0x0000ef78        0x4 ./Sources/Events.o
                0x0000ef78                UART_OnTxChar
 .text.UART_OnFullRxBuf
                0x0000ef7c        0x4 ./Sources/Events.o
                0x0000ef7c                UART_OnFullRxBuf
 .text.UART_OnFreeTxBuf
                0x0000ef80        0x4 ./Sources/Events.o
                0x0000ef80                UART_OnFreeTxBuf
 .text.SPI_ADC_OnBlockSent
                0x0000ef84        0x4 ./Sources/Events.o
                0x0000ef84                SPI_ADC_OnBlockSent
 .text.SPI_ADC_OnBlockReceived
                0x0000ef88        0x4 ./Sources/Events.o
                0x0000ef88                SPI_ADC_OnBlockReceived
 .text.ADC_DR_OnPortEvent
                0x0000ef8c        0x4 ./Sources/Events.o
                0x0000ef8c                ADC_DR_OnPortEvent
 .text.ADC_Accel_OnEnd
                0x0000ef90        0x4 ./Sources/Events.o
                0x0000ef90                ADC_Accel_OnEnd
 .text.ADC_Accel_OnCalibrationEnd
                0x0000ef94        0x4 ./Sources/Events.o
                0x0000ef94                ADC_Accel_OnCalibrationEnd
 .text.SDCD_OnPortEvent
                0x0000ef98        0x4 ./Sources/Events.o
                0x0000ef98                SDCD_OnPortEvent
 .text.SPI_SD_OnBlockSent
                0x0000ef9c        0x4 ./Sources/Events.o
                0x0000ef9c                SPI_SD_OnBlockSent
 .text.SPI_SD_OnBlockReceived
                0x0000efa0        0x4 ./Sources/Events.o
                0x0000efa0                SPI_SD_OnBlockReceived
 .text.startup.main
                0x0000efa4      0x250 ./Sources/main.o
                0x0000efa4                main
 .text.startup._GLOBAL__sub_I_millis_
                0x0000f1f4        0xc ./Sources/main.o
 .text.__copy_rom_section
                0x0000f200       0x44 ./Project_Settings/Startup_Code/startup.o
                0x0000f200                __copy_rom_section
 .text.__copy_rom_sections_to_ram
                0x0000f244       0x34 ./Project_Settings/Startup_Code/startup.o
                0x0000f244                __copy_rom_sections_to_ram
 .text.__init_registers
                0x0000f278       0x14 ./Project_Settings/Startup_Code/startup.o
                0x0000f278                __init_registers
 .text.__init_user
                0x0000f28c        0x4 ./Project_Settings/Startup_Code/startup.o
                0x0000f28c                __init_user
 .text.__thumb_startup
                0x0000f290       0x34 ./Project_Settings/Startup_Code/startup.o
                0x0000f290                __thumb_startup
 .text.ADCCS_Init
                0x0000f2c4       0x58 ./Generated_Code/ADCCS.o
                0x0000f2c4                ADCCS_Init
 .text.ADCCS_ClearFieldBits
                0x0000f31c       0x14 ./Generated_Code/ADCCS.o
                0x0000f31c                ADCCS_ClearFieldBits
 .text.ADCCS_SetFieldBits
                0x0000f330       0x14 ./Generated_Code/ADCCS.o
                0x0000f330                ADCCS_SetFieldBits
 .text.ADC_Accel_HWEnDi
                0x0000f344       0x68 ./Generated_Code/ADC_Accel.o
                0x0000f344                ADC_Accel_HWEnDi
 .text.ADC_Accel_Measure
                0x0000f3ac       0x40 ./Generated_Code/ADC_Accel.o
                0x0000f3ac                ADC_Accel_Measure
 .text.ADC_Accel_GetValue16
                0x0000f3ec       0x34 ./Generated_Code/ADC_Accel.o
                0x0000f3ec                ADC_Accel_GetValue16
 .text.AdcLdd1_OnMeasurementComplete
                0x0000f420       0x80 ./Generated_Code/ADC_Accel.o
                0x0000f420                AdcLdd1_OnMeasurementComplete
 .text.ADC_Accel_SetClockConfiguration
                0x0000f4a0       0x18 ./Generated_Code/ADC_Accel.o
                0x0000f4a0                ADC_Accel_SetClockConfiguration
 .text.ADC_Accel_Init
                0x0000f4b8       0x30 ./Generated_Code/ADC_Accel.o
                0x0000f4b8                ADC_Accel_Init
 .text.ADC_DR_Init
                0x0000f4e8       0x80 ./Generated_Code/ADC_DR.o
                0x0000f4e8                ADC_DR_Init
 .text.ADC_DR_Interrupt
                0x0000f568       0x2c ./Generated_Code/ADC_DR.o
                0x0000f568                ADC_DR_Interrupt
 .text.HWEnDi   0x0000f594       0xa8 ./Generated_Code/ASerialLdd1.o
 .text.ASerialLdd1_Enable
                0x0000f63c       0x20 ./Generated_Code/ASerialLdd1.o
                0x0000f63c                ASerialLdd1_Enable
 .text.ASerialLdd1_Disable
                0x0000f65c       0x20 ./Generated_Code/ASerialLdd1.o
                0x0000f65c                ASerialLdd1_Disable
 .text.ASerialLdd1_ReceiveBlock
                0x0000f67c       0x80 ./Generated_Code/ASerialLdd1.o
                0x0000f67c                ASerialLdd1_ReceiveBlock
 .text.ASerialLdd1_SendBlock
                0x0000f6fc       0x9c ./Generated_Code/ASerialLdd1.o
                0x0000f6fc                ASerialLdd1_SendBlock
 .text.ASerialLdd1_Interrupt
                0x0000f798      0x11c ./Generated_Code/ASerialLdd1.o
                0x0000f798                ASerialLdd1_Interrupt
 .text.ASerialLdd1_SetClockConfiguration
                0x0000f8b4       0x3c ./Generated_Code/ASerialLdd1.o
                0x0000f8b4                ASerialLdd1_SetClockConfiguration
 .text.ASerialLdd1_Init
                0x0000f8f0       0xcc ./Generated_Code/ASerialLdd1.o
                0x0000f8f0                ASerialLdd1_Init
 .text.ASerialLdd1_GetError
                0x0000f9bc       0x74 ./Generated_Code/ASerialLdd1.o
                0x0000f9bc                ASerialLdd1_GetError
 .text.AdcLdd1_Init
                0x0000fa30       0xdc ./Generated_Code/AdcLdd1.o
                0x0000fa30                AdcLdd1_Init
 .text.AdcLdd1_StartSingleMeasurement
                0x0000fb0c       0x34 ./Generated_Code/AdcLdd1.o
                0x0000fb0c                AdcLdd1_StartSingleMeasurement
 .text.AdcLdd1_CancelMeasurement
                0x0000fb40       0x20 ./Generated_Code/AdcLdd1.o
                0x0000fb40                AdcLdd1_CancelMeasurement
 .text.AdcLdd1_CreateSampleGroup
                0x0000fb60       0x40 ./Generated_Code/AdcLdd1.o
                0x0000fb60                AdcLdd1_CreateSampleGroup
 .text.AdcLdd1_GetMeasuredValues
                0x0000fba0       0x34 ./Generated_Code/AdcLdd1.o
                0x0000fba0                AdcLdd1_GetMeasuredValues
 .text.AdcLdd1_GetCalibrationResultStatus
                0x0000fbd4       0x58 ./Generated_Code/AdcLdd1.o
                0x0000fbd4                AdcLdd1_GetCalibrationResultStatus
 .text.AdcLdd1_MeasurementCompleteInterrupt
                0x0000fc2c       0x2c ./Generated_Code/AdcLdd1.o
                0x0000fc2c                AdcLdd1_MeasurementCompleteInterrupt
 .text.AdcLdd1_SetClockConfiguration
                0x0000fc58       0x30 ./Generated_Code/AdcLdd1.o
                0x0000fc58                AdcLdd1_SetClockConfiguration
 .text.ButtonStartStop_Init
                0x0000fc88       0x80 ./Generated_Code/ButtonStartStop.o
                0x0000fc88                ButtonStartStop_Init
 .text.ButtonStartStop_Interrupt
                0x0000fd08       0x2c ./Generated_Code/ButtonStartStop.o
                0x0000fd08                ButtonStartStop_Interrupt
 .text.CDC1_Notify_Callback
                0x0000fd34       0x2c ./Generated_Code/CDC1.o
                0x0000fd34                CDC1_Notify_Callback
 .text.CDC1_App_Callback
                0x0000fd60       0x8c ./Generated_Code/CDC1.o
                0x0000fd60                CDC1_App_Callback
 .text.CDC1_SendDataBlock
                0x0000fdec       0x2c ./Generated_Code/CDC1.o
                0x0000fdec                CDC1_SendDataBlock
 .text.CDC1_App_Task
                0x0000fe18       0x6c ./Generated_Code/CDC1.o
                0x0000fe18                CDC1_App_Task
 .text.CDC1_GetCharsInRxBuf
                0x0000fe84       0x14 ./Generated_Code/CDC1.o
                0x0000fe84                CDC1_GetCharsInRxBuf
 .text.CDC1_SendChar
                0x0000fe98       0x38 ./Generated_Code/CDC1.o
                0x0000fe98                CDC1_SendChar
 .text.CDC1_Deinit
                0x0000fed0       0x2c ./Generated_Code/CDC1.o
                0x0000fed0                CDC1_Deinit
 .text.CDC1_Init
                0x0000fefc       0x4c ./Generated_Code/CDC1.o
                0x0000fefc                CDC1_Init
 .text.Common_Init
                0x0000ff48       0x7c ./Generated_Code/Cpu.o
                0x0000ff48                Common_Init
 .text.Components_Init
                0x0000ffc4       0x20 ./Generated_Code/Cpu.o
                0x0000ffc4                Components_Init
 .text.Cpu_ivINT_PORTC
                0x0000ffe4       0x1c ./Generated_Code/Cpu.o
                0x0000ffe4                Cpu_ivINT_PORTC
 .text.Cpu_INT_NMIInterrupt
                0x00010000       0x18 ./Generated_Code/Cpu.o
                0x00010000                Cpu_INT_NMIInterrupt
 .text.FLASH_SetFlash
                0x00010018      0x14c ./Generated_Code/FLASH.o
                0x00010018                FLASH_SetFlash
 .text.FLASH_Init
                0x00010164       0x28 ./Generated_Code/FLASH.o
                0x00010164                FLASH_Init
 .text.FLASH_SetBlockFlash
                0x0001018c        0x4 ./Generated_Code/FLASH.o
                0x0001018c                FLASH_SetBlockFlash
 .text.FLASH_GetBlockFlash
                0x00010190       0x5c ./Generated_Code/FLASH.o
                0x00010190                FLASH_GetBlockFlash
 .text.IntFlashLdd1_OnOperationComplete
                0x000101ec      0x110 ./Generated_Code/FLASH.o
                0x000101ec                IntFlashLdd1_OnOperationComplete
 .text.IntFlashLdd1_OnError
                0x000102fc       0x40 ./Generated_Code/FLASH.o
                0x000102fc                IntFlashLdd1_OnError
 .text.IntFlashLdd1_Init
                0x0001033c       0x38 ./Generated_Code/IntFlashLdd1.o
                0x0001033c                IntFlashLdd1_Init
 .text.IntFlashLdd1_Write
                0x00010374       0x40 ./Generated_Code/IntFlashLdd1.o
                0x00010374                IntFlashLdd1_Write
 .text.IntFlashLdd1_Read
                0x000103b4       0x38 ./Generated_Code/IntFlashLdd1.o
                0x000103b4                IntFlashLdd1_Read
 .text.IntFlashLdd1_Erase
                0x000103ec       0x4c ./Generated_Code/IntFlashLdd1.o
                0x000103ec                IntFlashLdd1_Erase
 .text.IntFlashLdd1_Main
                0x00010438      0x218 ./Generated_Code/IntFlashLdd1.o
                0x00010438                IntFlashLdd1_Main
 .text.IntFlashLdd1_GetError
                0x00010650       0x60 ./Generated_Code/IntFlashLdd1.o
                0x00010650                IntFlashLdd1_GetError
 .text.IntFlashLdd1_SetClockConfiguration
                0x000106b0        0x4 ./Generated_Code/IntFlashLdd1.o
                0x000106b0                IntFlashLdd1_SetClockConfiguration
 .text.LEDBlue_Init
                0x000106b4       0x58 ./Generated_Code/LEDBlue.o
                0x000106b4                LEDBlue_Init
 .text.LEDBlue_ClearFieldBits
                0x0001070c       0x14 ./Generated_Code/LEDBlue.o
                0x0001070c                LEDBlue_ClearFieldBits
 .text.LEDBlue_SetFieldBits
                0x00010720       0x14 ./Generated_Code/LEDBlue.o
                0x00010720                LEDBlue_SetFieldBits
 .text.LEDGreen_Init
                0x00010734       0x58 ./Generated_Code/LEDGreen.o
                0x00010734                LEDGreen_Init
 .text.LEDGreen_ClearFieldBits
                0x0001078c       0x14 ./Generated_Code/LEDGreen.o
                0x0001078c                LEDGreen_ClearFieldBits
 .text.LEDGreen_SetFieldBits
                0x000107a0       0x14 ./Generated_Code/LEDGreen.o
                0x000107a0                LEDGreen_SetFieldBits
 .text.LEDGreen_ToggleFieldBits
                0x000107b4       0x14 ./Generated_Code/LEDGreen.o
                0x000107b4                LEDGreen_ToggleFieldBits
 .text.LEDRed_Init
                0x000107c8       0x58 ./Generated_Code/LEDRed.o
                0x000107c8                LEDRed_Init
 .text.LEDRed_ClearFieldBits
                0x00010820       0x14 ./Generated_Code/LEDRed.o
                0x00010820                LEDRed_ClearFieldBits
 .text.LEDRed_SetFieldBits
                0x00010834       0x14 ./Generated_Code/LEDRed.o
                0x00010834                LEDRed_SetFieldBits
 .text.LDD_SetClockConfiguration
                0x00010848       0x6c ./Generated_Code/PE_LDD.o
                0x00010848                LDD_SetClockConfiguration
 .text.RTC_Init
                0x000108b4       0x68 ./Generated_Code/RTC.o
                0x000108b4                RTC_Init
 .text.RTC_GetTime
                0x0001091c       0xf4 ./Generated_Code/RTC.o
                0x0001091c                RTC_GetTime
 .text.RTC_SetTime
                0x00010a10       0xcc ./Generated_Code/RTC.o
                0x00010a10                RTC_SetTime
 .text.RTC_Interrupt
                0x00010adc       0x4c ./Generated_Code/RTC.o
                0x00010adc                RTC_Interrupt
 .text.RTC_SetClockConfiguration
                0x00010b28        0x4 ./Generated_Code/RTC.o
                0x00010b28                RTC_SetClockConfiguration
 .text.Rx1_Put  0x00010b2c       0x54 ./Generated_Code/Rx1.o
                0x00010b2c                Rx1_Put
 .text.Rx1_Get  0x00010b80       0x58 ./Generated_Code/Rx1.o
                0x00010b80                Rx1_Get
 .text.Rx1_NofElements
                0x00010bd8        0xc ./Generated_Code/Rx1.o
                0x00010bd8                Rx1_NofElements
 .text.Rx1_Init
                0x00010be4       0x1c ./Generated_Code/Rx1.o
                0x00010be4                Rx1_Init
 .text.SDCD_Init
                0x00010c00       0x84 ./Generated_Code/SDCD.o
                0x00010c00                SDCD_Init
 .text.SDCD_Interrupt
                0x00010c84       0x38 ./Generated_Code/SDCD.o
                0x00010c84                SDCD_Interrupt
 .text.SDCS_Init
                0x00010cbc       0x58 ./Generated_Code/SDCS.o
                0x00010cbc                SDCS_Init
 .text.SDCS_ClearFieldBits
                0x00010d14       0x14 ./Generated_Code/SDCS.o
                0x00010d14                SDCS_ClearFieldBits
 .text.SDCS_SetFieldBits
                0x00010d28       0x14 ./Generated_Code/SDCS.o
                0x00010d28                SDCS_SetFieldBits
 .text.HWEnDi   0x00010d3c       0x5c ./Generated_Code/SPI_ADC.o
 .text.SPI_ADC_Init
                0x00010d98       0xd0 ./Generated_Code/SPI_ADC.o
                0x00010d98                SPI_ADC_Init
 .text.SPI_ADC_ReceiveBlock
                0x00010e68       0x70 ./Generated_Code/SPI_ADC.o
                0x00010e68                SPI_ADC_ReceiveBlock
 .text.SPI_ADC_SendBlock
                0x00010ed8       0x70 ./Generated_Code/SPI_ADC.o
                0x00010ed8                SPI_ADC_SendBlock
 .text.SPI_ADC_Main
                0x00010f48       0x90 ./Generated_Code/SPI_ADC.o
                0x00010f48                SPI_ADC_Main
 .text.SPI_ADC_SetClockConfiguration
                0x00010fd8       0x20 ./Generated_Code/SPI_ADC.o
                0x00010fd8                SPI_ADC_SetClockConfiguration
 .text.SPI_SD_ReceiveBlock
                0x00010ff8       0x70 ./Generated_Code/SPI_SD.o
                0x00010ff8                SPI_SD_ReceiveBlock
 .text.SPI_SD_SendBlock
                0x00011068       0x80 ./Generated_Code/SPI_SD.o
                0x00011068                SPI_SD_SendBlock
 .text.SPI_SD_GetBlockSentStatus
                0x000110e8       0x58 ./Generated_Code/SPI_SD.o
                0x000110e8                SPI_SD_GetBlockSentStatus
 .text.SPI_SD_SelectConfiguration
                0x00011140       0x74 ./Generated_Code/SPI_SD.o
                0x00011140                SPI_SD_SelectConfiguration
 .text.SPI_SD_Interrupt
                0x000111b4       0xb8 ./Generated_Code/SPI_SD.o
                0x000111b4                SPI_SD_Interrupt
 .text.SPI_SD_SetClockConfiguration
                0x0001126c       0x74 ./Generated_Code/SPI_SD.o
                0x0001126c                SPI_SD_SetClockConfiguration
 .text.SPI_SD_Init
                0x000112e0       0xe4 ./Generated_Code/SPI_SD.o
                0x000112e0                SPI_SD_Init
 .text.HWEnDi   0x000113c4       0x6c ./Generated_Code/TU1.o
 .text.TU1_SetClockConfiguration
                0x00011430       0x2c ./Generated_Code/TU1.o
                0x00011430                TU1_SetClockConfiguration
 .text.TU1_Init
                0x0001145c       0x9c ./Generated_Code/TU1.o
                0x0001145c                TU1_Init
 .text.TU1_Interrupt
                0x000114f8       0x3c ./Generated_Code/TU1.o
                0x000114f8                TU1_Interrupt
 .text.TimerMillis_Init
                0x00011534       0x38 ./Generated_Code/TimerMillis.o
                0x00011534                TimerMillis_Init
 .text.TimerMillis_SetClockConfiguration
                0x0001156c       0x10 ./Generated_Code/TimerMillis.o
                0x0001156c                TimerMillis_SetClockConfiguration
 .text.TU1_OnCounterRestart
                0x0001157c       0x10 ./Generated_Code/TimerMillis.o
                0x0001157c                TU1_OnCounterRestart
 .text.Tx1_Put  0x0001158c       0x54 ./Generated_Code/Tx1.o
                0x0001158c                Tx1_Put
 .text.Tx1_Get  0x000115e0       0x58 ./Generated_Code/Tx1.o
                0x000115e0                Tx1_Get
 .text.Tx1_NofElements
                0x00011638        0xc ./Generated_Code/Tx1.o
                0x00011638                Tx1_NofElements
 .text.Tx1_Init
                0x00011644       0x1c ./Generated_Code/Tx1.o
                0x00011644                Tx1_Init
 .text.HWEnDi   0x00011660       0x74 ./Generated_Code/UART.o
 .text.UART_RecvChar
                0x000116d4       0xc0 ./Generated_Code/UART.o
                0x000116d4                UART_RecvChar
 .text.UART_SendChar
                0x00011794       0xc8 ./Generated_Code/UART.o
                0x00011794                UART_SendChar
 .text.UART_ClearTxBuf
                0x0001185c       0x7c ./Generated_Code/UART.o
                0x0001185c                UART_ClearTxBuf
 .text.UART_GetCharsInTxBuf
                0x000118d8        0xc ./Generated_Code/UART.o
                0x000118d8                UART_GetCharsInTxBuf
 .text.UART_Init
                0x000118e4       0x60 ./Generated_Code/UART.o
                0x000118e4                UART_Init
 .text.UART_SetClockConfiguration
                0x00011944       0x18 ./Generated_Code/UART.o
                0x00011944                UART_SetClockConfiguration
 .text.ASerialLdd1_OnBlockReceived
                0x0001195c       0x78 ./Generated_Code/UART.o
                0x0001195c                ASerialLdd1_OnBlockReceived
 .text.ASerialLdd1_OnBlockSent
                0x000119d4       0x8c ./Generated_Code/UART.o
                0x000119d4                ASerialLdd1_OnBlockSent
 .text.ASerialLdd1_OnError
                0x00011a60       0x58 ./Generated_Code/UART.o
                0x00011a60                ASerialLdd1_OnError
 .text.ASerialLdd1_OnBreak
                0x00011ab8       0x10 ./Generated_Code/UART.o
                0x00011ab8                ASerialLdd1_OnBreak
 .text.USB1_Deinit
                0x00011ac8       0x1c ./Generated_Code/USB1.o
                0x00011ac8                USB1_Deinit
 .text.USB1_Init
                0x00011ae4       0x20 ./Generated_Code/USB1.o
                0x00011ae4                USB1_Init
 .text.USB_Class_CDC_Service_Cic_Notify
                0x00011b04       0xa0 ./Generated_Code/usb_cdc.o
                0x00011b04                USB_Class_CDC_Service_Cic_Notify
 .text.USB_Class_CDC_Event
                0x00011ba4       0xe8 ./Generated_Code/usb_cdc.o
                0x00011ba4                USB_Class_CDC_Event
 .text.USB_Other_Requests
                0x00011c8c       0xd0 ./Generated_Code/usb_cdc.o
 .text.USB_Class_CDC_Service_Dic_Bulk_In
                0x00011d5c       0xbc ./Generated_Code/usb_cdc.o
                0x00011d5c                USB_Class_CDC_Service_Dic_Bulk_In
 .text.USB_Class_CDC_Service_Dic_Bulk_Out
                0x00011e18       0x3c ./Generated_Code/usb_cdc.o
                0x00011e18                USB_Class_CDC_Service_Dic_Bulk_Out
 .text.USB_Class_CDC_Init
                0x00011e54       0xa0 ./Generated_Code/usb_cdc.o
                0x00011e54                USB_Class_CDC_Init
 .text.USB_Class_CDC_DeInit
                0x00011ef4       0x24 ./Generated_Code/usb_cdc.o
                0x00011ef4                USB_Class_CDC_DeInit
 .text.USB_Class_CDC_Send_Data
                0x00011f18       0xa4 ./Generated_Code/usb_cdc.o
                0x00011f18                USB_Class_CDC_Send_Data
 .text.USB_Class_CDC_Pstn_Init
                0x00011fbc        0xc ./Generated_Code/usb_cdc_pstn.o
                0x00011fbc                USB_Class_CDC_Pstn_Init
 .text.USB_Class_CDC_PSTN_Get_Line_Coding
                0x00011fc8       0x18 ./Generated_Code/usb_cdc_pstn.o
                0x00011fc8                USB_Class_CDC_PSTN_Get_Line_Coding
 .text.USB_Class_CDC_PSTN_Set_Line_Coding
                0x00011fe0       0x24 ./Generated_Code/usb_cdc_pstn.o
                0x00011fe0                USB_Class_CDC_PSTN_Set_Line_Coding
 .text.USB_Class_CDC_PSTN_Send_Break
                0x00012004       0x10 ./Generated_Code/usb_cdc_pstn.o
                0x00012004                USB_Class_CDC_PSTN_Send_Break
 .text.USB_Class_CDC_PSTN_Get_Comm_Feature
                0x00012014       0x30 ./Generated_Code/usb_cdc_pstn.o
                0x00012014                USB_Class_CDC_PSTN_Get_Comm_Feature
 .text.USB_Class_CDC_PSTN_Set_Comm_Feature
                0x00012044       0x30 ./Generated_Code/usb_cdc_pstn.o
                0x00012044                USB_Class_CDC_PSTN_Set_Comm_Feature
 .text.USB_Class_CDC_PSTN_Send_Serial_State
                0x00012074       0x28 ./Generated_Code/usb_cdc_pstn.o
                0x00012074                USB_Class_CDC_PSTN_Send_Serial_State
 .text.USB_Class_CDC_PSTN_Set_Ctrl_Line_State
                0x0001209c       0x60 ./Generated_Code/usb_cdc_pstn.o
                0x0001209c                USB_Class_CDC_PSTN_Set_Ctrl_Line_State
 .text.USB_Error_Service
                0x000120fc       0x18 ./Generated_Code/usb_class.o
                0x000120fc                USB_Error_Service
 .text.USB_Suspend_Service
                0x00012114       0x2c ./Generated_Code/usb_class.o
                0x00012114                USB_Suspend_Service
 .text.USB_Resume_Service
                0x00012140       0x40 ./Generated_Code/usb_class.o
                0x00012140                USB_Resume_Service
 .text.USB_Sof_Service
                0x00012180        0xc ./Generated_Code/usb_class.o
                0x00012180                USB_Sof_Service
 .text.USB_Reset_Service
                0x0001218c       0x70 ./Generated_Code/usb_class.o
                0x0001218c                USB_Reset_Service
 .text.USB_Stall_Service
                0x000121fc       0x18 ./Generated_Code/usb_class.o
                0x000121fc                USB_Stall_Service
 .text.USB_Class_Init
                0x00012214       0xb0 ./Generated_Code/usb_class.o
                0x00012214                USB_Class_Init
 .text.USB_Class_DeInit
                0x000122c4       0x6c ./Generated_Code/usb_class.o
                0x000122c4                USB_Class_DeInit
 .text.USB_Class_Initiate_Resume
                0x00012330       0x68 ./Generated_Code/usb_class.o
                0x00012330                USB_Class_Initiate_Resume
 .text.USB_Class_Send_Data
                0x00012398       0x30 ./Generated_Code/usb_class.o
                0x00012398                USB_Class_Send_Data
 .text.USB_Class_Periodic_Task
                0x000123c8        0x4 ./Generated_Code/usb_class.o
                0x000123c8                USB_Class_Periodic_Task
 .text.USB_DCI_Init
                0x000123cc       0xd4 ./Generated_Code/usb_dci_kinetis.o
                0x000123cc                USB_DCI_Init
 .text.USB_DCI_DeInit
                0x000124a0       0x3c ./Generated_Code/usb_dci_kinetis.o
                0x000124a0                USB_DCI_DeInit
 .text.USB_DCI_Init_EndPoint
                0x000124dc      0x144 ./Generated_Code/usb_dci_kinetis.o
                0x000124dc                USB_DCI_Init_EndPoint
 .text._usb_device_cancel_transfer
                0x00012620       0x64 ./Generated_Code/usb_dci_kinetis.o
                0x00012620                _usb_device_cancel_transfer
 .text.USB_DCI_Deinit_EndPoint
                0x00012684       0x78 ./Generated_Code/usb_dci_kinetis.o
                0x00012684                USB_DCI_Deinit_EndPoint
 .text._usb_device_stall_endpoint
                0x000126fc       0x68 ./Generated_Code/usb_dci_kinetis.o
                0x000126fc                _usb_device_stall_endpoint
 .text._usb_device_clear_data0_endpoint
                0x00012764       0x60 ./Generated_Code/usb_dci_kinetis.o
                0x00012764                _usb_device_clear_data0_endpoint
 .text._usb_device_recv_data
                0x000127c4       0xb4 ./Generated_Code/usb_dci_kinetis.o
                0x000127c4                _usb_device_recv_data
 .text._usb_device_unstall_endpoint
                0x00012878       0x9c ./Generated_Code/usb_dci_kinetis.o
                0x00012878                _usb_device_unstall_endpoint
 .text._usb_device_send_data
                0x00012914       0xa0 ./Generated_Code/usb_dci_kinetis.o
                0x00012914                _usb_device_send_data
 .text._usb_device_set_address
                0x000129b4       0x1c ./Generated_Code/usb_dci_kinetis.o
                0x000129b4                _usb_device_set_address
 .text._usb_device_assert_resume
                0x000129d0       0x70 ./Generated_Code/usb_dci_kinetis.o
                0x000129d0                _usb_device_assert_resume
 .text.USB_ISR  0x00012a40      0x498 ./Generated_Code/usb_dci_kinetis.o
                0x00012a40                USB_ISR
 .text.USB_Desc_Get_Descriptor
                0x00012ed8       0x94 ./Generated_Code/usb_descriptor.o
                0x00012ed8                USB_Desc_Get_Descriptor
 .text.USB_Desc_Get_Interface
                0x00012f6c       0x18 ./Generated_Code/usb_descriptor.o
                0x00012f6c                USB_Desc_Get_Interface
 .text.USB_Desc_Set_Interface
                0x00012f84       0x14 ./Generated_Code/usb_descriptor.o
                0x00012f84                USB_Desc_Set_Interface
 .text.USB_Desc_Valid_Configation
                0x00012f98        0xc ./Generated_Code/usb_descriptor.o
                0x00012f98                USB_Desc_Valid_Configation
 .text.USB_Desc_Remote_Wakeup
                0x00012fa4        0x4 ./Generated_Code/usb_descriptor.o
                0x00012fa4                USB_Desc_Remote_Wakeup
 .text.USB_Desc_Get_Endpoints
                0x00012fa8        0x8 ./Generated_Code/usb_descriptor.o
                0x00012fa8                USB_Desc_Get_Endpoints
 .text.USB_Desc_Get_Line_Coding
                0x00012fb0       0x1c ./Generated_Code/usb_descriptor.o
                0x00012fb0                USB_Desc_Get_Line_Coding
 .text.USB_Desc_Set_Line_Coding
                0x00012fcc       0x34 ./Generated_Code/usb_descriptor.o
                0x00012fcc                USB_Desc_Set_Line_Coding
 .text.USB_Desc_Get_Abstract_State
                0x00013000       0x18 ./Generated_Code/usb_descriptor.o
                0x00013000                USB_Desc_Get_Abstract_State
 .text.USB_Desc_Get_Country_Setting
                0x00013018       0x18 ./Generated_Code/usb_descriptor.o
                0x00013018                USB_Desc_Get_Country_Setting
 .text.USB_Desc_Set_Abstract_State
                0x00013030       0x24 ./Generated_Code/usb_descriptor.o
                0x00013030                USB_Desc_Set_Abstract_State
 .text.USB_Desc_Set_Country_Setting
                0x00013054       0x24 ./Generated_Code/usb_descriptor.o
                0x00013054                USB_Desc_Set_Country_Setting
 .text.USB_NULL_CALLBACK
                0x00013078        0x4 ./Generated_Code/usb_driver.o
                0x00013078                USB_NULL_CALLBACK
 .text._usb_device_init
                0x0001307c       0x4c ./Generated_Code/usb_driver.o
                0x0001307c                _usb_device_init
 .text._usb_device_deinit
                0x000130c8       0x10 ./Generated_Code/usb_driver.o
                0x000130c8                _usb_device_deinit
 .text._usb_device_init_endpoint
                0x000130d8       0x58 ./Generated_Code/usb_driver.o
                0x000130d8                _usb_device_init_endpoint
 .text._usb_device_deinit_endpoint
                0x00013130       0x3c ./Generated_Code/usb_driver.o
                0x00013130                _usb_device_deinit_endpoint
 .text._usb_device_get_status
                0x0001316c       0x38 ./Generated_Code/usb_driver.o
                0x0001316c                _usb_device_get_status
 .text._usb_device_set_status
                0x000131a4       0x74 ./Generated_Code/usb_driver.o
                0x000131a4                _usb_device_set_status
 .text._usb_device_register_service
                0x00013218        0x4 ./Generated_Code/usb_driver.o
                0x00013218                _usb_device_register_service
 .text._usb_device_unregister_service
                0x0001321c       0x24 ./Generated_Code/usb_driver.o
                0x0001321c                _usb_device_unregister_service
 .text.USB_Device_Call_Service
                0x00013240       0x50 ./Generated_Code/usb_driver.o
                0x00013240                USB_Device_Call_Service
 .text.USB_Strd_Req_Sync_Frame
                0x00013290       0x30 ./Generated_Code/usb_framework.o
 .text.USB_Strd_Req_Get_Config
                0x000132c0       0x30 ./Generated_Code/usb_framework.o
 .text.USB_Strd_Req_Set_Config
                0x000132f0       0x6c ./Generated_Code/usb_framework.o
 .text.USB_Strd_Req_Set_Address
                0x0001335c       0x2c ./Generated_Code/usb_framework.o
 .text.USB_Strd_Req_Get_Descriptor
                0x00013388       0x1c ./Generated_Code/usb_framework.o
 .text.USB_Strd_Req_Get_Status
                0x000133a4       0xf0 ./Generated_Code/usb_framework.o
 .text.USB_Strd_Req_Feature
                0x00013494       0xdc ./Generated_Code/usb_framework.o
 .text.USB_Strd_Req_Set_Interface
                0x00013570       0x24 ./Generated_Code/usb_framework.o
 .text.USB_Strd_Req_Get_Interface
                0x00013594       0x28 ./Generated_Code/usb_framework.o
 .text.USB_Control_Service_Handler.constprop.2
                0x000135bc       0x58 ./Generated_Code/usb_framework.o
 .text.USB_Control_Service
                0x00013614      0x14c ./Generated_Code/usb_framework.o
                0x00013614                USB_Control_Service
 .text.USB_Framework_Init
                0x00013760       0x24 ./Generated_Code/usb_framework.o
                0x00013760                USB_Framework_Init
 .text.USB_Framework_DeInit
                0x00013784       0x28 ./Generated_Code/usb_framework.o
                0x00013784                USB_Framework_DeInit
 .text.Watchdog_Reset
                0x000137ac       0x14 ./Generated_Code/wdt_kinetis.o
                0x000137ac                Watchdog_Reset
 .text._ZNK10__cxxabiv117__class_type_info11__do_upcastEPKS0_PPv
                0x000137c0       0x34 c:/freescale/kds_3.0.0/toolchain/bin/../lib/gcc/arm-none-eabi/4.8.4/../../../../arm-none-eabi/lib/armv7e-m/fpu\libstdc++_s.a(class_type_info.o)
                0x000137c0                __cxxabiv1::__class_type_info::__do_upcast(__cxxabiv1::__class_type_info const*, void**) const
 .text._ZNK10__cxxabiv117__class_type_info20__do_find_public_srcEiPKvPKS0_S2_
                0x000137f4        0xc c:/freescale/kds_3.0.0/toolchain/bin/../lib/gcc/arm-none-eabi/4.8.4/../../../../arm-none-eabi/lib/armv7e-m/fpu\libstdc++_s.a(class_type_info.o)
                0x000137f4                __cxxabiv1::__class_type_info::__do_find_public_src(int, void const*, __cxxabiv1::__class_type_info const*, void const*) const
 .text._ZN10__cxxabiv117__class_type_infoD2Ev
                0x00013800       0x14 c:/freescale/kds_3.0.0/toolchain/bin/../lib/gcc/arm-none-eabi/4.8.4/../../../../arm-none-eabi/lib/armv7e-m/fpu\libstdc++_s.a(class_type_info.o)
                0x00013800                __cxxabiv1::__class_type_info::~__class_type_info()
                0x00013800                __cxxabiv1::__class_type_info::~__class_type_info()
 .text._ZN10__cxxabiv117__class_type_infoD0Ev
                0x00013814       0x12 c:/freescale/kds_3.0.0/toolchain/bin/../lib/gcc/arm-none-eabi/4.8.4/../../../../arm-none-eabi/lib/armv7e-m/fpu\libstdc++_s.a(class_type_info.o)
                0x00013814                __cxxabiv1::__class_type_info::~__class_type_info()
 .text._ZNK10__cxxabiv117__class_type_info11__do_upcastEPKS0_PKvRNS0_15__upcast_resultE
                0x00013826       0x1a c:/freescale/kds_3.0.0/toolchain/bin/../lib/gcc/arm-none-eabi/4.8.4/../../../../arm-none-eabi/lib/armv7e-m/fpu\libstdc++_s.a(class_type_info.o)
                0x00013826                __cxxabiv1::__class_type_info::__do_upcast(__cxxabiv1::__class_type_info const*, void const*, __cxxabiv1::__class_type_info::__upcast_result&) const
 .text._ZNK10__cxxabiv117__class_type_info10__do_catchEPKSt9type_infoPPvj
                0x00013840       0x26 c:/freescale/kds_3.0.0/toolchain/bin/../lib/gcc/arm-none-eabi/4.8.4/../../../../arm-none-eabi/lib/armv7e-m/fpu\libstdc++_s.a(class_type_info.o)
                0x00013840                __cxxabiv1::__class_type_info::__do_catch(std::type_info const*, void**, unsigned int) const
 .text._ZNK10__cxxabiv117__class_type_info12__do_dyncastEiNS0_10__sub_kindEPKS0_PKvS3_S5_RNS0_16__dyncast_resultE
                0x00013866       0x38 c:/freescale/kds_3.0.0/toolchain/bin/../lib/gcc/arm-none-eabi/4.8.4/../../../../arm-none-eabi/lib/armv7e-m/fpu\libstdc++_s.a(class_type_info.o)
                0x00013866                __cxxabiv1::__class_type_info::__do_dyncast(int, __cxxabiv1::__class_type_info::__sub_kind, __cxxabiv1::__class_type_info const*, void const*, __cxxabiv1::__class_type_info const*, void const*, __cxxabiv1::__class_type_info::__dyncast_result&) const
 *fill*         0x0001389e        0x2 
 .text._ZN10__cxxabiv120__si_class_type_infoD2Ev
                0x000138a0       0x14 c:/freescale/kds_3.0.0/toolchain/bin/../lib/gcc/arm-none-eabi/4.8.4/../../../../arm-none-eabi/lib/armv7e-m/fpu\libstdc++_s.a(si_class_type_info.o)
                0x000138a0                __cxxabiv1::__si_class_type_info::~__si_class_type_info()
                0x000138a0                __cxxabiv1::__si_class_type_info::~__si_class_type_info()
 .text._ZN10__cxxabiv120__si_class_type_infoD0Ev
                0x000138b4       0x12 c:/freescale/kds_3.0.0/toolchain/bin/../lib/gcc/arm-none-eabi/4.8.4/../../../../arm-none-eabi/lib/armv7e-m/fpu\libstdc++_s.a(si_class_type_info.o)
                0x000138b4                __cxxabiv1::__si_class_type_info::~__si_class_type_info()
 .text._ZNK10__cxxabiv120__si_class_type_info20__do_find_public_srcEiPKvPKNS_17__class_type_infoES2_
                0x000138c6       0x34 c:/freescale/kds_3.0.0/toolchain/bin/../lib/gcc/arm-none-eabi/4.8.4/../../../../arm-none-eabi/lib/armv7e-m/fpu\libstdc++_s.a(si_class_type_info.o)
                0x000138c6                __cxxabiv1::__si_class_type_info::__do_find_public_src(int, void const*, __cxxabiv1::__class_type_info const*, void const*) const
 .text._ZNK10__cxxabiv120__si_class_type_info12__do_dyncastEiNS_17__class_type_info10__sub_kindEPKS1_PKvS4_S6_RNS1_16__dyncast_resultE
                0x000138fa       0x7c c:/freescale/kds_3.0.0/toolchain/bin/../lib/gcc/arm-none-eabi/4.8.4/../../../../arm-none-eabi/lib/armv7e-m/fpu\libstdc++_s.a(si_class_type_info.o)
                0x000138fa                __cxxabiv1::__si_class_type_info::__do_dyncast(int, __cxxabiv1::__class_type_info::__sub_kind, __cxxabiv1::__class_type_info const*, void const*, __cxxabiv1::__class_type_info const*, void const*, __cxxabiv1::__class_type_info::__dyncast_result&) const
 .text._ZNK10__cxxabiv120__si_class_type_info11__do_upcastEPKNS_17__class_type_infoEPKvRNS1_15__upcast_resultE
                0x00013976       0x24 c:/freescale/kds_3.0.0/toolchain/bin/../lib/gcc/arm-none-eabi/4.8.4/../../../../arm-none-eabi/lib/armv7e-m/fpu\libstdc++_s.a(si_class_type_info.o)
                0x00013976                __cxxabiv1::__si_class_type_info::__do_upcast(__cxxabiv1::__class_type_info const*, void const*, __cxxabiv1::__class_type_info::__upcast_result&) const
 *fill*         0x0001399a        0x2 
 .text._ZNSt9type_infoD2Ev
                0x0001399c        0xc c:/freescale/kds_3.0.0/toolchain/bin/../lib/gcc/arm-none-eabi/4.8.4/../../../../arm-none-eabi/lib/armv7e-m/fpu\libstdc++_s.a(tinfo.o)
                0x0001399c                std::type_info::~type_info()
                0x0001399c                std::type_info::~type_info()
 .text._ZNKSt9type_info14__is_pointer_pEv
                0x000139a8        0x4 c:/freescale/kds_3.0.0/toolchain/bin/../lib/gcc/arm-none-eabi/4.8.4/../../../../arm-none-eabi/lib/armv7e-m/fpu\libstdc++_s.a(tinfo.o)
                0x000139a8                std::type_info::__is_pointer_p() const
 .text._ZNKSt9type_info15__is_function_pEv
                0x000139ac        0x4 c:/freescale/kds_3.0.0/toolchain/bin/../lib/gcc/arm-none-eabi/4.8.4/../../../../arm-none-eabi/lib/armv7e-m/fpu\libstdc++_s.a(tinfo.o)
                0x000139ac                std::type_info::__is_function_p() const
 .text._ZNKSt9type_info11__do_upcastEPKN10__cxxabiv117__class_type_infoEPPv
                0x000139b0        0x4 c:/freescale/kds_3.0.0/toolchain/bin/../lib/gcc/arm-none-eabi/4.8.4/../../../../arm-none-eabi/lib/armv7e-m/fpu\libstdc++_s.a(tinfo.o)
                0x000139b0                std::type_info::__do_upcast(__cxxabiv1::__class_type_info const*, void**) const
 .text._ZNSt9type_infoD0Ev
                0x000139b4       0x14 c:/freescale/kds_3.0.0/toolchain/bin/../lib/gcc/arm-none-eabi/4.8.4/../../../../arm-none-eabi/lib/armv7e-m/fpu\libstdc++_s.a(tinfo.o)
                0x000139b4                std::type_info::~type_info()
 .text._ZNKSt9type_infoeqERKS_
                0x000139c8       0x2e c:/freescale/kds_3.0.0/toolchain/bin/../lib/gcc/arm-none-eabi/4.8.4/../../../../arm-none-eabi/lib/armv7e-m/fpu\libstdc++_s.a(tinfo.o)
                0x000139c8                std::type_info::operator==(std::type_info const&) const
 .text._ZNKSt9type_info10__do_catchEPKS_PPvj
                0x000139f6        0x4 c:/freescale/kds_3.0.0/toolchain/bin/../lib/gcc/arm-none-eabi/4.8.4/../../../../arm-none-eabi/lib/armv7e-m/fpu\libstdc++_s.a(tinfo.o)
                0x000139f6                std::type_info::__do_catch(std::type_info const*, void**, unsigned int) const
 .text.abort    0x000139fa        0xe c:/freescale/kds_3.0.0/toolchain/bin/../lib/gcc/arm-none-eabi/4.8.4/../../../../arm-none-eabi/lib/armv7e-m/fpu\libg_s.a(lib_a-abort.o)
                0x000139fa                abort
 .text.exit     0x00013a08       0x28 c:/freescale/kds_3.0.0/toolchain/bin/../lib/gcc/arm-none-eabi/4.8.4/../../../../arm-none-eabi/lib/armv7e-m/fpu\libg_s.a(lib_a-exit.o)
                0x00013a08                exit
 .text.__libc_init_array
                0x00013a30       0x4c c:/freescale/kds_3.0.0/toolchain/bin/../lib/gcc/arm-none-eabi/4.8.4/../../../../arm-none-eabi/lib/armv7e-m/fpu\libg_s.a(lib_a-init.o)
                0x00013a30                __libc_init_array
 .text.malloc   0x00013a7c       0x10 c:/freescale/kds_3.0.0/toolchain/bin/../lib/gcc/arm-none-eabi/4.8.4/../../../../arm-none-eabi/lib/armv7e-m/fpu\libg_s.a(lib_a-malloc.o)
                0x00013a7c                malloc
 .text.free     0x00013a8c       0x10 c:/freescale/kds_3.0.0/toolchain/bin/../lib/gcc/arm-none-eabi/4.8.4/../../../../arm-none-eabi/lib/armv7e-m/fpu\libg_s.a(lib_a-malloc.o)
                0x00013a8c                free
 .text.memcmp   0x00013a9c       0x1e c:/freescale/kds_3.0.0/toolchain/bin/../lib/gcc/arm-none-eabi/4.8.4/../../../../arm-none-eabi/lib/armv7e-m/fpu\libg_s.a(lib_a-memcmp.o)
                0x00013a9c                memcmp
 .text.memcpy   0x00013aba       0x12 c:/freescale/kds_3.0.0/toolchain/bin/../lib/gcc/arm-none-eabi/4.8.4/../../../../arm-none-eabi/lib/armv7e-m/fpu\libg_s.a(lib_a-memcpy-stub.o)
                0x00013aba                memcpy
 .text.memset   0x00013acc       0x10 c:/freescale/kds_3.0.0/toolchain/bin/../lib/gcc/arm-none-eabi/4.8.4/../../../../arm-none-eabi/lib/armv7e-m/fpu\libg_s.a(lib_a-memset.o)
                0x00013acc                memset
 .text._free_r  0x00013adc       0x88 c:/freescale/kds_3.0.0/toolchain/bin/../lib/gcc/arm-none-eabi/4.8.4/../../../../arm-none-eabi/lib/armv7e-m/fpu\libg_s.a(lib_a-nano-freer.o)
                0x00013adc                _free_r
 .text._malloc_r
                0x00013b64       0xa8 c:/freescale/kds_3.0.0/toolchain/bin/../lib/gcc/arm-none-eabi/4.8.4/../../../../arm-none-eabi/lib/armv7e-m/fpu\libg_s.a(lib_a-nano-mallocr.o)
                0x00013b64                _malloc_r
 .text._sbrk_r  0x00013c0c       0x20 c:/freescale/kds_3.0.0/toolchain/bin/../lib/gcc/arm-none-eabi/4.8.4/../../../../arm-none-eabi/lib/armv7e-m/fpu\libg_s.a(lib_a-sbrkr.o)
                0x00013c0c                _sbrk_r
 .text._raise_r
                0x00013c2c       0x50 c:/freescale/kds_3.0.0/toolchain/bin/../lib/gcc/arm-none-eabi/4.8.4/../../../../arm-none-eabi/lib/armv7e-m/fpu\libg_s.a(lib_a-signal.o)
                0x00013c2c                _raise_r
 .text.raise    0x00013c7c       0x10 c:/freescale/kds_3.0.0/toolchain/bin/../lib/gcc/arm-none-eabi/4.8.4/../../../../arm-none-eabi/lib/armv7e-m/fpu\libg_s.a(lib_a-signal.o)
                0x00013c7c                raise
 .text._kill_r  0x00013c8c       0x24 c:/freescale/kds_3.0.0/toolchain/bin/../lib/gcc/arm-none-eabi/4.8.4/../../../../arm-none-eabi/lib/armv7e-m/fpu\libg_s.a(lib_a-signalr.o)
                0x00013c8c                _kill_r
 .text._getpid_r
                0x00013cb0        0x4 c:/freescale/kds_3.0.0/toolchain/bin/../lib/gcc/arm-none-eabi/4.8.4/../../../../arm-none-eabi/lib/armv7e-m/fpu\libg_s.a(lib_a-signalr.o)
                0x00013cb0                _getpid_r
 .text.sprintf  0x00013cb4       0x48 c:/freescale/kds_3.0.0/toolchain/bin/../lib/gcc/arm-none-eabi/4.8.4/../../../../arm-none-eabi/lib/armv7e-m/fpu\libg_s.a(lib_a-sprintf.o)
                0x00013cb4                siprintf
                0x00013cb4                sprintf
 .text.strchr   0x00013cfc       0x1a c:/freescale/kds_3.0.0/toolchain/bin/../lib/gcc/arm-none-eabi/4.8.4/../../../../arm-none-eabi/lib/armv7e-m/fpu\libg_s.a(lib_a-strchr.o)
                0x00013cfc                strchr
 .text.strlen   0x00013d16       0x10 c:/freescale/kds_3.0.0/toolchain/bin/../lib/gcc/arm-none-eabi/4.8.4/../../../../arm-none-eabi/lib/armv7e-m/fpu\libg_s.a(lib_a-strlen.o)
                0x00013d16                strlen
 .text.strncpy  0x00013d26       0x24 c:/freescale/kds_3.0.0/toolchain/bin/../lib/gcc/arm-none-eabi/4.8.4/../../../../arm-none-eabi/lib/armv7e-m/fpu\libg_s.a(lib_a-strncpy.o)
                0x00013d26                strncpy
 .text.__ssputs_r
                0x00013d4a       0xb8 c:/freescale/kds_3.0.0/toolchain/bin/../lib/gcc/arm-none-eabi/4.8.4/../../../../arm-none-eabi/lib/armv7e-m/fpu\libg_s.a(lib_a-svfprintf.o)
                0x00013d4a                __ssputs_r
 *fill*         0x00013e02        0x2 
 .text._svfprintf_r
                0x00013e04      0x1dc c:/freescale/kds_3.0.0/toolchain/bin/../lib/gcc/arm-none-eabi/4.8.4/../../../../arm-none-eabi/lib/armv7e-m/fpu\libg_s.a(lib_a-svfprintf.o)
                0x00013e04                _svfiprintf_r
                0x00013e04                _svfprintf_r
 .text._printf_common
                0x00013fe0       0xe4 c:/freescale/kds_3.0.0/toolchain/bin/../lib/gcc/arm-none-eabi/4.8.4/../../../../arm-none-eabi/lib/armv7e-m/fpu\libg_s.a(lib_a-vfprintf_i.o)
                0x00013fe0                _printf_common
 .text._printf_i
                0x000140c4      0x228 c:/freescale/kds_3.0.0/toolchain/bin/../lib/gcc/arm-none-eabi/4.8.4/../../../../arm-none-eabi/lib/armv7e-m/fpu\libg_s.a(lib_a-vfprintf_i.o)
                0x000140c4                _printf_i
 .text.memchr   0x000142ec       0x1e c:/freescale/kds_3.0.0/toolchain/bin/../lib/gcc/arm-none-eabi/4.8.4/../../../../arm-none-eabi/lib/armv7e-m/fpu\libg_s.a(lib_a-memchr-stub.o)
                0x000142ec                memchr
 .text.memmove  0x0001430a       0x36 c:/freescale/kds_3.0.0/toolchain/bin/../lib/gcc/arm-none-eabi/4.8.4/../../../../arm-none-eabi/lib/armv7e-m/fpu\libg_s.a(lib_a-memmove.o)
                0x0001430a                memmove
 .text._realloc_r
                0x00014340       0x4c c:/freescale/kds_3.0.0/toolchain/bin/../lib/gcc/arm-none-eabi/4.8.4/../../../../arm-none-eabi/lib/armv7e-m/fpu\libg_s.a(lib_a-nano-reallocr.o)
                0x00014340                _realloc_r
 .text._malloc_usable_size_r
                0x0001438c       0x12 c:/freescale/kds_3.0.0/toolchain/bin/../lib/gcc/arm-none-eabi/4.8.4/../../../../arm-none-eabi/lib/armv7e-m/fpu\libg_s.a(lib_a-nano-msizer.o)
                0x0001438c                _malloc_usable_size_r
 *fill*         0x0001439e        0x2 
 .text._getpid  0x000143a0       0x10 c:/freescale/kds_3.0.0/toolchain/bin/../lib/gcc/arm-none-eabi/4.8.4/../../../../arm-none-eabi/lib/armv7e-m/fpu\libnosys.a(getpid.o)
                0x000143a0                _getpid
 .text._kill    0x000143b0       0x10 c:/freescale/kds_3.0.0/toolchain/bin/../lib/gcc/arm-none-eabi/4.8.4/../../../../arm-none-eabi/lib/armv7e-m/fpu\libnosys.a(kill.o)
                0x000143b0                _kill
 .text._sbrk    0x000143c0       0x34 c:/freescale/kds_3.0.0/toolchain/bin/../lib/gcc/arm-none-eabi/4.8.4/../../../../arm-none-eabi/lib/armv7e-m/fpu\libnosys.a(sbrk.o)
                0x000143c0                _sbrk
 .text._exit    0x000143f4        0x4 c:/freescale/kds_3.0.0/toolchain/bin/../lib/gcc/arm-none-eabi/4.8.4/../../../../arm-none-eabi/lib/armv7e-m/fpu\libnosys.a(_exit.o)
                0x000143f4                _exit
 *(.rodata)
 .rodata        0x000143f8        0x8 ./Generated_Code/usb_dci_kinetis.o
 *(.rodata*)
 .rodata.CPU_DefaultBLPI
                0x00014400        0x8 ./Static_Code/System/CPU_Init.o
 .rodata.CPU_DefaultBLPE
                0x00014408        0x8 ./Static_Code/System/CPU_Init.o
 .rodata.CPU_DefaultFEE
                0x00014410        0x8 ./Static_Code/System/CPU_Init.o
 .rodata.CPU_DefaultFEI
                0x00014418        0x8 ./Static_Code/System/CPU_Init.o
 .rodata.ClockGenModeMatrix
                0x00014420       0x48 ./Static_Code/System/CPU_Init.o
 .rodata.CPU_ClockGenModeRegs
                0x00014468       0x18 ./Static_Code/System/CPU_Init.o
 .rodata.CPU_DefaultFBE
                0x00014480        0x8 ./Static_Code/System/CPU_Init.o
 .rodata.CPU_DefaultFBI
                0x00014488        0x8 ./Static_Code/System/CPU_Init.o
 .rodata.CPU_ClockConfigDescriptors
                0x00014490       0x38 ./Static_Code/System/CPU_Init.o
 .rodata._ZL7STR_CSV
                0x000144c8        0x4 ./Sources/Settings/Settings_FileRead.o
 .rodata._ZL18STR_ACCEL_X_ENABLE
                0x000144cc       0x10 ./Sources/Settings/Settings_FileRead.o
 .rodata._ZL18STR_CHANNEL_x_NAME
                0x000144dc       0x10 ./Sources/Settings/Settings_FileRead.o
 .rodata._ZL18STR_ACCEL_Y_ENABLE
                0x000144ec       0x10 ./Sources/Settings/Settings_FileRead.o
 .rodata._ZL7STR_RAW
                0x000144fc        0x4 ./Sources/Settings/Settings_FileRead.o
 .rodata._ZL18STR_ACCEL_Z_ENABLE
                0x00014500       0x10 ./Sources/Settings/Settings_FileRead.o
 .rodata._ZL21STR_SCHEDULING_ENABLE
                0x00014510       0x14 ./Sources/Settings/Settings_FileRead.o
 .rodata._ZL20STR_CHANNEL_x_ENABLE
                0x00014524       0x10 ./Sources/Settings/Settings_FileRead.o
 .rodata.str1.4
                0x00014534       0x40 ./Sources/Settings/Settings_FileRead.o
                                 0x44 (size before relaxing)
 .rodata._ZL14STR_START_TIME
                0x00014574        0xc ./Sources/Settings/Settings_FileRead.o
 .rodata._ZL12STR_END_TIME
                0x00014580        0xc ./Sources/Settings/Settings_FileRead.o
 .rodata._ZL18STR_CHANNEL_x_GAIN
                0x0001458c       0x10 ./Sources/Settings/Settings_FileRead.o
 .rodata._ZL15STR_DATE_FORMAT
                0x0001459c       0x14 ./Sources/Settings/Settings_FileRead.o
 .rodata._ZL15STR_FILE_FORMAT
                0x000145b0        0xc ./Sources/Settings/Settings_FileRead.o
 .rodata._ZL16STR_SAMPLE_DELAY
                0x000145bc       0x10 ./Sources/Settings/Settings_FileRead.o
 .rodata.str1.4
                0x000145cc       0x2f ./Sources/Settings/Settings_Persist.o
                                 0x30 (size before relaxing)
 *fill*         0x000145fb        0x1 
 .rodata.str1.4
                0x000145fc       0x1e ./Sources/SDCard/FileFormat_CSV.o
                                 0x20 (size before relaxing)
 *fill*         0x0001461a        0x2 
 .rodata.str1.4
                0x0001461c        0x4 ./Sources/SDCard/FileFormat_Raw.o
 .rodata._ZL14BLANK_BLOCK_10
                0x00014620        0xc ./Sources/SD/utility/Sd2Card.o
 .rodata._ZTI6SdFile
                0x0001462c        0xc ./Sources/SD/utility/SdFile.o
                0x0001462c                typeinfo for SdFile
 .rodata._ZTS6SdFile
                0x00014638        0x8 ./Sources/SD/utility/SdFile.o
                0x00014638                typeinfo name for SdFile
 .rodata._ZTV6SdFile
                0x00014640       0x10 ./Sources/SD/utility/SdFile.o
                0x00014640                vtable for SdFile
 .rodata.str1.4
                0x00014650       0x19 ./Sources/SD/utility/SdFile.o
                                 0x20 (size before relaxing)
 *fill*         0x00014669        0x3 
 .rodata._ZTI6Stream
                0x0001466c        0xc ./Sources/SD/File.o
                0x0001466c                typeinfo for Stream
 .rodata._ZTS6Stream
                0x00014678        0x8 ./Sources/SD/File.o
                0x00014678                typeinfo name for Stream
 .rodata._ZTS4File
                0x00014680        0x8 ./Sources/SD/File.o
                0x00014680                typeinfo name for File
 .rodata._ZTV4File
                0x00014688       0x20 ./Sources/SD/File.o
                0x00014688                vtable for File
 .rodata._ZTI4File
                0x000146a8        0xc ./Sources/SD/File.o
                0x000146a8                typeinfo for File
 .rodata.str1.4
                0x000146b4        0x2 ./Sources/SD/SD.o
                                  0x4 (size before relaxing)
 *fill*         0x000146b6        0x2 
 .rodata._ZL17RTC_DAYS_IN_MONTH
                0x000146b8        0xc ./Sources/RTC/Time_Utils.o
 .rodata.str1.4
                0x000146c4       0x22 ./Sources/ISRs/ISR_Timer_Millis.o
                                 0x24 (size before relaxing)
 *fill*         0x000146e6        0x2 
 .rodata.CSWTCH.14
                0x000146e8       0x20 ./Sources/HAL/HAL_ADC.o
 .rodata.str1.4
                0x00014708       0x11 ./Sources/Datalogging/DataLogging_Control.o
                                 0x14 (size before relaxing)
 *fill*         0x00014719        0x3 
 .rodata.str1.4
                0x0001471c        0x4 ./Sources/Command/USB_Command.o
 .rodata._ZTI5Print
                0x00014720        0x8 ./Sources/Arduino/Print.o
                0x00014720                typeinfo for Print
 .rodata._ZTS5Print
                0x00014728        0x8 ./Sources/Arduino/Print.o
                0x00014728                typeinfo name for Print
 .rodata.str1.4
                0x00014730       0x12 ./Sources/Arduino/Print.o
                                 0x14 (size before relaxing)
 *fill*         0x00014742        0x2 
 .rodata.str1.4
                0x00014744      0x3fc ./Sources/main.o
 .rodata.ChannelToPin
                0x00014b40        0x4 ./Generated_Code/AdcLdd1.o
 .rodata.SafeRoutine
                0x00014b44       0x30 ./Generated_Code/IntFlashLdd1.o
 .rodata.MONTH_DAYS
                0x00014b74       0x1c ./Generated_Code/RTC.o
 .rodata.LY     0x00014b90       0x10 ./Generated_Code/RTC.o
 .rodata.ULY    0x00014ba0       0x10 ./Generated_Code/RTC.o
 .rodata.TxCommandList
                0x00014bb0        0x8 ./Generated_Code/SPI_SD.o
 .rodata.ConfigurationSet0
                0x00014bb8        0x8 ./Generated_Code/SPI_SD.o
 .rodata.g_languages
                0x00014bc0       0x20 ./Generated_Code/usb_descriptor.o
                0x00014bc0                g_languages
 .rodata.g_std_desc_size
                0x00014be0       0x10 ./Generated_Code/usb_descriptor.o
                0x00014be0                g_std_desc_size
 .rodata.g_string_descriptors